<html>
<body>
<pre>
<h1>µVision Build Log</h1>
<h2>Tool Versions:</h2>
IDE-Version: µVision V5.26.2.0
Copyright (C) 2018 ARM Ltd and ARM Germany GmbH. All rights reserved.
License Information: Irina Anokhina, Home, LIC=4ZLII-TEB96-D0BN3-A224F-8NH05-P6ATD
 
Tool Versions:
Toolchain:       MDK-ARM Professional  Version: 5.26.2.0
Toolchain Path:  C:\Keil_v5\ARM\ARMCC\Bin
C Compiler:      Armcc.exe V5.06 update 6 (build 750)
Assembler:       Armasm.exe V5.06 update 6 (build 750)
Linker/Locator:  ArmLink.exe V5.06 update 6 (build 750)
Library Manager: ArmAr.exe V5.06 update 6 (build 750)
Hex Converter:   FromElf.exe V5.06 update 6 (build 750)
CPU DLL:         SARMCM3.DLL V5.26.2.0
Dialog DLL:      DCM.DLL V1.17.2.0
Target DLL:      STLink\ST-LINKIII-KEIL_SWO.dll V3.0.5.0
Dialog DLL:      TCM.DLL V1.36.1.0
 
<h2>Project:</h2>
E:\Ira\Projects\MotionLib_IMU\MDK-ARM\MFX_1709.uvprojx
Project File Date:  11/27/2019

<h2>Output:</h2>
*** Using Compiler 'V5.06 update 6 (build 750)', folder: 'C:\Keil_v5\ARM\ARMCC\Bin'
Build target 'MFX_1709'
compiling app_x-cube-mems1.c...
../Src/app_x-cube-mems1.c(188): warning:  #177-D: function "MX_IKS01A2_DataLogTerminal_Process"  was declared but never referenced
  void MX_IKS01A2_DataLogTerminal_Process(void)
../Src/app_x-cube-mems1.c: 1 warning, 0 errors
compiling Oth_dev.c...
../Inc/Oth_Dev.h(28): warning:  #1295-D: Deprecated declaration OutBufferStr - give arg types
  uint8_t OutBufferStr();
../Inc/Oth_Dev.h(29): warning:  #1295-D: Deprecated declaration IsNewData - give arg types
  uint8_t IsNewData();
../Inc/Oth_Dev.h(30): warning:  #1295-D: Deprecated declaration clearBuf - give arg types
  void clearBuf();
..\Src\Oth_dev.c(79): warning:  #177-D: variable "q0"  was declared but never referenced
  		float q0, q1, q2, q3, recipNorm;
..\Src\Oth_dev.c(79): warning:  #177-D: variable "q1"  was declared but never referenced
  		float q0, q1, q2, q3, recipNorm;
..\Src\Oth_dev.c(79): warning:  #177-D: variable "q2"  was declared but never referenced
  		float q0, q1, q2, q3, recipNorm;
..\Src\Oth_dev.c(79): warning:  #177-D: variable "q3"  was declared but never referenced
  		float q0, q1, q2, q3, recipNorm;
..\Src\Oth_dev.c(79): warning:  #177-D: variable "recipNorm"  was declared but never referenced
  		float q0, q1, q2, q3, recipNorm;
..\Src\Oth_dev.c(100): warning:  #177-D: variable "q0"  was declared but never referenced
  		float q0, q1, q2, q3, recipNorm;
..\Src\Oth_dev.c(100): warning:  #177-D: variable "q1"  was declared but never referenced
  		float q0, q1, q2, q3, recipNorm;
..\Src\Oth_dev.c(100): warning:  #177-D: variable "q2"  was declared but never referenced
  		float q0, q1, q2, q3, recipNorm;
..\Src\Oth_dev.c(100): warning:  #177-D: variable "q3"  was declared but never referenced
  		float q0, q1, q2, q3, recipNorm;
..\Src\Oth_dev.c(100): warning:  #177-D: variable "recipNorm"  was declared but never referenced
  		float q0, q1, q2, q3, recipNorm;
..\Src\Oth_dev.c(168): warning:  #1035-D: single-precision operand implicitly converted to double-precision
  	data_out2.rotation_6X[0] = data_out0.rotation_6X[0] + 30.0;
..\Src\Oth_dev.c(169): warning:  #1035-D: single-precision operand implicitly converted to double-precision
  	if(data_out2.rotation_6X[0] > 360.0)
..\Src\Oth_dev.c(170): warning:  #1035-D: single-precision operand implicitly converted to double-precision
  		data_out2.rotation_6X[0] = data_out2.rotation_6X[0] - 360.0;
..\Src\Oth_dev.c(172): warning:  #1035-D: single-precision operand implicitly converted to double-precision
  	data_out2.rotation_6X[1] = data_out0.rotation_6X[1] + 30.0;
..\Src\Oth_dev.c(173): warning:  #1035-D: single-precision operand implicitly converted to double-precision
  	if(data_out2.rotation_6X[1] > 180.0)
..\Src\Oth_dev.c(176): warning:  #1035-D: single-precision operand implicitly converted to double-precision
  	data_out2.rotation_6X[2] = data_out0.rotation_6X[2] + 30.0;
..\Src\Oth_dev.c(177): warning:  #1035-D: single-precision operand implicitly converted to double-precision
  	if(data_out2.rotation_6X[2] > 180.0)
..\Src\Oth_dev.c(189): warning:  #1-D: last line of file ends without a newline
  	
..\Src\Oth_dev.c(77): warning:  #177-D: function "Quaternion_product"  was declared but never referenced
  	void Quaternion_product(MFX_output_t* ourDev, ATT* othDev)
..\Src\Oth_dev.c: 22 warnings, 0 errors
compiling Sensor.c...
../Inc/Oth_Dev.h(28): warning:  #1295-D: Deprecated declaration OutBufferStr - give arg types
  uint8_t OutBufferStr();
../Inc/Oth_Dev.h(29): warning:  #1295-D: Deprecated declaration IsNewData - give arg types
  uint8_t IsNewData();
../Inc/Oth_Dev.h(30): warning:  #1295-D: Deprecated declaration clearBuf - give arg types
  void clearBuf();
..\Src\Sensor.c: 3 warnings, 0 errors
linking...
Program Size: Code=78776 RO-data=1860 RW-data=5048 ZI-data=38632  
FromELF: creating hex file...
"MFX_1709\MFX_1709.axf" - 0 Error(s), 26 Warning(s).

<h2>Software Packages used:</h2>

Package Vendor: ARM
                http://www.keil.com/pack/ARM.CMSIS.5.5.1.pack
                ARM.CMSIS.5.5.1
                CMSIS (Cortex Microcontroller Software Interface Standard)
   * Component: CORE Version: 5.2.0

Package Vendor: Keil
                http://www.keil.com/pack/Keil.STM32F4xx_DFP.2.13.0.pack
                Keil.STM32F4xx_DFP.2.13.0
                STMicroelectronics STM32F4 Series Device Support, Drivers and Examples

<h2>Collection of Component include folders:</h2>
  .\RTE\_MFX_1709
  C:\Keil_v5\ARM\PACK\ARM\CMSIS\5.5.1\CMSIS\Core\Include
  C:\Keil_v5\ARM\PACK\Keil\STM32F4xx_DFP\2.13.0\Drivers\CMSIS\Device\ST\STM32F4xx\Include

<h2>Collection of Component Files used:</h2>

   * Component: ARM::CMSIS:CORE:5.2.0
Build Time Elapsed:  00:00:03
</pre>
</body>
</html>
