Component: ARM Compiler 5.06 update 6 (build 750) Tool: armlink [4d35ed]

==============================================================================

Section Cross References

    startup_stm32f401xe.o(RESET) refers to startup_stm32f401xe.o(STACK) for __initial_sp
    startup_stm32f401xe.o(RESET) refers to startup_stm32f401xe.o(.text) for Reset_Handler
    startup_stm32f401xe.o(RESET) refers to stm32f4xx_it.o(i.NMI_Handler) for NMI_Handler
    startup_stm32f401xe.o(RESET) refers to stm32f4xx_it.o(i.HardFault_Handler) for HardFault_Handler
    startup_stm32f401xe.o(RESET) refers to stm32f4xx_it.o(i.MemManage_Handler) for MemManage_Handler
    startup_stm32f401xe.o(RESET) refers to stm32f4xx_it.o(i.BusFault_Handler) for BusFault_Handler
    startup_stm32f401xe.o(RESET) refers to stm32f4xx_it.o(i.UsageFault_Handler) for UsageFault_Handler
    startup_stm32f401xe.o(RESET) refers to stm32f4xx_it.o(i.SVC_Handler) for SVC_Handler
    startup_stm32f401xe.o(RESET) refers to stm32f4xx_it.o(i.DebugMon_Handler) for DebugMon_Handler
    startup_stm32f401xe.o(RESET) refers to stm32f4xx_it.o(i.PendSV_Handler) for PendSV_Handler
    startup_stm32f401xe.o(RESET) refers to stm32f4xx_it.o(i.SysTick_Handler) for SysTick_Handler
    startup_stm32f401xe.o(RESET) refers to stm32f4xx_it.o(i.TIM3_IRQHandler) for TIM3_IRQHandler
    startup_stm32f401xe.o(RESET) refers to stm32f4xx_it.o(i.USART1_IRQHandler) for USART1_IRQHandler
    startup_stm32f401xe.o(RESET) refers to stm32f4xx_it.o(i.USART6_IRQHandler) for USART6_IRQHandler
    startup_stm32f401xe.o(.text) refers to system_stm32f4xx.o(i.SystemInit) for SystemInit
    startup_stm32f401xe.o(.text) refers to entry.o(.ARM.Collect$$$$00000000) for __main
    sensor.o(i.Accelero_Sensor_Handler) refers to iks01a2_motion_sensors.o(i.IKS01A2_MOTION_SENSOR_GetAxes) for IKS01A2_MOTION_SENSOR_GetAxes
    sensor.o(i.Accelero_Sensor_Handler) refers to sensor.o(.bss) for AccValue
    sensor.o(i.FX_Data_Handler) refers to stm32f4xx_nucleo.o(i.BSP_LED_On) for BSP_LED_On
    sensor.o(i.FX_Data_Handler) refers to motionfx_manager.o(i.MotionFX_manager_run) for MotionFX_manager_run
    sensor.o(i.FX_Data_Handler) refers to stm32f4xx_nucleo.o(i.BSP_LED_Off) for BSP_LED_Off
    sensor.o(i.FX_Data_Handler) refers to sensor.o(.bss) for data_out
    sensor.o(i.Gyro_Sensor_Handler) refers to iks01a2_motion_sensors.o(i.IKS01A2_MOTION_SENSOR_GetAxes) for IKS01A2_MOTION_SENSOR_GetAxes
    sensor.o(i.Gyro_Sensor_Handler) refers to sensor.o(.bss) for GyrValue
    sensor.o(i.HAL_TIM_PeriodElapsedCallback) refers to sensor.o(i.Lib_ReadRequest) for Lib_ReadRequest
    sensor.o(i.IMU_proc) refers to sensor.o(.bss) for AccValue
    sensor.o(i.IMU_proc) refers to sensor.o(.data) for Ax
    sensor.o(i.Init_Sensors) refers to iks01a2_motion_sensors.o(i.IKS01A2_MOTION_SENSOR_Init) for IKS01A2_MOTION_SENSOR_Init
    sensor.o(i.Lib_Process) refers to stm32f4xx_nucleo.o(i.BSP_LED_On) for BSP_LED_On
    sensor.o(i.Lib_Process) refers to sensor.o(i.Accelero_Sensor_Handler) for Accelero_Sensor_Handler
    sensor.o(i.Lib_Process) refers to sensor.o(i.Gyro_Sensor_Handler) for Gyro_Sensor_Handler
    sensor.o(i.Lib_Process) refers to sensor.o(i.FX_Data_Handler) for FX_Data_Handler
    sensor.o(i.Lib_Process) refers to stm32f4xx_nucleo.o(i.BSP_LED_Off) for BSP_LED_Off
    sensor.o(i.Lib_Process) refers to oth_dev.o(i.read_buf) for read_buf
    sensor.o(i.Lib_Process) refers to sensor.o(.data) for SensorReadRequest
    sensor.o(i.Lib_Process) refers to oth_dev.o(.data) for transfer_compl
    sensor.o(i.Lib_ReadRequest) refers to sensor.o(.data) for SensorReadRequest
    sensor.o(i.Magneto_Sensor_Handler) refers to iks01a2_motion_sensors.o(i.IKS01A2_MOTION_SENSOR_GetAxes) for IKS01A2_MOTION_SENSOR_GetAxes
    sensor.o(i.Magneto_Sensor_Handler) refers to motionfx_manager.o(i.MotionFX_manager_MagCal_run) for MotionFX_manager_MagCal_run
    sensor.o(i.Magneto_Sensor_Handler) refers to motionfx_manager.o(i.MotionFX_manager_MagCal_stop) for MotionFX_manager_MagCal_stop
    sensor.o(i.Magneto_Sensor_Handler) refers to sensor.o(.bss) for MagValue
    sensor.o(i.Magneto_Sensor_Handler) refers to sensor.o(.data) for MagCalStatus
    sensor.o(i.lib_init) refers to motionfx_manager.o(i.MotionFX_manager_init) for MotionFX_manager_init
    sensor.o(i.lib_init) refers to motionfx_manager.o(i.MotionFX_manager_get_version) for MotionFX_manager_get_version
    sensor.o(i.lib_init) refers to motionfx_manager.o(i.MotionFX_manager_MagCal_start) for MotionFX_manager_MagCal_start
    sensor.o(i.lib_init) refers to stm32f4xx_hal_tim.o(i.HAL_TIM_Base_Start_IT) for HAL_TIM_Base_Start_IT
    sensor.o(i.lib_init) refers to motionfx_manager.o(i.MotionFX_manager_start_6X) for MotionFX_manager_start_6X
    sensor.o(i.lib_init) refers to sensor.o(.data) for lib_version_len
    sensor.o(i.lib_init) refers to sensor.o(.bss) for lib_version
[...]
    HardFault_Handler                        0x0800aee3   Thumb Code     4  stm32f4xx_it.o(i.HardFault_Handler)
    IKS01A2_ENV_SENSOR_GetCapabilities       0x0800b449   Thumb Code    48  iks01a2_env_sensors.o(i.IKS01A2_ENV_SENSOR_GetCapabilities)
    IKS01A2_ENV_SENSOR_Init                  0x0800b481   Thumb Code   278  iks01a2_env_sensors.o(i.IKS01A2_ENV_SENSOR_Init)
    IKS01A2_MOTION_SENSOR_GetAxes            0x0800b5a9   Thumb Code    86  iks01a2_motion_sensors.o(i.IKS01A2_MOTION_SENSOR_GetAxes)
    IKS01A2_MOTION_SENSOR_GetCapabilities    0x0800b611   Thumb Code    48  iks01a2_motion_sensors.o(i.IKS01A2_MOTION_SENSOR_GetCapabilities)
    IKS01A2_MOTION_SENSOR_Init               0x0800b649   Thumb Code   364  iks01a2_motion_sensors.o(i.IKS01A2_MOTION_SENSOR_Init)
    InBuffer                                 0x0800b7c5   Thumb Code    30  oth_dev.o(i.InBuffer)
    LPS22HB_DeInit                           0x0800b91d   Thumb Code    50  lps22hb.o(i.LPS22HB_DeInit)
    LPS22HB_GetCapabilities                  0x0800b951   Thumb Code    42  lps22hb.o(i.LPS22HB_GetCapabilities)
    LPS22HB_Init                             0x0800ba05   Thumb Code    34  lps22hb.o(i.LPS22HB_Init)
    LPS22HB_PRESS_Disable                    0x0800baa5   Thumb Code    68  lps22hb.o(i.LPS22HB_PRESS_Disable)
    LPS22HB_PRESS_Enable                     0x0800bae9   Thumb Code    46  lps22hb.o(i.LPS22HB_PRESS_Enable)
    LPS22HB_PRESS_GetOutputDataRate          0x0800bb17   Thumb Code    16  lps22hb.o(i.LPS22HB_PRESS_GetOutputDataRate)
    LPS22HB_PRESS_GetPressure                0x0800bb27   Thumb Code    42  lps22hb.o(i.LPS22HB_PRESS_GetPressure)
    LPS22HB_PRESS_SetOutputDataRate          0x0800bb51   Thumb Code    48  lps22hb.o(i.LPS22HB_PRESS_SetOutputDataRate)
    LPS22HB_ReadID                           0x0800bb81   Thumb Code    28  lps22hb.o(i.LPS22HB_ReadID)
    LPS22HB_RegisterBusIO                    0x0800bb9d   Thumb Code   112  lps22hb.o(i.LPS22HB_RegisterBusIO)
    LPS22HB_TEMP_Disable                     0x0800bcf9   Thumb Code    68  lps22hb.o(i.LPS22HB_TEMP_Disable)
    LPS22HB_TEMP_Enable                      0x0800bd3d   Thumb Code    46  lps22hb.o(i.LPS22HB_TEMP_Enable)
    LPS22HB_TEMP_GetOutputDataRate           0x0800bd6b   Thumb Code    16  lps22hb.o(i.LPS22HB_TEMP_GetOutputDataRate)
    LPS22HB_TEMP_GetTemperature              0x0800bd7b   Thumb Code    44  lps22hb.o(i.LPS22HB_TEMP_GetTemperature)
    LPS22HB_TEMP_SetOutputDataRate           0x0800bda7   Thumb Code    48  lps22hb.o(i.LPS22HB_TEMP_SetOutputDataRate)
    LPS22HB_Write_Reg                        0x0800bdd7   Thumb Code    32  lps22hb.o(i.LPS22HB_Write_Reg)
    LSM303AGR_ACC_DeInit                     0x0800befd   Thumb Code    32  lsm303agr.o(i.LSM303AGR_ACC_DeInit)
    LSM303AGR_ACC_Disable                    0x0800bf1d   Thumb Code    62  lsm303agr.o(i.LSM303AGR_ACC_Disable)
    LSM303AGR_ACC_Enable                     0x0800bf5b   Thumb Code    46  lsm303agr.o(i.LSM303AGR_ACC_Enable)
    LSM303AGR_ACC_GetAxes                    0x0800bf89   Thumb Code   134  lsm303agr.o(i.LSM303AGR_ACC_GetAxes)
    LSM303AGR_ACC_GetAxesRaw                 0x0800c015   Thumb Code   130  lsm303agr.o(i.LSM303AGR_ACC_GetAxesRaw)
    LSM303AGR_ACC_GetCapabilities            0x0800c099   Thumb Code    50  lsm303agr.o(i.LSM303AGR_ACC_GetCapabilities)
    LSM303AGR_ACC_GetFullScale               0x0800c0d5   Thumb Code    80  lsm303agr.o(i.LSM303AGR_ACC_GetFullScale)
    LSM303AGR_ACC_GetOutputDataRate          0x0800c125   Thumb Code   304  lsm303agr.o(i.LSM303AGR_ACC_GetOutputDataRate)
    LSM303AGR_ACC_GetSensitivity             0x0800c275   Thumb Code   106  lsm303agr.o(i.LSM303AGR_ACC_GetSensitivity)
    LSM303AGR_ACC_Init                       0x0800c431   Thumb Code    92  lsm303agr.o(i.LSM303AGR_ACC_Init)
    LSM303AGR_ACC_ReadID                     0x0800c48d   Thumb Code    28  lsm303agr.o(i.LSM303AGR_ACC_ReadID)
    LSM303AGR_ACC_RegisterBusIO              0x0800c4a9   Thumb Code   114  lsm303agr.o(i.LSM303AGR_ACC_RegisterBusIO)
    LSM303AGR_ACC_SetFullScale               0x0800c525   Thumb Code    56  lsm303agr.o(i.LSM303AGR_ACC_SetFullScale)
    LSM303AGR_ACC_SetOutputDataRate          0x0800c55d   Thumb Code    48  lsm303agr.o(i.LSM303AGR_ACC_SetOutputDataRate)
    LSM303AGR_ACC_Write_Reg                  0x0800c6b5   Thumb Code    32  lsm303agr.o(i.LSM303AGR_ACC_Write_Reg)
    LSM303AGR_MAG_DeInit                     0x0800c7d9   Thumb Code    28  lsm303agr.o(i.LSM303AGR_MAG_DeInit)
    LSM303AGR_MAG_Disable                    0x0800c7f5   Thumb Code    42  lsm303agr.o(i.LSM303AGR_MAG_Disable)
    LSM303AGR_MAG_Enable                     0x0800c81f   Thumb Code    44  lsm303agr.o(i.LSM303AGR_MAG_Enable)
    LSM303AGR_MAG_GetAxes                    0x0800c84b   Thumb Code   120  lsm303agr.o(i.LSM303AGR_MAG_GetAxes)
    LSM303AGR_MAG_GetAxesRaw                 0x0800c8c3   Thumb Code    46  lsm303agr.o(i.LSM303AGR_MAG_GetAxesRaw)
    LSM303AGR_MAG_GetCapabilities            0x0800c8f1   Thumb Code    52  lsm303agr.o(i.LSM303AGR_MAG_GetCapabilities)
    LSM303AGR_MAG_GetFullScale               0x0800c92d   Thumb Code    10  lsm303agr.o(i.LSM303AGR_MAG_GetFullScale)
    LSM303AGR_MAG_GetOutputDataRate          0x0800c939   Thumb Code    96  lsm303agr.o(i.LSM303AGR_MAG_GetOutputDataRate)
    LSM303AGR_MAG_GetSensitivity             0x0800c9a1   Thumb Code    14  lsm303agr.o(i.LSM303AGR_MAG_GetSensitivity)
    LSM303AGR_MAG_Init                       0x0800c9af   Thumb Code    86  lsm303agr.o(i.LSM303AGR_MAG_Init)
    LSM303AGR_MAG_ReadID                     0x0800ca05   Thumb Code    28  lsm303agr.o(i.LSM303AGR_MAG_ReadID)
    LSM303AGR_MAG_RegisterBusIO              0x0800ca21   Thumb Code   106  lsm303agr.o(i.LSM303AGR_MAG_RegisterBusIO)
    LSM303AGR_MAG_SetFullScale               0x0800ca95   Thumb Code     6  lsm303agr.o(i.LSM303AGR_MAG_SetFullScale)
    LSM303AGR_MAG_SetOutputDataRate          0x0800ca9d   Thumb Code    96  lsm303agr.o(i.LSM303AGR_MAG_SetOutputDataRate)
    LSM6DSL_ACC_Disable                      0x0800cc31   Thumb Code    62  lsm6dsl.o(i.LSM6DSL_ACC_Disable)
    LSM6DSL_ACC_Enable                       0x0800cc6f   Thumb Code    46  lsm6dsl.o(i.LSM6DSL_ACC_Enable)
    LSM6DSL_ACC_GetAxes                      0x0800cc9d   Thumb Code   136  lsm6dsl.o(i.LSM6DSL_ACC_GetAxes)
    LSM6DSL_ACC_GetAxesRaw                   0x0800cd29   Thumb Code    46  lsm6dsl.o(i.LSM6DSL_ACC_GetAxesRaw)
    LSM6DSL_ACC_GetFullScale                 0x0800cd57   Thumb Code    80  lsm6dsl.o(i.LSM6DSL_ACC_GetFullScale)
    LSM6DSL_ACC_GetOutputDataRate            0x0800cda9   Thumb Code   180  lsm6dsl.o(i.LSM6DSL_ACC_GetOutputDataRate)
    LSM6DSL_ACC_GetSensitivity               0x0800ce85   Thumb Code    96  lsm6dsl.o(i.LSM6DSL_ACC_GetSensitivity)
    LSM6DSL_ACC_SetFullScale                 0x0800cef5   Thumb Code    56  lsm6dsl.o(i.LSM6DSL_ACC_SetFullScale)
    LSM6DSL_ACC_SetOutputDataRate            0x0800cf2d   Thumb Code    48  lsm6dsl.o(i.LSM6DSL_ACC_SetOutputDataRate)
    LSM6DSL_DeInit                           0x0800d111   Thumb Code    48  lsm6dsl.o(i.LSM6DSL_DeInit)
    LSM6DSL_GYRO_Disable                     0x0800d141   Thumb Code    62  lsm6dsl.o(i.LSM6DSL_GYRO_Disable)
    LSM6DSL_GYRO_Enable                      0x0800d17f   Thumb Code    46  lsm6dsl.o(i.LSM6DSL_GYRO_Enable)
    LSM6DSL_GYRO_GetAxes                     0x0800d1ad   Thumb Code   128  lsm6dsl.o(i.LSM6DSL_GYRO_GetAxes)
    LSM6DSL_GYRO_GetAxesRaw                  0x0800d22d   Thumb Code    46  lsm6dsl.o(i.LSM6DSL_GYRO_GetAxesRaw)
    LSM6DSL_GYRO_GetFullScale                0x0800d25b   Thumb Code    92  lsm6dsl.o(i.LSM6DSL_GYRO_GetFullScale)
    LSM6DSL_GYRO_GetOutputDataRate           0x0800d2b9   Thumb Code   170  lsm6dsl.o(i.LSM6DSL_GYRO_GetOutputDataRate)
    LSM6DSL_GYRO_GetSensitivity              0x0800d389   Thumb Code   106  lsm6dsl.o(i.LSM6DSL_GYRO_GetSensitivity)
    LSM6DSL_GYRO_SetFullScale                0x0800d409   Thumb Code    68  lsm6dsl.o(i.LSM6DSL_GYRO_SetFullScale)
    LSM6DSL_GYRO_SetOutputDataRate           0x0800d44d   Thumb Code    48  lsm6dsl.o(i.LSM6DSL_GYRO_SetOutputDataRate)
    LSM6DSL_GetCapabilities                  0x0800d631   Thumb Code    54  lsm6dsl.o(i.LSM6DSL_GetCapabilities)
    LSM6DSL_Init                             0x0800d671   Thumb Code   152  lsm6dsl.o(i.LSM6DSL_Init)
    LSM6DSL_ReadID                           0x0800d709   Thumb Code    28  lsm6dsl.o(i.LSM6DSL_ReadID)
    LSM6DSL_RegisterBusIO                    0x0800d725   Thumb Code   114  lsm6dsl.o(i.LSM6DSL_RegisterBusIO)
    LSM6DSL_Write_Reg                        0x0800d7a1   Thumb Code    32  lsm6dsl.o(i.LSM6DSL_Write_Reg)
    Lib_Process                              0x0800d7c1   Thumb Code    62  sensor.o(i.Lib_Process)
    Lib_ReadRequest                          0x0800d809   Thumb Code     8  sensor.o(i.Lib_ReadRequest)
    MX_CRC_Init                              0x0800d859   Thumb Code    22  crc.o(i.MX_CRC_Init)
    MX_GPIO_Init                             0x0800d879   Thumb Code   192  gpio.o(i.MX_GPIO_Init)
    MX_I2C1_Init                             0x0800d949   Thumb Code    50  stm32f4xx_nucleo_bus.o(i.MX_I2C1_Init)
    MX_MEMS_Init                             0x0800dce9   Thumb Code     8  app_x-cube-mems1.o(i.MX_MEMS_Init)
    MX_MEMS_Process                          0x0800dcf1   Thumb Code     2  app_x-cube-mems1.o(i.MX_MEMS_Process)
    MX_TIM3_Init                             0x0800dcf5   Thumb Code   102  tim.o(i.MX_TIM3_Init)
    MX_USART1_UART_Init                      0x0800dd65   Thumb Code    46  usart.o(i.MX_USART1_UART_Init)
    MX_USART2_UART_Init                      0x0800dd9d   Thumb Code    48  stm32f4xx_nucleo.o(i.MX_USART2_UART_Init)
    MX_USART6_UART_Init                      0x0800ddd1   Thumb Code    46  usart.o(i.MX_USART6_UART_Init)
    MemManage_Handler                        0x0800de09   Thumb Code     4  stm32f4xx_it.o(i.MemManage_Handler)
    MotionFX_LoadMagCalFromNVM               0x0800de0d   Thumb Code     6  motionfx_manager.o(i.MotionFX_LoadMagCalFromNVM)
    MotionFX_SaveMagCalInNVM                 0x0800de13   Thumb Code     6  motionfx_manager.o(i.MotionFX_SaveMagCalInNVM)
    MotionFX_manager_MagCal_start            0x0800de19   Thumb Code    14  motionfx_manager.o(i.MotionFX_manager_MagCal_start)
    MotionFX_manager_get_version             0x0800de27   Thumb Code    16  motionfx_manager.o(i.MotionFX_manager_get_version)
    MotionFX_manager_init                    0x0800de39   Thumb Code   222  motionfx_manager.o(i.MotionFX_manager_init)
    MotionFX_manager_run                     0x0800df29   Thumb Code    58  motionfx_manager.o(i.MotionFX_manager_run)
    MotionFX_manager_start_6X                0x0800df6d   Thumb Code    10  motionfx_manager.o(i.MotionFX_manager_start_6X)
    NMI_Handler                              0x0800df77   Thumb Code     2  stm32f4xx_it.o(i.NMI_Handler)
    OutBufferStr                             0x0800df79   Thumb Code    30  oth_dev.o(i.OutBufferStr)
    PendSV_Handler                           0x0800dfa1   Thumb Code     2  stm32f4xx_it.o(i.PendSV_Handler)
    SVC_Handler                              0x0800e0c3   Thumb Code     2  stm32f4xx_it.o(i.SVC_Handler)
    SysTick_Handler                          0x0800e0c5   Thumb Code     8  stm32f4xx_it.o(i.SysTick_Handler)
    SystemClock_Config                       0x0800e0cd   Thumb Code   178  main.o(i.SystemClock_Config)
    SystemInit                               0x0800e189   Thumb Code    82  system_stm32f4xx.o(i.SystemInit)
    TIM3_IRQHandler                          0x0800e1ed   Thumb Code    10  stm32f4xx_it.o(i.TIM3_IRQHandler)
    TIM_Base_SetConfig                       0x0800e1fd   Thumb Code   134  stm32f4xx_hal_tim.o(i.TIM_Base_SetConfig)
    TIM_ETR_SetConfig                        0x0800e2a1   Thumb Code    22  stm32f4xx_hal_tim.o(i.TIM_ETR_SetConfig)
    USART1_IRQHandler                        0x0800e84d   Thumb Code    10  stm32f4xx_it.o(i.USART1_IRQHandler)
    USART6_IRQHandler                        0x0800e8cd   Thumb Code    48  stm32f4xx_it.o(i.USART6_IRQHandler)
    UsageFault_Handler                       0x0800e90d   Thumb Code     4  stm32f4xx_it.o(i.UsageFault_Handler)
    __0printf$8                              0x0800ea31   Thumb Code    22  printf8.o(i.__0printf$8)
    __1printf$8                              0x0800ea31   Thumb Code     0  printf8.o(i.__0printf$8)
    __2printf                                0x0800ea31   Thumb Code     0  printf8.o(i.__0printf$8)
    __0snprintf$8                            0x0800ea51   Thumb Code    44  printf8.o(i.__0snprintf$8)
    __1snprintf$8                            0x0800ea51   Thumb Code     0  printf8.o(i.__0snprintf$8)
    __2snprintf                              0x0800ea51   Thumb Code     0  printf8.o(i.__0snprintf$8)
    __ARM_fpclassify                         0x0800ea81   Thumb Code    48  fpclassify.o(i.__ARM_fpclassify)
    __ARM_fpclassifyf                        0x0800eab1   Thumb Code    38  fpclassifyf.o(i.__ARM_fpclassifyf)
    __hardfp_asin                            0x0800eb11   Thumb Code   770  asin.o(i.__hardfp_asin)
    __hardfp_atan                            0x0800ee71   Thumb Code   622  atan.o(i.__hardfp_atan)
    __hardfp_atan2                           0x0800f149   Thumb Code   432  atan2.o(i.__hardfp_atan2)
    __hardfp_cosf                            0x0800f339   Thumb Code   280  cosf.o(i.__hardfp_cosf)
    __hardfp_floor                           0x0800f489   Thumb Code   252  floor.o(i.__hardfp_floor)
    __hardfp_pow                             0x0800f5a1   Thumb Code  3072  pow.o(i.__hardfp_pow)
    __hardfp_sinf                            0x080101f1   Thumb Code   344  sinf.o(i.__hardfp_sinf)
    __hardfp_tanf                            0x08010381   Thumb Code   322  tanf.o(i.__hardfp_tanf)
    __hardfp_trunc                           0x08010501   Thumb Code   154  trunc.o(i.__hardfp_trunc)
    __kernel_poly                            0x080105b1   Thumb Code   248  poly.o(i.__kernel_poly)
    __mathlib_dbl_divzero                    0x080106a9   Thumb Code    28  dunder.o(i.__mathlib_dbl_divzero)
    __mathlib_dbl_infnan                     0x080106d9   Thumb Code    20  dunder.o(i.__mathlib_dbl_infnan)
    __mathlib_dbl_infnan2                    0x080106ed   Thumb Code    20  dunder.o(i.__mathlib_dbl_infnan2)
    __mathlib_dbl_invalid                    0x08010701   Thumb Code    24  dunder.o(i.__mathlib_dbl_invalid)
    __mathlib_dbl_overflow                   0x08010721   Thumb Code    24  dunder.o(i.__mathlib_dbl_overflow)
    __mathlib_dbl_underflow                  0x08010741   Thumb Code    24  dunder.o(i.__mathlib_dbl_underflow)
    __mathlib_flt_infnan                     0x08010761   Thumb Code     6  funder.o(i.__mathlib_flt_infnan)
    __mathlib_flt_invalid                    0x08010769   Thumb Code    10  funder.o(i.__mathlib_flt_invalid)
    __mathlib_flt_underflow                  0x08010779   Thumb Code    10  funder.o(i.__mathlib_flt_underflow)
    __mathlib_rredf2                         0x08010789   Thumb Code   316  rredf.o(i.__mathlib_rredf2)
    __scatterload_copy                       0x080108dd   Thumb Code    14  handlers.o(i.__scatterload_copy)
    __scatterload_null                       0x080108eb   Thumb Code     2  handlers.o(i.__scatterload_null)
    __scatterload_zeroinit                   0x080108ed   Thumb Code    14  handlers.o(i.__scatterload_zeroinit)
    __set_errno                              0x080108fd   Thumb Code     6  errno.o(i.__set_errno)
    asin                                     0x08010d81   Thumb Code    16  asin.o(i.asin)
    atan                                     0x08010d91   Thumb Code    16  atan.o(i.atan)
    atan2                                    0x08010da1   Thumb Code    20  atan2.o(i.atan2)
    cosf                                     0x08010db5   Thumb Code    16  cosf.o(i.cosf)
    fabs                                     0x08010dc5   Thumb Code    24  fabs.o(i.fabs)
    floor                                    0x08010ee5   Thumb Code    16  floor.o(i.floor)
    fputc                                    0x08010ef5   Thumb Code    30  stm32f4xx_nucleo.o(i.fputc)
    hts221_block_data_update_set             0x08010f1d   Thumb Code    50  hts221_reg.o(i.hts221_block_data_update_set)
    hts221_data_rate_get                     0x08010f4f   Thumb Code    80  hts221_reg.o(i.hts221_data_rate_get)
    hts221_data_rate_set                     0x08010f9f   Thumb Code    50  hts221_reg.o(i.hts221_data_rate_set)
    hts221_device_id_get                     0x08010fd1   Thumb Code    24  hts221_reg.o(i.hts221_device_id_get)
    hts221_hum_adc_point_0_get               0x08010fe9   Thumb Code    24  hts221_reg.o(i.hts221_hum_adc_point_0_get)
    hts221_hum_adc_point_1_get               0x08011001   Thumb Code    24  hts221_reg.o(i.hts221_hum_adc_point_1_get)
    hts221_hum_rh_point_0_get                0x08011019   Thumb Code    30  hts221_reg.o(i.hts221_hum_rh_point_0_get)
    hts221_hum_rh_point_1_get                0x08011037   Thumb Code    30  hts221_reg.o(i.hts221_hum_rh_point_1_get)
    hts221_humidity_raw_get                  0x08011055   Thumb Code    24  hts221_reg.o(i.hts221_humidity_raw_get)
    hts221_power_on_set                      0x0801106d   Thumb Code    50  hts221_reg.o(i.hts221_power_on_set)
    hts221_read_reg                          0x0801109f   Thumb Code    32  hts221_reg.o(i.hts221_read_reg)
    hts221_temp_adc_point_0_get              0x080110bf   Thumb Code    24  hts221_reg.o(i.hts221_temp_adc_point_0_get)
    hts221_temp_adc_point_1_get              0x080110d7   Thumb Code    24  hts221_reg.o(i.hts221_temp_adc_point_1_get)
    hts221_temp_deg_point_0_get              0x080110ef   Thumb Code    64  hts221_reg.o(i.hts221_temp_deg_point_0_get)
    hts221_temp_deg_point_1_get              0x0801112f   Thumb Code    64  hts221_reg.o(i.hts221_temp_deg_point_1_get)
    hts221_temperature_raw_get               0x0801116f   Thumb Code    24  hts221_reg.o(i.hts221_temperature_raw_get)
    hts221_write_reg                         0x08011187   Thumb Code    34  hts221_reg.o(i.hts221_write_reg)
    lib_init                                 0x080111a9   Thumb Code    34  sensor.o(i.lib_init)
    lps22hb_auto_add_inc_set                 0x080111d5   Thumb Code    50  lps22hb_reg.o(i.lps22hb_auto_add_inc_set)
    lps22hb_block_data_update_set            0x08011207   Thumb Code    50  lps22hb_reg.o(i.lps22hb_block_data_update_set)
    lps22hb_data_rate_get                    0x08011239   Thumb Code    90  lps22hb_reg.o(i.lps22hb_data_rate_get)
    lps22hb_data_rate_set                    0x08011293   Thumb Code    50  lps22hb_reg.o(i.lps22hb_data_rate_set)
    lps22hb_device_id_get                    0x080112c5   Thumb Code    24  lps22hb_reg.o(i.lps22hb_device_id_get)
    lps22hb_from_lsb_to_degc                 0x080112dd   Thumb Code    18  lps22hb_reg.o(i.lps22hb_from_lsb_to_degc)
    lps22hb_from_lsb_to_hpa                  0x080112f5   Thumb Code    18  lps22hb_reg.o(i.lps22hb_from_lsb_to_hpa)
    lps22hb_low_pass_filter_mode_set         0x0801130d   Thumb Code    50  lps22hb_reg.o(i.lps22hb_low_pass_filter_mode_set)
    lps22hb_low_power_set                    0x0801133f   Thumb Code    50  lps22hb_reg.o(i.lps22hb_low_power_set)
    lps22hb_pressure_raw_get                 0x08011371   Thumb Code    24  lps22hb_reg.o(i.lps22hb_pressure_raw_get)
    lps22hb_read_reg                         0x08011389   Thumb Code    32  lps22hb_reg.o(i.lps22hb_read_reg)
    lps22hb_temperature_raw_get              0x080113a9   Thumb Code    24  lps22hb_reg.o(i.lps22hb_temperature_raw_get)
    lps22hb_write_reg                        0x080113c1   Thumb Code    34  lps22hb_reg.o(i.lps22hb_write_reg)
    lsm303agr_acceleration_raw_get           0x080113e3   Thumb Code    24  lsm303agr_reg.o(i.lsm303agr_acceleration_raw_get)
    lsm303agr_mag_block_data_update_set      0x080113fb   Thumb Code    50  lsm303agr_reg.o(i.lsm303agr_mag_block_data_update_set)
    lsm303agr_mag_data_rate_get              0x0801142d   Thumb Code    80  lsm303agr_reg.o(i.lsm303agr_mag_data_rate_get)
    lsm303agr_mag_data_rate_set              0x0801147d   Thumb Code    50  lsm303agr_reg.o(i.lsm303agr_mag_data_rate_set)
    lsm303agr_mag_device_id_get              0x080114af   Thumb Code    24  lsm303agr_reg.o(i.lsm303agr_mag_device_id_get)
    lsm303agr_mag_i2c_interface_set          0x080114c7   Thumb Code    50  lsm303agr_reg.o(i.lsm303agr_mag_i2c_interface_set)
    lsm303agr_mag_operating_mode_set         0x080114f9   Thumb Code    50  lsm303agr_reg.o(i.lsm303agr_mag_operating_mode_set)
    lsm303agr_mag_self_test_set              0x0801152b   Thumb Code    50  lsm303agr_reg.o(i.lsm303agr_mag_self_test_set)
    lsm303agr_magnetic_raw_get               0x0801155d   Thumb Code    24  lsm303agr_reg.o(i.lsm303agr_magnetic_raw_get)
    lsm303agr_read_reg                       0x08011575   Thumb Code    32  lsm303agr_reg.o(i.lsm303agr_read_reg)
    lsm303agr_write_reg                      0x08011595   Thumb Code    34  lsm303agr_reg.o(i.lsm303agr_write_reg)
    lsm303agr_xl_block_data_update_set       0x080115b7   Thumb Code    50  lsm303agr_reg.o(i.lsm303agr_xl_block_data_update_set)
    lsm303agr_xl_data_rate_get               0x080115e9   Thumb Code   116  lsm303agr_reg.o(i.lsm303agr_xl_data_rate_get)
    lsm303agr_xl_data_rate_set               0x0801165d   Thumb Code    50  lsm303agr_reg.o(i.lsm303agr_xl_data_rate_set)
    lsm303agr_xl_device_id_get               0x0801168f   Thumb Code    24  lsm303agr_reg.o(i.lsm303agr_xl_device_id_get)
    lsm303agr_xl_fifo_mode_set               0x080116a7   Thumb Code    50  lsm303agr_reg.o(i.lsm303agr_xl_fifo_mode_set)
    lsm303agr_xl_full_scale_get              0x080116d9   Thumb Code    80  lsm303agr_reg.o(i.lsm303agr_xl_full_scale_get)
    lsm303agr_xl_full_scale_set              0x08011729   Thumb Code    50  lsm303agr_reg.o(i.lsm303agr_xl_full_scale_set)
    lsm303agr_xl_operating_mode_get          0x0801175b   Thumb Code    76  lsm303agr_reg.o(i.lsm303agr_xl_operating_mode_get)
    lsm6dsl_acceleration_raw_get             0x080117a7   Thumb Code    24  lsm6dsl_reg.o(i.lsm6dsl_acceleration_raw_get)
    lsm6dsl_angular_rate_raw_get             0x080117bf   Thumb Code    24  lsm6dsl_reg.o(i.lsm6dsl_angular_rate_raw_get)
    lsm6dsl_auto_increment_set               0x080117d7   Thumb Code    50  lsm6dsl_reg.o(i.lsm6dsl_auto_increment_set)
    lsm6dsl_block_data_update_set            0x08011809   Thumb Code    50  lsm6dsl_reg.o(i.lsm6dsl_block_data_update_set)
    lsm6dsl_device_id_get                    0x0801183b   Thumb Code    24  lsm6dsl_reg.o(i.lsm6dsl_device_id_get)
    lsm6dsl_fifo_mode_set                    0x08011853   Thumb Code    50  lsm6dsl_reg.o(i.lsm6dsl_fifo_mode_set)
    lsm6dsl_gy_data_rate_get                 0x08011885   Thumb Code   124  lsm6dsl_reg.o(i.lsm6dsl_gy_data_rate_get)
    lsm6dsl_gy_data_rate_set                 0x08011901   Thumb Code    50  lsm6dsl_reg.o(i.lsm6dsl_gy_data_rate_set)
    lsm6dsl_gy_full_scale_get                0x08011933   Thumb Code    86  lsm6dsl_reg.o(i.lsm6dsl_gy_full_scale_get)
    lsm6dsl_gy_full_scale_set                0x08011989   Thumb Code    50  lsm6dsl_reg.o(i.lsm6dsl_gy_full_scale_set)
    lsm6dsl_read_reg                         0x080119bb   Thumb Code    32  lsm6dsl_reg.o(i.lsm6dsl_read_reg)
    lsm6dsl_write_reg                        0x080119db   Thumb Code    34  lsm6dsl_reg.o(i.lsm6dsl_write_reg)
    lsm6dsl_xl_data_rate_get                 0x080119fd   Thumb Code   130  lsm6dsl_reg.o(i.lsm6dsl_xl_data_rate_get)
    lsm6dsl_xl_data_rate_set                 0x08011a7f   Thumb Code    50  lsm6dsl_reg.o(i.lsm6dsl_xl_data_rate_set)
    lsm6dsl_xl_full_scale_get                0x08011ab1   Thumb Code    80  lsm6dsl_reg.o(i.lsm6dsl_xl_full_scale_get)
    lsm6dsl_xl_full_scale_set                0x08011b01   Thumb Code    50  lsm6dsl_reg.o(i.lsm6dsl_xl_full_scale_set)
    main                                     0x08011b35   Thumb Code    72  main.o(i.main)
    read_buf                                 0x08011b85   Thumb Code    60  oth_dev.o(i.read_buf)
    sinf                                     0x08011bc5   Thumb Code    16  sinf.o(i.sinf)
    sqrt                                     0x08011bd5   Thumb Code   110  sqrt.o(i.sqrt)
    tanf                                     0x08011c43   Thumb Code    16  tanf.o(i.tanf)
    AHBPrescTable                            0x08011c68   Data          16  system_stm32f4xx.o(.constdata)
    APBPrescTable                            0x08011c78   Data           8  system_stm32f4xx.o(.constdata)
    __mathlib_zero                           0x08011df0   Data           8  qnan.o(.constdata)
    Region$$Table$$Base                      0x080120bc   Number         0  anon$$obj.o(Region$$Table)
    Region$$Table$$Limit                     0x080120dc   Number         0  anon$$obj.o(Region$$Table)
    send_count                               0x20000000   Data           1  sensor.o(.data)
    status                                   0x20000002   Data           1  sensor.o(.data)
    Ax                                       0x2000000c   Data           4  sensor.o(.data)
    Ay                                       0x20000010   Data           4  sensor.o(.data)
    Az                                       0x20000014   Data           4  sensor.o(.data)
    Gx                                       0x20000018   Data           4  sensor.o(.data)
    Gy                                       0x2000001c   Data           4  sensor.o(.data)
    Gz                                       0x20000020   Data           4  sensor.o(.data)
    lib_version_len                          0x20000028   Data           4  sensor.o(.data)
    tail                                     0x20000038   Data           1  oth_dev.o(.data)
    head                                     0x20000039   Data           1  oth_dev.o(.data)
    transfer_compl                           0x2000003a   Data           1  oth_dev.o(.data)
    hcrc                                     0x2000003c   Data           8  crc.o(.data)
    byte_cnt                                 0x20000050   Data           1  stm32f4xx_it.o(.data)
    hpb_exti                                 0x2000005c   Data          12  stm32f4xx_nucleo.o(.data)
    COM_USART                                0x20000068   Data           4  stm32f4xx_nucleo.o(.data)
    SystemCoreClock                          0x20000070   Data           4  system_stm32f4xx.o(.data)
    uwTick                                   0x20000074   Data           4  stm32f4xx_hal.o(.data)
    uwTickPrio                               0x20000078   Data           4  stm32f4xx_hal.o(.data)
    uwTickFreq                               0x2000007c   Data           1  stm32f4xx_hal.o(.data)
    HTS221_COMMON_Driver                     0x20000080   Data          16  hts221.o(.data)
    HTS221_HUM_Driver                        0x20000090   Data          20  hts221.o(.data)
    HTS221_TEMP_Driver                       0x200000a4   Data          20  hts221.o(.data)
    LPS22HB_COMMON_Driver                    0x200000b8   Data          16  lps22hb.o(.data)
    LPS22HB_PRESS_Driver                     0x200000c8   Data          20  lps22hb.o(.data)
    LPS22HB_TEMP_Driver                      0x200000dc   Data          20  lps22hb.o(.data)
    LSM6DSL_COMMON_Driver                    0x200000f0   Data          16  lsm6dsl.o(.data)
    LSM6DSL_ACC_Driver                       0x20000100   Data          36  lsm6dsl.o(.data)
    LSM6DSL_GYRO_Driver                      0x20000124   Data          36  lsm6dsl.o(.data)
    LSM303AGR_ACC_COMMON_Driver              0x20000148   Data          16  lsm303agr.o(.data)
    LSM303AGR_ACC_Driver                     0x20000158   Data          36  lsm303agr.o(.data)
    LSM303AGR_MAG_COMMON_Driver              0x2000017c   Data          16  lsm303agr.o(.data)
    LSM303AGR_MAG_Driver                     0x2000018c   Data          36  lsm303agr.o(.data)
    EnvCompObj                               0x200001c4   Data           8  iks01a2_env_sensors.o(.data)
    __stdout                                 0x200013b0   Data           4  stdout.o(.data)
    data_out                                 0x200013e8   Data         120  sensor.o(.bss)
    IMU                                      0x20001460   Data          40  sensor.o(.bss)
    lib_version                              0x20001488   Data          35  sensor.o(.bss)
    Attitude                                 0x200014e8   Data          44  oth_dev.o(.bss)
    buffer                                   0x20001514   Data         256  oth_dev.o(.bss)
    htim3                                    0x20001788   Data          64  tim.o(.bss)
    huart1                                   0x200017c8   Data          64  usart.o(.bss)
    huart6                                   0x20001808   Data          64  usart.o(.bss)
    hi2c1                                    0x20001848   Data          84  stm32f4xx_nucleo_bus.o(.bss)
    hcom_uart                                0x2000189c   Data          64  stm32f4xx_nucleo.o(.bss)
    MotionCompObj                            0x200018dc   Data          12  iks01a2_motion_sensors.o(.bss)
    __initial_sp                             0x2000a808   Data           0  startup_stm32f401xe.o(STACK)



==============================================================================

Memory Map of the image

  Image Entry point : 0x08000195

  Load Region LR_IROM1 (Base: 0x08000000, Size: 0x00013494, Max: 0x00100000, ABSOLUTE, COMPRESSED[0x00012274])

    Execution Region ER_IROM1 (Exec base: 0x08000000, Load base: 0x08000000, Size: 0x000120dc, Max: 0x00100000, ABSOLUTE)

    Exec Addr    Load Addr    Size         Type   Attr      Idx    E Section Name        Object

    0x08000000   0x08000000   0x00000194   Data   RO            3    RESET               startup_stm32f401xe.o
    0x08000194   0x08000194   0x00000000   Code   RO         9526  * .ARM.Collect$$$$00000000  mc_w.l(entry.o)
    0x08000194   0x08000194   0x00000004   Code   RO         9902    .ARM.Collect$$$$00000001  mc_w.l(entry2.o)
    0x08000198   0x08000198   0x00000004   Code   RO         9905    .ARM.Collect$$$$00000004  mc_w.l(entry5.o)
    0x0800019c   0x0800019c   0x00000000   Code   RO         9907    .ARM.Collect$$$$00000008  mc_w.l(entry7b.o)
    0x0800019c   0x0800019c   0x00000000   Code   RO         9909    .ARM.Collect$$$$0000000A  mc_w.l(entry8b.o)
    0x0800019c   0x0800019c   0x00000008   Code   RO         9910    .ARM.Collect$$$$0000000B  mc_w.l(entry9a.o)
    0x080001a4   0x080001a4   0x00000000   Code   RO         9912    .ARM.Collect$$$$0000000D  mc_w.l(entry10a.o)
    0x080001a4   0x080001a4   0x00000000   Code   RO         9914    .ARM.Collect$$$$0000000F  mc_w.l(entry11a.o)
    0x080001a4   0x080001a4   0x00000004   Code   RO         9903    .ARM.Collect$$$$00002712  mc_w.l(entry2.o)
    0x080001a8   0x080001a8   0x00000024   Code   RO            4    .text               startup_stm32f401xe.o
    0x080001cc   0x080001cc   0x00000062   Code   RO         9529    .text               mc_w.l(uldiv.o)
    0x0800022e   0x0800022e   0x00000028   Code   RO         9531    .text               mc_w.l(memcpy.o)
    0x08000256   0x08000256   0x00000024   Code   RO         9537    .text               mc_w.l(memseta.o)
    0x0800027a   0x0800027a   0x00000012   Code   RO         9539    .text               mc_w.l(strcpy.o)
    0x0800028c   0x0800028c   0x0000014e   Code   RO         9806    .text               mf_w.l(dadd.o)
    0x080003da   0x080003da   0x000000e4   Code   RO         9808    .text               mf_w.l(dmul.o)
    0x080004be   0x080004be   0x000000de   Code   RO         9810    .text               mf_w.l(ddiv.o)
    0x0800059c   0x0800059c   0x00000036   Code   RO         9812    .text               mf_w.l(dcmple.o)
    0x080005d2   0x080005d2   0x00000036   Code   RO         9814    .text               mf_w.l(dcmplt.o)
    0x08000608   0x08000608   0x00000036   Code   RO         9816    .text               mf_w.l(dcmpge.o)
    0x0800063e   0x0800063e   0x00000036   Code   RO         9818    .text               mf_w.l(dcmpgt.o)
    0x08000674   0x08000674   0x00000038   Code   RO         9820    .text               mf_w.l(dcmpeq.o)
    0x080006ac   0x080006ac   0x00000022   Code   RO         9822    .text               mf_w.l(dflti.o)
    0x080006ce   0x080006ce   0x0000001a   Code   RO         9824    .text               mf_w.l(dfltui.o)
    0x080006e8   0x080006e8   0x0000003e   Code   RO         9826    .text               mf_w.l(dfixi.o)
    0x08000726   0x08000726   0x00000026   Code   RO         9828    .text               mf_w.l(f2d.o)
    0x0800074c   0x0800074c   0x00000038   Code   RO         9830    .text               mf_w.l(d2f.o)
    0x08000784   0x08000784   0x0000001e   Code   RO         9919    .text               mc_w.l(llshl.o)
    0x080007a2   0x080007a2   0x00000020   Code   RO         9921    .text               mc_w.l(llushr.o)
    0x080007c2   0x080007c2   0x00000024   Code   RO         9923    .text               mc_w.l(llsshr.o)
    0x080007e6   0x080007e6   0x00000000   Code   RO         9932    .text               mc_w.l(iusefp.o)
    0x080007e6   0x080007e6   0x0000006e   Code   RO         9933    .text               mf_w.l(fepilogue.o)
    0x08000854   0x08000854   0x000000ba   Code   RO         9937    .text               mf_w.l(depilogue.o)
    0x0800090e   0x0800090e   0x0000002e   Code   RO         9941    .text               mf_w.l(dscalb.o)
    0x0800093c   0x0800093c   0x000000a2   Code   RO         9943    .text               mf_w.l(dsqrt.o)
    0x080009de   0x080009de   0x00000002   PAD
    0x080009e0   0x080009e0   0x00000088   Code   RO         9945    .text               mf_w.l(drnd.o)
    0x08000a68   0x08000a68   0x00000030   Code   RO         9949    .text               mf_w.l(cdcmple.o)
    0x08000a98   0x08000a98   0x00000030   Code   RO         9951    .text               mf_w.l(cdrcmple.o)
    0x08000ac8   0x08000ac8   0x00000024   Code   RO         9953    .text               mc_w.l(init.o)
    0x08000aec   0x08000aec   0x00000056   Code   RO         9963    .text               mc_w.l(__dczerorl2.o)
    0x08000b42   0x08000b42   0x00000002   PAD
    0x08000b44   0x08000b44   0x00000080   Code   RO         9380    .text.MEMSLoadMagCalNVM  MotionFX_CM4F_wc16_ot.a(motion_fx.o)
    0x08000bc4   0x08000bc4   0x00000054   Code   RO         9382    .text.MEMSSaveMagCalNVM  MotionFX_CM4F_wc16_ot.a(motion_fx.o)
    0x08000c18   0x08000c18   0x00000018   Code   RO         9371    .text.MEMS_DataBuffInit  MotionFX_CM4F_wc16_ot.a(motion_fx.o)
    0x08000c30   0x08000c30   0x00000008   Code   RO         9370    .text.MEMS_EmptyDataFrame  MotionFX_CM4F_wc16_ot.a(motion_fx.o)
    0x08000c38   0x08000c38   0x00000004   Code   RO         9379    .text.MEMSloadFromNVM.isra.10  MotionFX_CM4F_wc16_ot.a(motion_fx.o)
    0x08000c3c   0x08000c3c   0x00000004   Code   RO         9381    .text.MEMSsaveInNVM.isra.11  MotionFX_CM4F_wc16_ot.a(motion_fx.o)
    0x08000c40   0x08000c40   0x0000004c   Code   RO         9410    .text.MotionFX_GetLibVersion  MotionFX_CM4F_wc16_ot.a(motion_fx.o)
    0x08000c8c   0x08000c8c   0x00000160   Code   RO         9407    .text.MotionFX_MagCal_init  MotionFX_CM4F_wc16_ot.a(motion_fx.o)
    0x08000dec   0x08000dec   0x00000040   Code   RO         9401    .text.MotionFX_enable_6X  MotionFX_CM4F_wc16_ot.a(motion_fx.o)
    0x08000e2c   0x08000e2c   0x00000044   Code   RO         9402    .text.MotionFX_enable_9X  MotionFX_CM4F_wc16_ot.a(motion_fx.o)
    0x08000e70   0x08000e70   0x000000ac   Code   RO         9398    .text.MotionFX_getKnobs  MotionFX_CM4F_wc16_ot.a(motion_fx.o)
    0x08000f1c   0x08000f1c   0x00000004   PAD
    0x08000f20   0x08000f20   0x00000444   Code   RO         9396    .text.MotionFX_initialize  MotionFX_CM4F_wc16_ot.a(motion_fx.o)
    0x08001364   0x08001364   0x00000004   PAD
    0x08001368   0x08001368   0x00000aec   Code   RO         9406    .text.MotionFX_propagate  MotionFX_CM4F_wc16_ot.a(motion_fx.o)
    0x08001e54   0x08001e54   0x000000c8   Code   RO         9397    .text.MotionFX_setKnobs  MotionFX_CM4F_wc16_ot.a(motion_fx.o)
    0x08001f1c   0x08001f1c   0x00000384   Code   RO         9405    .text.MotionFX_update  MotionFX_CM4F_wc16_ot.a(motion_fx.o)
    0x080022a0   0x080022a0   0x000003e8   Code   RO         9392    .text.SpacePointAlgorithm.isra.7  MotionFX_CM4F_wc16_ot.a(motion_fx.o)
    0x08002688   0x08002688   0x00000110   Code   RO         9376    .text.SpacePointGyroProp  MotionFX_CM4F_wc16_ot.a(motion_fx.o)
    0x08002798   0x08002798   0x00000520   Code   RO         9388    .text.iNemo_quat2heading  MotionFX_CM4F_wc16_ot.a(motion_fx.o)
    0x08002cb8   0x08002cb8   0x000003b0   Code   RO         9384    .text.iNemo_setOrientation.constprop.40  MotionFX_CM4F_wc16_ot.a(motion_fx.o)
    0x08003068   0x08003068   0x000003b0   Code   RO         9385    .text.iNemo_setOrientation_6X.constprop.41  MotionFX_CM4F_wc16_ot.a(motion_fx.o)
    0x08003418   0x08003418   0x00000520   Code   RO         9394    .text.iNemo_update.constprop.35  MotionFX_CM4F_wc16_ot.a(motion_fx.o)
    0x08003938   0x08003938   0x000003fc   Code   RO         9393    .text.iNemo_update_6X.constprop.34  MotionFX_CM4F_wc16_ot.a(motion_fx.o)
    0x08003d34   0x08003d34   0x000001b0   Code   RO         9375    .text.m_dcm2q_eml   MotionFX_CM4F_wc16_ot.a(motion_fx.o)
    0x08003ee4   0x08003ee4   0x00000004   PAD
    0x08003ee8   0x08003ee8   0x00003f7c   Code   RO         9391    .text.m_kalman_3gyro.isra.6.constprop.36  MotionFX_CM4F_wc16_ot.a(motion_fx.o)
    0x08007e64   0x08007e64   0x0000037c   Code   RO         9367    .text.m_mldivide    MotionFX_CM4F_wc16_ot.a(motion_fx.o)
    0x080081e0   0x080081e0   0x000000d4   Code   RO         9369    .text.m_q2dcm_eml   MotionFX_CM4F_wc16_ot.a(motion_fx.o)
    0x080082b4   0x080082b4   0x00000080   Code   RO         9368    .text.m_qmult_eml   MotionFX_CM4F_wc16_ot.a(motion_fx.o)
    0x08008334   0x08008334   0x000004e8   Code   RO         9389    .text.output_update  MotionFX_CM4F_wc16_ot.a(motion_fx.o)
    0x0800881c   0x0800881c   0x000001f8   Code   RO         9377    .text.quatErr2EulerErr  MotionFX_CM4F_wc16_ot.a(motion_fx.o)
    0x08008a14   0x08008a14   0x00000020   Code   RO         9378    .text.rt_InitInfAndNaN.isra.3  MotionFX_CM4F_wc16_ot.a(motion_fx.o)
    0x08008a34   0x08008a34   0x00000014   Code   RO           13    i.Accelero_Sensor_Handler  sensor.o
    0x08008a48   0x08008a48   0x00000044   Code   RO         1043    i.BSP_COM_Init      stm32f4xx_nucleo.o
    0x08008a8c   0x08008a8c   0x00000008   Code   RO          817    i.BSP_GetTick       stm32f4xx_nucleo_bus.o
    0x08008a94   0x08008a94   0x00000034   Code   RO          818    i.BSP_I2C1_DeInit   stm32f4xx_nucleo_bus.o
    0x08008ac8   0x08008ac8   0x00000058   Code   RO          819    i.BSP_I2C1_Init     stm32f4xx_nucleo_bus.o
    0x08008b20   0x08008b20   0x00000048   Code   RO          821    i.BSP_I2C1_ReadReg  stm32f4xx_nucleo_bus.o
    0x08008b68   0x08008b68   0x00000048   Code   RO          825    i.BSP_I2C1_WriteReg  stm32f4xx_nucleo_bus.o
    0x08008bb0   0x08008bb0   0x00000068   Code   RO         1048    i.BSP_LED_Init      stm32f4xx_nucleo.o
    0x08008c18   0x08008c18   0x00000024   Code   RO         1049    i.BSP_LED_Off       stm32f4xx_nucleo.o
    0x08008c3c   0x08008c3c   0x00000024   Code   RO         1050    i.BSP_LED_On        stm32f4xx_nucleo.o
    0x08008c60   0x08008c60   0x0000000c   Code   RO          593    i.BSP_PB_Callback   app_x-cube-mems1.o
    0x08008c6c   0x08008c6c   0x00000028   Code   RO         1054    i.BSP_PB_GetState   stm32f4xx_nucleo.o
    0x08008c94   0x08008c94   0x000000d8   Code   RO         1056    i.BSP_PB_Init       stm32f4xx_nucleo.o
    0x08008d6c   0x08008d6c   0x0000000a   Code   RO         1057    i.BUTTON_USER_EXTI_Callback  stm32f4xx_nucleo.o
    0x08008d76   0x08008d76   0x00000004   Code   RO          921    i.BusFault_Handler  stm32f4xx_it.o
    0x08008d7a   0x08008d7a   0x00000002   Code   RO          922    i.DebugMon_Handler  stm32f4xx_it.o
    0x08008d7c   0x08008d7c   0x00000002   Code   RO          472    i.Error_Handler     main.o
    0x08008d7e   0x08008d7e   0x00000002   PAD
    0x08008d80   0x08008d80   0x000000b4   Code   RO           14    i.FX_Data_Handler   sensor.o
    0x08008e34   0x08008e34   0x00000014   Code   RO           15    i.Gyro_Sensor_Handler  sensor.o
    0x08008e48   0x08008e48   0x00000024   Code   RO         3286    i.HAL_CRC_Init      stm32f4xx_hal_crc.o
    0x08008e6c   0x08008e6c   0x00000034   Code   RO          551    i.HAL_CRC_MspInit   crc.o
    0x08008ea0   0x08008ea0   0x00000028   Code   RO         2256    i.HAL_DMA_Abort_IT  stm32f4xx_hal_dma.o
    0x08008ec8   0x08008ec8   0x0000000e   Code   RO         2883    i.HAL_EXTI_GetHandle  stm32f4xx_hal_exti.o
    0x08008ed6   0x08008ed6   0x00000014   Code   RO         2886    i.HAL_EXTI_RegisterCallback  stm32f4xx_hal_exti.o
    0x08008eea   0x08008eea   0x00000002   PAD
    0x08008eec   0x08008eec   0x00000138   Code   RO         2145    i.HAL_GPIO_DeInit   stm32f4xx_hal_gpio.o
    0x08009024   0x08009024   0x000001d4   Code   RO         2148    i.HAL_GPIO_Init     stm32f4xx_hal_gpio.o
    0x080091f8   0x080091f8   0x00000010   Code   RO         2150    i.HAL_GPIO_ReadPin  stm32f4xx_hal_gpio.o
    0x08009208   0x08009208   0x0000000c   Code   RO         2152    i.HAL_GPIO_WritePin  stm32f4xx_hal_gpio.o
    0x08009214   0x08009214   0x0000000c   Code   RO         2709    i.HAL_GetTick       stm32f4xx_hal.o
    0x08009220   0x08009220   0x0000004c   Code   RO         1684    i.HAL_I2CEx_ConfigAnalogFilter  stm32f4xx_hal_i2c_ex.o
    0x0800926c   0x0800926c   0x0000003c   Code   RO         1224    i.HAL_I2C_DeInit    stm32f4xx_hal_i2c.o
    0x080092a8   0x080092a8   0x00000006   Code   RO         1230    i.HAL_I2C_GetError  stm32f4xx_hal_i2c.o
    0x080092ae   0x080092ae   0x00000008   Code   RO         1232    i.HAL_I2C_GetState  stm32f4xx_hal_i2c.o
    0x080092b6   0x080092b6   0x00000002   PAD
    0x080092b8   0x080092b8   0x000001b8   Code   RO         1233    i.HAL_I2C_Init      stm32f4xx_hal_i2c.o
    0x08009470   0x08009470   0x000002f4   Code   RO         1251    i.HAL_I2C_Mem_Read  stm32f4xx_hal_i2c.o
    0x08009764   0x08009764   0x00000164   Code   RO         1254    i.HAL_I2C_Mem_Write  stm32f4xx_hal_i2c.o
    0x080098c8   0x080098c8   0x00000002   Code   RO         1257    i.HAL_I2C_MspDeInit  stm32f4xx_hal_i2c.o
    0x080098ca   0x080098ca   0x00000002   Code   RO         1258    i.HAL_I2C_MspInit   stm32f4xx_hal_i2c.o
    0x080098cc   0x080098cc   0x00000018   Code   RO         2715    i.HAL_IncTick       stm32f4xx_hal.o
    0x080098e4   0x080098e4   0x0000003c   Code   RO         2716    i.HAL_Init          stm32f4xx_hal.o
    0x08009920   0x08009920   0x0000004c   Code   RO         2717    i.HAL_InitTick      stm32f4xx_hal.o
    0x0800996c   0x0800996c   0x00000050   Code   RO         1018    i.HAL_MspInit       stm32f4xx_hal_msp.o
    0x080099bc   0x080099bc   0x00000020   Code   RO         2561    i.HAL_NVIC_EnableIRQ  stm32f4xx_hal_cortex.o
    0x080099dc   0x080099dc   0x0000007c   Code   RO         2567    i.HAL_NVIC_SetPriority  stm32f4xx_hal_cortex.o
    0x08009a58   0x08009a58   0x00000028   Code   RO         2568    i.HAL_NVIC_SetPriorityGrouping  stm32f4xx_hal_cortex.o
    0x08009a80   0x08009a80   0x00000180   Code   RO         1715    i.HAL_RCC_ClockConfig  stm32f4xx_hal_rcc.o
    0x08009c00   0x08009c00   0x0000000c   Code   RO         1720    i.HAL_RCC_GetHCLKFreq  stm32f4xx_hal_rcc.o
    0x08009c0c   0x08009c0c   0x00000020   Code   RO         1722    i.HAL_RCC_GetPCLK1Freq  stm32f4xx_hal_rcc.o
    0x08009c2c   0x08009c2c   0x00000020   Code   RO         1723    i.HAL_RCC_GetPCLK2Freq  stm32f4xx_hal_rcc.o
    0x08009c4c   0x08009c4c   0x000000b0   Code   RO         1724    i.HAL_RCC_GetSysClockFreq  stm32f4xx_hal_rcc.o
    0x08009cfc   0x08009cfc   0x00000448   Code   RO         1727    i.HAL_RCC_OscConfig  stm32f4xx_hal_rcc.o
    0x0800a144   0x0800a144   0x00000034   Code   RO         2572    i.HAL_SYSTICK_Config  stm32f4xx_hal_cortex.o
    0x0800a178   0x0800a178   0x00000002   Code   RO         4030    i.HAL_TIMEx_BreakCallback  stm32f4xx_hal_tim_ex.o
    0x0800a17a   0x0800a17a   0x00000002   Code   RO         4031    i.HAL_TIMEx_CommutCallback  stm32f4xx_hal_tim_ex.o
    0x0800a17c   0x0800a17c   0x00000054   Code   RO         4048    i.HAL_TIMEx_MasterConfigSynchronization  stm32f4xx_hal_tim_ex.o
    0x0800a1d0   0x0800a1d0   0x00000034   Code   RO         3344    i.HAL_TIM_Base_Init  stm32f4xx_hal_tim.o
    0x0800a204   0x0800a204   0x00000048   Code   RO          728    i.HAL_TIM_Base_MspInit  tim.o
    0x0800a24c   0x0800a24c   0x0000002a   Code   RO         3349    i.HAL_TIM_Base_Start_IT  stm32f4xx_hal_tim.o
    0x0800a276   0x0800a276   0x00000108   Code   RO         3353    i.HAL_TIM_ConfigClockSource  stm32f4xx_hal_tim.o
    0x0800a37e   0x0800a37e   0x00000002   Code   RO         3373    i.HAL_TIM_IC_CaptureCallback  stm32f4xx_hal_tim.o
    0x0800a380   0x0800a380   0x00000196   Code   RO         3387    i.HAL_TIM_IRQHandler  stm32f4xx_hal_tim.o
    0x0800a516   0x0800a516   0x00000002   Code   RO         3390    i.HAL_TIM_OC_DelayElapsedCallback  stm32f4xx_hal_tim.o
    0x0800a518   0x0800a518   0x00000002   Code   RO         3417    i.HAL_TIM_PWM_PulseFinishedCallback  stm32f4xx_hal_tim.o
    0x0800a51a   0x0800a51a   0x00000002   PAD
    0x0800a51c   0x0800a51c   0x00000018   Code   RO           16    i.HAL_TIM_PeriodElapsedCallback  sensor.o
    0x0800a534   0x0800a534   0x00000002   Code   RO         3430    i.HAL_TIM_TriggerCallback  stm32f4xx_hal_tim.o
    0x0800a536   0x0800a536   0x00000002   Code   RO         2972    i.HAL_UART_ErrorCallback  stm32f4xx_hal_uart.o
    0x0800a538   0x0800a538   0x0000014c   Code   RO         2975    i.HAL_UART_IRQHandler  stm32f4xx_hal_uart.o
    0x0800a684   0x0800a684   0x00000072   Code   RO         2976    i.HAL_UART_Init     stm32f4xx_hal_uart.o
    0x0800a6f6   0x0800a6f6   0x00000002   PAD
    0x0800a6f8   0x0800a6f8   0x0000011c   Code   RO          770    i.HAL_UART_MspInit  usart.o
    0x0800a814   0x0800a814   0x00000002   Code   RO         2982    i.HAL_UART_RxCpltCallback  stm32f4xx_hal_uart.o
    0x0800a816   0x0800a816   0x000000d6   Code   RO         2984    i.HAL_UART_Transmit  stm32f4xx_hal_uart.o
    0x0800a8ec   0x0800a8ec   0x00000002   Code   RO         2987    i.HAL_UART_TxCpltCallback  stm32f4xx_hal_uart.o
    0x0800a8ee   0x0800a8ee   0x00000002   PAD
    0x0800a8f0   0x0800a8f0   0x00000130   Code   RO         9158    i.HTS221_0_Probe    iks01a2_env_sensors.o
    0x0800aa20   0x0800aa20   0x00000032   Code   RO         4515    i.HTS221_DeInit     hts221.o
    0x0800aa52   0x0800aa52   0x00000002   PAD
    0x0800aa54   0x0800aa54   0x00000030   Code   RO         4517    i.HTS221_GetCapabilities  hts221.o
    0x0800aa84   0x0800aa84   0x00000064   Code   RO         4518    i.HTS221_GetOutputDataRate  hts221.o
    0x0800aae8   0x0800aae8   0x00000030   Code   RO         4521    i.HTS221_HUM_Disable  hts221.o
    0x0800ab18   0x0800ab18   0x00000032   Code   RO         4522    i.HTS221_HUM_Enable  hts221.o
    0x0800ab4a   0x0800ab4a   0x00000002   PAD
    0x0800ab4c   0x0800ab4c   0x00000100   Code   RO         4523    i.HTS221_HUM_GetHumidity  hts221.o
    0x0800ac4c   0x0800ac4c   0x00000010   Code   RO         4524    i.HTS221_HUM_GetOutputDataRate  hts221.o
    0x0800ac5c   0x0800ac5c   0x0000001c   Code   RO         4526    i.HTS221_HUM_SetOutputDataRate  hts221.o
    0x0800ac78   0x0800ac78   0x00000022   Code   RO         4527    i.HTS221_Init       hts221.o
    0x0800ac9a   0x0800ac9a   0x0000003e   Code   RO         4528    i.HTS221_Initialize  hts221.o
    0x0800acd8   0x0800acd8   0x0000001c   Code   RO         4529    i.HTS221_ReadID     hts221.o
    0x0800acf4   0x0800acf4   0x0000004c   Code   RO         4531    i.HTS221_RegisterBusIO  hts221.o
    0x0800ad40   0x0800ad40   0x0000004e   Code   RO         4532    i.HTS221_SetOutputDataRate  hts221.o
    0x0800ad8e   0x0800ad8e   0x00000030   Code   RO         4534    i.HTS221_TEMP_Disable  hts221.o
    0x0800adbe   0x0800adbe   0x00000032   Code   RO         4535    i.HTS221_TEMP_Enable  hts221.o
    0x0800adf0   0x0800adf0   0x00000010   Code   RO         4536    i.HTS221_TEMP_GetOutputDataRate  hts221.o
    0x0800ae00   0x0800ae00   0x000000c6   Code   RO         4537    i.HTS221_TEMP_GetTemperature  hts221.o
    0x0800aec6   0x0800aec6   0x0000001c   Code   RO         4539    i.HTS221_TEMP_SetOutputDataRate  hts221.o
    0x0800aee2   0x0800aee2   0x00000004   Code   RO          923    i.HardFault_Handler  stm32f4xx_it.o
    0x0800aee6   0x0800aee6   0x00000002   PAD
    0x0800aee8   0x0800aee8   0x00000024   Code   RO          827    i.I2C1_MspDeInit    stm32f4xx_nucleo_bus.o
    0x0800af0c   0x0800af0c   0x00000074   Code   RO          828    i.I2C1_MspInit      stm32f4xx_nucleo_bus.o
    0x0800af80   0x0800af80   0x0000003e   Code   RO         1276    i.I2C_IsAcknowledgeFailed  stm32f4xx_hal_i2c.o
    0x0800afbe   0x0800afbe   0x00000002   PAD
    0x0800afc0   0x0800afc0   0x00000138   Code   RO         1286    i.I2C_RequestMemoryRead  stm32f4xx_hal_i2c.o
    0x0800b0f8   0x0800b0f8   0x000000cc   Code   RO         1287    i.I2C_RequestMemoryWrite  stm32f4xx_hal_i2c.o
    0x0800b1c4   0x0800b1c4   0x0000005c   Code   RO         1295    i.I2C_WaitOnBTFFlagUntilTimeout  stm32f4xx_hal_i2c.o
    0x0800b220   0x0800b220   0x00000086   Code   RO         1296    i.I2C_WaitOnFlagUntilTimeout  stm32f4xx_hal_i2c.o
    0x0800b2a6   0x0800b2a6   0x000000c4   Code   RO         1297    i.I2C_WaitOnMasterAddressFlagUntilTimeout  stm32f4xx_hal_i2c.o
    0x0800b36a   0x0800b36a   0x00000080   Code   RO         1298    i.I2C_WaitOnRXNEFlagUntilTimeout  stm32f4xx_hal_i2c.o
    0x0800b3ea   0x0800b3ea   0x0000005c   Code   RO         1300    i.I2C_WaitOnTXEFlagUntilTimeout  stm32f4xx_hal_i2c.o
    0x0800b446   0x0800b446   0x00000002   PAD
    0x0800b448   0x0800b448   0x00000038   Code   RO         9162    i.IKS01A2_ENV_SENSOR_GetCapabilities  iks01a2_env_sensors.o
    0x0800b480   0x0800b480   0x00000128   Code   RO         9165    i.IKS01A2_ENV_SENSOR_Init  iks01a2_env_sensors.o
    0x0800b5a8   0x0800b5a8   0x00000068   Code   RO         8682    i.IKS01A2_MOTION_SENSOR_GetAxes  iks01a2_motion_sensors.o
    0x0800b610   0x0800b610   0x00000038   Code   RO         8684    i.IKS01A2_MOTION_SENSOR_GetCapabilities  iks01a2_motion_sensors.o
    0x0800b648   0x0800b648   0x0000017c   Code   RO         8688    i.IKS01A2_MOTION_SENSOR_Init  iks01a2_motion_sensors.o
    0x0800b7c4   0x0800b7c4   0x00000028   Code   RO          429    i.InBuffer          oth_dev.o
    0x0800b7ec   0x0800b7ec   0x00000130   Code   RO         9168    i.LPS22HB_0_Probe   iks01a2_env_sensors.o
    0x0800b91c   0x0800b91c   0x00000032   Code   RO         5202    i.LPS22HB_DeInit    lps22hb.o
    0x0800b94e   0x0800b94e   0x00000002   PAD
    0x0800b950   0x0800b950   0x00000034   Code   RO         5213    i.LPS22HB_GetCapabilities  lps22hb.o
    0x0800b984   0x0800b984   0x00000080   Code   RO         5214    i.LPS22HB_GetOutputDataRate  lps22hb.o
    0x0800ba04   0x0800ba04   0x00000022   Code   RO         5218    i.LPS22HB_Init      lps22hb.o
    0x0800ba26   0x0800ba26   0x0000007e   Code   RO         5219    i.LPS22HB_Initialize  lps22hb.o
    0x0800baa4   0x0800baa4   0x00000044   Code   RO         5220    i.LPS22HB_PRESS_Disable  lps22hb.o
    0x0800bae8   0x0800bae8   0x0000002e   Code   RO         5221    i.LPS22HB_PRESS_Enable  lps22hb.o
    0x0800bb16   0x0800bb16   0x00000010   Code   RO         5222    i.LPS22HB_PRESS_GetOutputDataRate  lps22hb.o
    0x0800bb26   0x0800bb26   0x0000002a   Code   RO         5223    i.LPS22HB_PRESS_GetPressure  lps22hb.o
    0x0800bb50   0x0800bb50   0x00000030   Code   RO         5225    i.LPS22HB_PRESS_SetOutputDataRate  lps22hb.o
    0x0800bb80   0x0800bb80   0x0000001c   Code   RO         5226    i.LPS22HB_ReadID    lps22hb.o
    0x0800bb9c   0x0800bb9c   0x00000078   Code   RO         5228    i.LPS22HB_RegisterBusIO  lps22hb.o
    0x0800bc14   0x0800bc14   0x00000058   Code   RO         5229    i.LPS22HB_SetOutputDataRate_When_Disabled  lps22hb.o
    0x0800bc6c   0x0800bc6c   0x0000008c   Code   RO         5230    i.LPS22HB_SetOutputDataRate_When_Enabled  lps22hb.o
    0x0800bcf8   0x0800bcf8   0x00000044   Code   RO         5232    i.LPS22HB_TEMP_Disable  lps22hb.o
    0x0800bd3c   0x0800bd3c   0x0000002e   Code   RO         5233    i.LPS22HB_TEMP_Enable  lps22hb.o
    0x0800bd6a   0x0800bd6a   0x00000010   Code   RO         5234    i.LPS22HB_TEMP_GetOutputDataRate  lps22hb.o
    0x0800bd7a   0x0800bd7a   0x0000002c   Code   RO         5235    i.LPS22HB_TEMP_GetTemperature  lps22hb.o
    0x0800bda6   0x0800bda6   0x00000030   Code   RO         5237    i.LPS22HB_TEMP_SetOutputDataRate  lps22hb.o
    0x0800bdd6   0x0800bdd6   0x00000020   Code   RO         5238    i.LPS22HB_Write_Reg  lps22hb.o
    0x0800bdf6   0x0800bdf6   0x00000002   PAD
    0x0800bdf8   0x0800bdf8   0x00000104   Code   RO         8692    i.LSM303AGR_ACC_0_Probe  iks01a2_motion_sensors.o
    0x0800befc   0x0800befc   0x00000020   Code   RO         8403    i.LSM303AGR_ACC_DeInit  lsm303agr.o
    0x0800bf1c   0x0800bf1c   0x0000003e   Code   RO         8404    i.LSM303AGR_ACC_Disable  lsm303agr.o
    0x0800bf5a   0x0800bf5a   0x0000002e   Code   RO         8405    i.LSM303AGR_ACC_Enable  lsm303agr.o
    0x0800bf88   0x0800bf88   0x0000008c   Code   RO         8406    i.LSM303AGR_ACC_GetAxes  lsm303agr.o
    0x0800c014   0x0800c014   0x00000082   Code   RO         8407    i.LSM303AGR_ACC_GetAxesRaw  lsm303agr.o
    0x0800c096   0x0800c096   0x00000002   PAD
    0x0800c098   0x0800c098   0x0000003c   Code   RO         8408    i.LSM303AGR_ACC_GetCapabilities  lsm303agr.o
    0x0800c0d4   0x0800c0d4   0x00000050   Code   RO         8409    i.LSM303AGR_ACC_GetFullScale  lsm303agr.o
    0x0800c124   0x0800c124   0x00000150   Code   RO         8410    i.LSM303AGR_ACC_GetOutputDataRate  lsm303agr.o
    0x0800c274   0x0800c274   0x0000006a   Code   RO         8411    i.LSM303AGR_ACC_GetSensitivity  lsm303agr.o
    0x0800c2de   0x0800c2de   0x00000002   PAD
    0x0800c2e0   0x0800c2e0   0x00000070   Code   RO         8412    i.LSM303AGR_ACC_GetSensitivityHR  lsm303agr.o
    0x0800c350   0x0800c350   0x00000070   Code   RO         8413    i.LSM303AGR_ACC_GetSensitivityLP  lsm303agr.o
    0x0800c3c0   0x0800c3c0   0x00000070   Code   RO         8414    i.LSM303AGR_ACC_GetSensitivityNM  lsm303agr.o
    0x0800c430   0x0800c430   0x0000005c   Code   RO         8417    i.LSM303AGR_ACC_Init  lsm303agr.o
    0x0800c48c   0x0800c48c   0x0000001c   Code   RO         8418    i.LSM303AGR_ACC_ReadID  lsm303agr.o
    0x0800c4a8   0x0800c4a8   0x0000007c   Code   RO         8420    i.LSM303AGR_ACC_RegisterBusIO  lsm303agr.o
    0x0800c524   0x0800c524   0x00000038   Code   RO         8421    i.LSM303AGR_ACC_SetFullScale  lsm303agr.o
    0x0800c55c   0x0800c55c   0x00000030   Code   RO         8422    i.LSM303AGR_ACC_SetOutputDataRate  lsm303agr.o
    0x0800c58c   0x0800c58c   0x00000084   Code   RO         8423    i.LSM303AGR_ACC_SetOutputDataRate_When_Disabled  lsm303agr.o
    0x0800c610   0x0800c610   0x000000a4   Code   RO         8424    i.LSM303AGR_ACC_SetOutputDataRate_When_Enabled  lsm303agr.o
    0x0800c6b4   0x0800c6b4   0x00000020   Code   RO         8425    i.LSM303AGR_ACC_Write_Reg  lsm303agr.o
    0x0800c6d4   0x0800c6d4   0x00000104   Code   RO         8693    i.LSM303AGR_MAG_0_Probe  iks01a2_motion_sensors.o
    0x0800c7d8   0x0800c7d8   0x0000001c   Code   RO         8426    i.LSM303AGR_MAG_DeInit  lsm303agr.o
    0x0800c7f4   0x0800c7f4   0x0000002a   Code   RO         8427    i.LSM303AGR_MAG_Disable  lsm303agr.o
    0x0800c81e   0x0800c81e   0x0000002c   Code   RO         8428    i.LSM303AGR_MAG_Enable  lsm303agr.o
    0x0800c84a   0x0800c84a   0x00000078   Code   RO         8429    i.LSM303AGR_MAG_GetAxes  lsm303agr.o
    0x0800c8c2   0x0800c8c2   0x0000002e   Code   RO         8430    i.LSM303AGR_MAG_GetAxesRaw  lsm303agr.o
    0x0800c8f0   0x0800c8f0   0x0000003c   Code   RO         8431    i.LSM303AGR_MAG_GetCapabilities  lsm303agr.o
    0x0800c92c   0x0800c92c   0x0000000a   Code   RO         8432    i.LSM303AGR_MAG_GetFullScale  lsm303agr.o
    0x0800c936   0x0800c936   0x00000002   PAD
    0x0800c938   0x0800c938   0x00000068   Code   RO         8433    i.LSM303AGR_MAG_GetOutputDataRate  lsm303agr.o
    0x0800c9a0   0x0800c9a0   0x0000000e   Code   RO         8434    i.LSM303AGR_MAG_GetSensitivity  lsm303agr.o
    0x0800c9ae   0x0800c9ae   0x00000056   Code   RO         8437    i.LSM303AGR_MAG_Init  lsm303agr.o
    0x0800ca04   0x0800ca04   0x0000001c   Code   RO         8438    i.LSM303AGR_MAG_ReadID  lsm303agr.o
    0x0800ca20   0x0800ca20   0x00000074   Code   RO         8440    i.LSM303AGR_MAG_RegisterBusIO  lsm303agr.o
    0x0800ca94   0x0800ca94   0x00000006   Code   RO         8441    i.LSM303AGR_MAG_SetFullScale  lsm303agr.o
    0x0800ca9a   0x0800ca9a   0x00000002   PAD
    0x0800ca9c   0x0800ca9c   0x00000064   Code   RO         8442    i.LSM303AGR_MAG_SetOutputDataRate  lsm303agr.o
    0x0800cb00   0x0800cb00   0x00000130   Code   RO         8694    i.LSM6DSL_0_Probe   iks01a2_motion_sensors.o
    0x0800cc30   0x0800cc30   0x0000003e   Code   RO         6924    i.LSM6DSL_ACC_Disable  lsm6dsl.o
    0x0800cc6e   0x0800cc6e   0x0000002e   Code   RO         6934    i.LSM6DSL_ACC_Enable  lsm6dsl.o
    0x0800cc9c   0x0800cc9c   0x0000008c   Code   RO         6944    i.LSM6DSL_ACC_GetAxes  lsm6dsl.o
    0x0800cd28   0x0800cd28   0x0000002e   Code   RO         6945    i.LSM6DSL_ACC_GetAxesRaw  lsm6dsl.o
    0x0800cd56   0x0800cd56   0x00000050   Code   RO         6946    i.LSM6DSL_ACC_GetFullScale  lsm6dsl.o
    0x0800cda6   0x0800cda6   0x00000002   PAD
    0x0800cda8   0x0800cda8   0x000000dc   Code   RO         6947    i.LSM6DSL_ACC_GetOutputDataRate  lsm6dsl.o
    0x0800ce84   0x0800ce84   0x00000070   Code   RO         6948    i.LSM6DSL_ACC_GetSensitivity  lsm6dsl.o
    0x0800cef4   0x0800cef4   0x00000038   Code   RO         6959    i.LSM6DSL_ACC_SetFullScale  lsm6dsl.o
    0x0800cf2c   0x0800cf2c   0x00000030   Code   RO         6960    i.LSM6DSL_ACC_SetOutputDataRate  lsm6dsl.o
    0x0800cf5c   0x0800cf5c   0x000000cc   Code   RO         6961    i.LSM6DSL_ACC_SetOutputDataRate_When_Disabled  lsm6dsl.o
    0x0800d028   0x0800d028   0x000000e8   Code   RO         6962    i.LSM6DSL_ACC_SetOutputDataRate_When_Enabled  lsm6dsl.o
    0x0800d110   0x0800d110   0x00000030   Code   RO         6976    i.LSM6DSL_DeInit    lsm6dsl.o
    0x0800d140   0x0800d140   0x0000003e   Code   RO         6990    i.LSM6DSL_GYRO_Disable  lsm6dsl.o
    0x0800d17e   0x0800d17e   0x0000002e   Code   RO         6991    i.LSM6DSL_GYRO_Enable  lsm6dsl.o
    0x0800d1ac   0x0800d1ac   0x00000080   Code   RO         6992    i.LSM6DSL_GYRO_GetAxes  lsm6dsl.o
    0x0800d22c   0x0800d22c   0x0000002e   Code   RO         6993    i.LSM6DSL_GYRO_GetAxesRaw  lsm6dsl.o
    0x0800d25a   0x0800d25a   0x0000005c   Code   RO         6994    i.LSM6DSL_GYRO_GetFullScale  lsm6dsl.o
    0x0800d2b6   0x0800d2b6   0x00000002   PAD
    0x0800d2b8   0x0800d2b8   0x000000d0   Code   RO         6995    i.LSM6DSL_GYRO_GetOutputDataRate  lsm6dsl.o
    0x0800d388   0x0800d388   0x00000080   Code   RO         6996    i.LSM6DSL_GYRO_GetSensitivity  lsm6dsl.o
    0x0800d408   0x0800d408   0x00000044   Code   RO         6999    i.LSM6DSL_GYRO_SetFullScale  lsm6dsl.o
    0x0800d44c   0x0800d44c   0x00000030   Code   RO         7000    i.LSM6DSL_GYRO_SetOutputDataRate  lsm6dsl.o
    0x0800d47c   0x0800d47c   0x000000cc   Code   RO         7001    i.LSM6DSL_GYRO_SetOutputDataRate_When_Disabled  lsm6dsl.o
    0x0800d548   0x0800d548   0x000000e8   Code   RO         7002    i.LSM6DSL_GYRO_SetOutputDataRate_When_Enabled  lsm6dsl.o
    0x0800d630   0x0800d630   0x00000040   Code   RO         7005    i.LSM6DSL_GetCapabilities  lsm6dsl.o
    0x0800d670   0x0800d670   0x00000098   Code   RO         7006    i.LSM6DSL_Init      lsm6dsl.o
    0x0800d708   0x0800d708   0x0000001c   Code   RO         7007    i.LSM6DSL_ReadID    lsm6dsl.o
    0x0800d724   0x0800d724   0x0000007c   Code   RO         7009    i.LSM6DSL_RegisterBusIO  lsm6dsl.o
    0x0800d7a0   0x0800d7a0   0x00000020   Code   RO         7012    i.LSM6DSL_Write_Reg  lsm6dsl.o
    0x0800d7c0   0x0800d7c0   0x00000048   Code   RO           19    i.Lib_Process       sensor.o
    0x0800d808   0x0800d808   0x0000000c   Code   RO           20    i.Lib_ReadRequest   sensor.o
    0x0800d814   0x0800d814   0x00000042   Code   RO         4541    i.Linear_Interpolation  hts221.o
    0x0800d856   0x0800d856   0x00000002   PAD
    0x0800d858   0x0800d858   0x00000020   Code   RO          552    i.MX_CRC_Init       crc.o
    0x0800d878   0x0800d878   0x000000d0   Code   RO          526    i.MX_GPIO_Init      gpio.o
    0x0800d948   0x0800d948   0x0000003c   Code   RO          829    i.MX_I2C1_Init      stm32f4xx_nucleo_bus.o
    0x0800d984   0x0800d984   0x00000364   Code   RO          596    i.MX_IKS01A2_DataLogTerminal_Init  app_x-cube-mems1.o
    0x0800dce8   0x0800dce8   0x00000008   Code   RO          598    i.MX_MEMS_Init      app_x-cube-mems1.o
    0x0800dcf0   0x0800dcf0   0x00000002   Code   RO          599    i.MX_MEMS_Process   app_x-cube-mems1.o
    0x0800dcf2   0x0800dcf2   0x00000002   PAD
    0x0800dcf4   0x0800dcf4   0x00000070   Code   RO          729    i.MX_TIM3_Init      tim.o
    0x0800dd64   0x0800dd64   0x00000038   Code   RO          771    i.MX_USART1_UART_Init  usart.o
    0x0800dd9c   0x0800dd9c   0x00000034   Code   RO         1058    i.MX_USART2_UART_Init  stm32f4xx_nucleo.o
    0x0800ddd0   0x0800ddd0   0x00000038   Code   RO          772    i.MX_USART6_UART_Init  usart.o
    0x0800de08   0x0800de08   0x00000004   Code   RO          924    i.MemManage_Handler  stm32f4xx_it.o
    0x0800de0c   0x0800de0c   0x00000006   Code   RO          264    i.MotionFX_LoadMagCalFromNVM  motionfx_manager.o
    0x0800de12   0x0800de12   0x00000006   Code   RO          265    i.MotionFX_SaveMagCalInNVM  motionfx_manager.o
    0x0800de18   0x0800de18   0x0000000e   Code   RO          267    i.MotionFX_manager_MagCal_start  motionfx_manager.o
    0x0800de26   0x0800de26   0x00000010   Code   RO          269    i.MotionFX_manager_get_version  motionfx_manager.o
    0x0800de36   0x0800de36   0x00000002   PAD
    0x0800de38   0x0800de38   0x000000f0   Code   RO          270    i.MotionFX_manager_init  motionfx_manager.o
    0x0800df28   0x0800df28   0x00000044   Code   RO          271    i.MotionFX_manager_run  motionfx_manager.o
    0x0800df6c   0x0800df6c   0x0000000a   Code   RO          272    i.MotionFX_manager_start_6X  motionfx_manager.o
    0x0800df76   0x0800df76   0x00000002   Code   RO          925    i.NMI_Handler       stm32f4xx_it.o
    0x0800df78   0x0800df78   0x00000028   Code   RO          431    i.OutBufferStr      oth_dev.o
    0x0800dfa0   0x0800dfa0   0x00000002   Code   RO          926    i.PendSV_Handler    stm32f4xx_it.o
    0x0800dfa2   0x0800dfa2   0x00000038   Code   RO         8444    i.ReadAccRegWrap    lsm303agr.o
    0x0800dfda   0x0800dfda   0x00000038   Code   RO         8445    i.ReadMagRegWrap    lsm303agr.o
    0x0800e012   0x0800e012   0x00000038   Code   RO         4542    i.ReadRegWrap       hts221.o
    0x0800e04a   0x0800e04a   0x00000058   Code   RO         5239    i.ReadRegWrap       lps22hb.o
    0x0800e0a2   0x0800e0a2   0x00000020   Code   RO         7013    i.ReadRegWrap       lsm6dsl.o
    0x0800e0c2   0x0800e0c2   0x00000002   Code   RO          927    i.SVC_Handler       stm32f4xx_it.o
    0x0800e0c4   0x0800e0c4   0x00000008   Code   RO          928    i.SysTick_Handler   stm32f4xx_it.o
    0x0800e0cc   0x0800e0cc   0x000000bc   Code   RO          473    i.SystemClock_Config  main.o
    0x0800e188   0x0800e188   0x00000064   Code   RO         1186    i.SystemInit        system_stm32f4xx.o
    0x0800e1ec   0x0800e1ec   0x00000010   Code   RO          929    i.TIM3_IRQHandler   stm32f4xx_it.o
    0x0800e1fc   0x0800e1fc   0x000000a4   Code   RO         3432    i.TIM_Base_SetConfig  stm32f4xx_hal_tim.o
    0x0800e2a0   0x0800e2a0   0x00000016   Code   RO         3443    i.TIM_ETR_SetConfig  stm32f4xx_hal_tim.o
    0x0800e2b6   0x0800e2b6   0x00000012   Code   RO         3444    i.TIM_ITRx_SetConfig  stm32f4xx_hal_tim.o
    0x0800e2c8   0x0800e2c8   0x00000026   Code   RO         3450    i.TIM_TI1_ConfigInputStage  stm32f4xx_hal_tim.o
    0x0800e2ee   0x0800e2ee   0x00000028   Code   RO         3452    i.TIM_TI2_ConfigInputStage  stm32f4xx_hal_tim.o
    0x0800e316   0x0800e316   0x00000014   Code   RO         2989    i.UART_DMAAbortOnError  stm32f4xx_hal_uart.o
    0x0800e32a   0x0800e32a   0x00000020   Code   RO         2999    i.UART_EndRxTransfer  stm32f4xx_hal_uart.o
    0x0800e34a   0x0800e34a   0x00000020   Code   RO         3000    i.UART_EndTransmit_IT  stm32f4xx_hal_uart.o
    0x0800e36a   0x0800e36a   0x000000a6   Code   RO         3002    i.UART_Receive_IT   stm32f4xx_hal_uart.o
    0x0800e410   0x0800e410   0x00000368   Code   RO         3003    i.UART_SetConfig    stm32f4xx_hal_uart.o
    0x0800e778   0x0800e778   0x00000068   Code   RO         3004    i.UART_Transmit_IT  stm32f4xx_hal_uart.o
    0x0800e7e0   0x0800e7e0   0x0000006c   Code   RO         3005    i.UART_WaitOnFlagUntilTimeout  stm32f4xx_hal_uart.o
    0x0800e84c   0x0800e84c   0x00000010   Code   RO          930    i.USART1_IRQHandler  stm32f4xx_it.o
    0x0800e85c   0x0800e85c   0x00000070   Code   RO         1060    i.USART2_MspInit    stm32f4xx_nucleo.o
    0x0800e8cc   0x0800e8cc   0x00000040   Code   RO          931    i.USART6_IRQHandler  stm32f4xx_it.o
    0x0800e90c   0x0800e90c   0x00000004   Code   RO          932    i.UsageFault_Handler  stm32f4xx_it.o
    0x0800e910   0x0800e910   0x00000038   Code   RO         8446    i.WriteAccRegWrap   lsm303agr.o
    0x0800e948   0x0800e948   0x00000038   Code   RO         8447    i.WriteMagRegWrap   lsm303agr.o
    0x0800e980   0x0800e980   0x00000038   Code   RO         4543    i.WriteRegWrap      hts221.o
    0x0800e9b8   0x0800e9b8   0x00000058   Code   RO         5240    i.WriteRegWrap      lps22hb.o
    0x0800ea10   0x0800ea10   0x00000020   Code   RO         7014    i.WriteRegWrap      lsm6dsl.o
    0x0800ea30   0x0800ea30   0x00000020   Code   RO         9752    i.__0printf$8       mc_w.l(printf8.o)
    0x0800ea50   0x0800ea50   0x00000030   Code   RO         9753    i.__0snprintf$8     mc_w.l(printf8.o)
    0x0800ea80   0x0800ea80   0x00000030   Code   RO         9866    i.__ARM_fpclassify  m_wm.l(fpclassify.o)
    0x0800eab0   0x0800eab0   0x00000026   Code   RO         9868    i.__ARM_fpclassifyf  m_wm.l(fpclassifyf.o)
    0x0800ead6   0x0800ead6   0x00000002   PAD
    0x0800ead8   0x0800ead8   0x00000010   Code   RO         2574    i.__NVIC_GetPriorityGrouping  stm32f4xx_hal_cortex.o
    0x0800eae8   0x0800eae8   0x00000028   Code   RO         2575    i.__NVIC_SetPriority  stm32f4xx_hal_cortex.o
    0x0800eb10   0x0800eb10   0x00000360   Code   RO         9424    i.__hardfp_asin     m_wm.l(asin.o)
    0x0800ee70   0x0800ee70   0x000002d8   Code   RO         9832    i.__hardfp_atan     m_wm.l(atan.o)
    0x0800f148   0x0800f148   0x000001f0   Code   RO         9438    i.__hardfp_atan2    m_wm.l(atan2.o)
    0x0800f338   0x0800f338   0x00000150   Code   RO         9450    i.__hardfp_cosf     m_wm.l(cosf.o)
    0x0800f488   0x0800f488   0x00000118   Code   RO         9462    i.__hardfp_floor    m_wm.l(floor.o)
    0x0800f5a0   0x0800f5a0   0x00000c50   Code   RO         9468    i.__hardfp_pow      m_wm.l(pow.o)
    0x080101f0   0x080101f0   0x00000190   Code   RO         9482    i.__hardfp_sinf     m_wm.l(sinf.o)
    0x08010380   0x08010380   0x0000017c   Code   RO         9506    i.__hardfp_tanf     m_wm.l(tanf.o)
    0x080104fc   0x080104fc   0x00000004   PAD
    0x08010500   0x08010500   0x000000b0   Code   RO         9518    i.__hardfp_trunc    m_wm.l(trunc.o)
    0x080105b0   0x080105b0   0x000000f8   Code   RO         9884    i.__kernel_poly     m_wm.l(poly.o)
    0x080106a8   0x080106a8   0x00000030   Code   RO         9846    i.__mathlib_dbl_divzero  m_wm.l(dunder.o)
    0x080106d8   0x080106d8   0x00000014   Code   RO         9847    i.__mathlib_dbl_infnan  m_wm.l(dunder.o)
    0x080106ec   0x080106ec   0x00000014   Code   RO         9848    i.__mathlib_dbl_infnan2  m_wm.l(dunder.o)
    0x08010700   0x08010700   0x00000020   Code   RO         9849    i.__mathlib_dbl_invalid  m_wm.l(dunder.o)
    0x08010720   0x08010720   0x00000020   Code   RO         9850    i.__mathlib_dbl_overflow  m_wm.l(dunder.o)
    0x08010740   0x08010740   0x00000020   Code   RO         9852    i.__mathlib_dbl_underflow  m_wm.l(dunder.o)
    0x08010760   0x08010760   0x00000006   Code   RO         9871    i.__mathlib_flt_infnan  m_wm.l(funder.o)
    0x08010766   0x08010766   0x00000002   PAD
    0x08010768   0x08010768   0x00000010   Code   RO         9873    i.__mathlib_flt_invalid  m_wm.l(funder.o)
    0x08010778   0x08010778   0x00000010   Code   RO         9876    i.__mathlib_flt_underflow  m_wm.l(funder.o)
    0x08010788   0x08010788   0x00000154   Code   RO         9887    i.__mathlib_rredf2  m_wm.l(rredf.o)
    0x080108dc   0x080108dc   0x0000000e   Code   RO         9957    i.__scatterload_copy  mc_w.l(handlers.o)
    0x080108ea   0x080108ea   0x00000002   Code   RO         9958    i.__scatterload_null  mc_w.l(handlers.o)
    0x080108ec   0x080108ec   0x0000000e   Code   RO         9959    i.__scatterload_zeroinit  mc_w.l(handlers.o)
    0x080108fa   0x080108fa   0x00000002   PAD
    0x080108fc   0x080108fc   0x0000000c   Code   RO         9927    i.__set_errno       mc_w.l(errno.o)
    0x08010908   0x08010908   0x00000410   Code   RO         9759    i._printf_core      mc_w.l(printf8.o)
    0x08010d18   0x08010d18   0x00000024   Code   RO         9760    i._printf_post_padding  mc_w.l(printf8.o)
    0x08010d3c   0x08010d3c   0x0000002e   Code   RO         9761    i._printf_pre_padding  mc_w.l(printf8.o)
    0x08010d6a   0x08010d6a   0x00000016   Code   RO         9762    i._snputc           mc_w.l(printf8.o)
    0x08010d80   0x08010d80   0x00000010   Code   RO         9426    i.asin              m_wm.l(asin.o)
    0x08010d90   0x08010d90   0x00000010   Code   RO         9834    i.atan              m_wm.l(atan.o)
    0x08010da0   0x08010da0   0x00000014   Code   RO         9440    i.atan2             m_wm.l(atan2.o)
    0x08010db4   0x08010db4   0x00000010   Code   RO         9452    i.cosf              m_wm.l(cosf.o)
    0x08010dc4   0x08010dc4   0x00000018   Code   RO         9862    i.fabs              m_wm.l(fabs.o)
    0x08010ddc   0x08010ddc   0x00000108   Code   RO          603    i.floatToInt        app_x-cube-mems1.o
    0x08010ee4   0x08010ee4   0x00000010   Code   RO         9464    i.floor             m_wm.l(floor.o)
    0x08010ef4   0x08010ef4   0x00000028   Code   RO         1061    i.fputc             stm32f4xx_nucleo.o
    0x08010f1c   0x08010f1c   0x00000032   Code   RO         4279    i.hts221_block_data_update_set  hts221_reg.o
    0x08010f4e   0x08010f4e   0x00000050   Code   RO         4282    i.hts221_data_rate_get  hts221_reg.o
    0x08010f9e   0x08010f9e   0x00000032   Code   RO         4283    i.hts221_data_rate_set  hts221_reg.o
    0x08010fd0   0x08010fd0   0x00000018   Code   RO         4284    i.hts221_device_id_get  hts221_reg.o
    0x08010fe8   0x08010fe8   0x00000018   Code   RO         4289    i.hts221_hum_adc_point_0_get  hts221_reg.o
    0x08011000   0x08011000   0x00000018   Code   RO         4290    i.hts221_hum_adc_point_1_get  hts221_reg.o
    0x08011018   0x08011018   0x0000001e   Code   RO         4292    i.hts221_hum_rh_point_0_get  hts221_reg.o
    0x08011036   0x08011036   0x0000001e   Code   RO         4293    i.hts221_hum_rh_point_1_get  hts221_reg.o
    0x08011054   0x08011054   0x00000018   Code   RO         4296    i.hts221_humidity_raw_get  hts221_reg.o
    0x0801106c   0x0801106c   0x00000032   Code   RO         4304    i.hts221_power_on_set  hts221_reg.o
    0x0801109e   0x0801109e   0x00000020   Code   RO         4305    i.hts221_read_reg   hts221_reg.o
    0x080110be   0x080110be   0x00000018   Code   RO         4307    i.hts221_temp_adc_point_0_get  hts221_reg.o
    0x080110d6   0x080110d6   0x00000018   Code   RO         4308    i.hts221_temp_adc_point_1_get  hts221_reg.o
    0x080110ee   0x080110ee   0x00000040   Code   RO         4310    i.hts221_temp_deg_point_0_get  hts221_reg.o
    0x0801112e   0x0801112e   0x00000040   Code   RO         4311    i.hts221_temp_deg_point_1_get  hts221_reg.o
    0x0801116e   0x0801116e   0x00000018   Code   RO         4314    i.hts221_temperature_raw_get  hts221_reg.o
    0x08011186   0x08011186   0x00000022   Code   RO         4315    i.hts221_write_reg  hts221_reg.o
    0x080111a8   0x080111a8   0x0000002c   Code   RO           22    i.lib_init          sensor.o
    0x080111d4   0x080111d4   0x00000032   Code   RO         4696    i.lps22hb_auto_add_inc_set  lps22hb_reg.o
    0x08011206   0x08011206   0x00000032   Code   RO         4702    i.lps22hb_block_data_update_set  lps22hb_reg.o
    0x08011238   0x08011238   0x0000005a   Code   RO         4706    i.lps22hb_data_rate_get  lps22hb_reg.o
    0x08011292   0x08011292   0x00000032   Code   RO         4707    i.lps22hb_data_rate_set  lps22hb_reg.o
    0x080112c4   0x080112c4   0x00000018   Code   RO         4709    i.lps22hb_device_id_get  lps22hb_reg.o
    0x080112dc   0x080112dc   0x00000018   Code   RO         4727    i.lps22hb_from_lsb_to_degc  lps22hb_reg.o
    0x080112f4   0x080112f4   0x00000018   Code   RO         4728    i.lps22hb_from_lsb_to_hpa  lps22hb_reg.o
    0x0801130c   0x0801130c   0x00000032   Code   RO         4746    i.lps22hb_low_pass_filter_mode_set  lps22hb_reg.o
    0x0801133e   0x0801133e   0x00000032   Code   RO         4749    i.lps22hb_low_power_set  lps22hb_reg.o
    0x08011370   0x08011370   0x00000018   Code   RO         4758    i.lps22hb_pressure_raw_get  lps22hb_reg.o
    0x08011388   0x08011388   0x00000020   Code   RO         4765    i.lps22hb_read_reg  lps22hb_reg.o
    0x080113a8   0x080113a8   0x00000018   Code   RO         4776    i.lps22hb_temperature_raw_get  lps22hb_reg.o
    0x080113c0   0x080113c0   0x00000022   Code   RO         4777    i.lps22hb_write_reg  lps22hb_reg.o
    0x080113e2   0x080113e2   0x00000018   Code   RO         7476    i.lsm303agr_acceleration_raw_get  lsm303agr_reg.o
    0x080113fa   0x080113fa   0x00000032   Code   RO         7500    i.lsm303agr_mag_block_data_update_set  lsm303agr_reg.o
    0x0801142c   0x0801142c   0x00000050   Code   RO         7506    i.lsm303agr_mag_data_rate_get  lsm303agr_reg.o
    0x0801147c   0x0801147c   0x00000032   Code   RO         7507    i.lsm303agr_mag_data_rate_set  lsm303agr_reg.o
    0x080114ae   0x080114ae   0x00000018   Code   RO         7509    i.lsm303agr_mag_device_id_get  lsm303agr_reg.o
    0x080114c6   0x080114c6   0x00000032   Code   RO         7513    i.lsm303agr_mag_i2c_interface_set  lsm303agr_reg.o
    0x080114f8   0x080114f8   0x00000032   Code   RO         7528    i.lsm303agr_mag_operating_mode_set  lsm303agr_reg.o
    0x0801152a   0x0801152a   0x00000032   Code   RO         7534    i.lsm303agr_mag_self_test_set  lsm303agr_reg.o
    0x0801155c   0x0801155c   0x00000018   Code   RO         7542    i.lsm303agr_magnetic_raw_get  lsm303agr_reg.o
    0x08011574   0x08011574   0x00000020   Code   RO         7545    i.lsm303agr_read_reg  lsm303agr_reg.o
    0x08011594   0x08011594   0x00000022   Code   RO         7559    i.lsm303agr_write_reg  lsm303agr_reg.o
    0x080115b6   0x080115b6   0x00000032   Code   RO         7561    i.lsm303agr_xl_block_data_update_set  lsm303agr_reg.o
    0x080115e8   0x080115e8   0x00000074   Code   RO         7567    i.lsm303agr_xl_data_rate_get  lsm303agr_reg.o
    0x0801165c   0x0801165c   0x00000032   Code   RO         7568    i.lsm303agr_xl_data_rate_set  lsm303agr_reg.o
    0x0801168e   0x0801168e   0x00000018   Code   RO         7570    i.lsm303agr_xl_device_id_get  lsm303agr_reg.o
    0x080116a6   0x080116a6   0x00000032   Code   RO         7576    i.lsm303agr_xl_fifo_mode_set  lsm303agr_reg.o
    0x080116d8   0x080116d8   0x00000050   Code   RO         7586    i.lsm303agr_xl_full_scale_get  lsm303agr_reg.o
    0x08011728   0x08011728   0x00000032   Code   RO         7587    i.lsm303agr_xl_full_scale_set  lsm303agr_reg.o
    0x0801175a   0x0801175a   0x0000004c   Code   RO         7618    i.lsm303agr_xl_operating_mode_get  lsm303agr_reg.o
    0x080117a6   0x080117a6   0x00000018   Code   RO         5448    i.lsm6dsl_acceleration_raw_get  lsm6dsl_reg.o
    0x080117be   0x080117be   0x00000018   Code   RO         5456    i.lsm6dsl_angular_rate_raw_get  lsm6dsl_reg.o
    0x080117d6   0x080117d6   0x00000032   Code   RO         5458    i.lsm6dsl_auto_increment_set  lsm6dsl_reg.o
    0x08011808   0x08011808   0x00000032   Code   RO         5460    i.lsm6dsl_block_data_update_set  lsm6dsl_reg.o
    0x0801183a   0x0801183a   0x00000018   Code   RO         5479    i.lsm6dsl_device_id_get  lsm6dsl_reg.o
    0x08011852   0x08011852   0x00000032   Code   RO         5494    i.lsm6dsl_fifo_mode_set  lsm6dsl_reg.o
    0x08011884   0x08011884   0x0000007c   Code   RO         5527    i.lsm6dsl_gy_data_rate_get  lsm6dsl_reg.o
    0x08011900   0x08011900   0x00000032   Code   RO         5528    i.lsm6dsl_gy_data_rate_set  lsm6dsl_reg.o
    0x08011932   0x08011932   0x00000056   Code   RO         5530    i.lsm6dsl_gy_full_scale_get  lsm6dsl_reg.o
    0x08011988   0x08011988   0x00000032   Code   RO         5531    i.lsm6dsl_gy_full_scale_set  lsm6dsl_reg.o
    0x080119ba   0x080119ba   0x00000020   Code   RO         5579    i.lsm6dsl_read_reg  lsm6dsl_reg.o
    0x080119da   0x080119da   0x00000022   Code   RO         5662    i.lsm6dsl_write_reg  lsm6dsl_reg.o
    0x080119fc   0x080119fc   0x00000082   Code   RO         5663    i.lsm6dsl_xl_data_rate_get  lsm6dsl_reg.o
    0x08011a7e   0x08011a7e   0x00000032   Code   RO         5664    i.lsm6dsl_xl_data_rate_set  lsm6dsl_reg.o
    0x08011ab0   0x08011ab0   0x00000050   Code   RO         5668    i.lsm6dsl_xl_full_scale_get  lsm6dsl_reg.o
    0x08011b00   0x08011b00   0x00000032   Code   RO         5669    i.lsm6dsl_xl_full_scale_set  lsm6dsl_reg.o
    0x08011b32   0x08011b32   0x00000002   PAD
    0x08011b34   0x08011b34   0x00000050   Code   RO          474    i.main              main.o
    0x08011b84   0x08011b84   0x00000040   Code   RO          433    i.read_buf          oth_dev.o
    0x08011bc4   0x08011bc4   0x00000010   Code   RO         9484    i.sinf              m_wm.l(sinf.o)
    0x08011bd4   0x08011bd4   0x0000006e   Code   RO         9496    i.sqrt              m_wm.l(sqrt.o)
    0x08011c42   0x08011c42   0x00000010   Code   RO         9508    i.tanf              m_wm.l(tanf.o)
    0x08011c52   0x08011c52   0x00000002   PAD
    0x08011c54   0x08011c54   0x00000014   Data   RO         1063    .constdata          stm32f4xx_nucleo.o
    0x08011c68   0x08011c68   0x00000018   Data   RO         1187    .constdata          system_stm32f4xx.o
    0x08011c80   0x08011c80   0x00000050   Data   RO         9427    .constdata          m_wm.l(asin.o)
    0x08011cd0   0x08011cd0   0x00000088   Data   RO         9471    .constdata          m_wm.l(pow.o)
    0x08011d58   0x08011d58   0x00000098   Data   RO         9835    .constdata          m_wm.l(atan.o)
    0x08011df0   0x08011df0   0x00000008   Data   RO         9886    .constdata          m_wm.l(qnan.o)
    0x08011df8   0x08011df8   0x00000020   Data   RO         9888    .constdata          m_wm.l(rredf.o)
    0x08011e18   0x08011e18   0x000000e8   Data   RO          605    .conststring        app_x-cube-mems1.o
    0x08011f00   0x08011f00   0x000001bb   Data   RO         9411    .rodata             MotionFX_CM4F_wc16_ot.a(motion_fx.o)
    0x080120bb   0x080120bb   0x00000001   PAD
    0x080120bc   0x080120bc   0x00000020   Data   RO         9955    Region$$Table       anon$$obj.o


    Execution Region RW_IRAM1 (Exec base: 0x20000000, Load base: 0x080120dc, Size: 0x0000a808, Max: 0x00018000, ABSOLUTE, COMPRESSED[0x00000198])

    Exec Addr    Load Addr    Size         Type   Attr      Idx    E Section Name        Object

    0x20000000   COMPRESSED   0x0000002c   Data   RW           24    .data               sensor.o
    0x2000002c   COMPRESSED   0x0000000c   Data   RW          277    .data               motionfx_manager.o
    0x20000038   COMPRESSED   0x00000003   Data   RW          435    .data               oth_dev.o
    0x2000003b   COMPRESSED   0x00000001   PAD
    0x2000003c   COMPRESSED   0x00000008   Data   RW          553    .data               crc.o
    0x20000044   COMPRESSED   0x00000008   Data   RW          606    .data               app_x-cube-mems1.o
    0x2000004c   COMPRESSED   0x00000004   Data   RW          831    .data               stm32f4xx_nucleo_bus.o
    0x20000050   COMPRESSED   0x00000001   Data   RW          933    .data               stm32f4xx_it.o
    0x20000051   COMPRESSED   0x00000003   PAD
    0x20000054   COMPRESSED   0x00000019   Data   RW         1064    .data               stm32f4xx_nucleo.o
    0x2000006d   COMPRESSED   0x00000003   PAD
    0x20000070   COMPRESSED   0x00000004   Data   RW         1188    .data               system_stm32f4xx.o
    0x20000074   COMPRESSED   0x00000009   Data   RW         2723    .data               stm32f4xx_hal.o
    0x2000007d   COMPRESSED   0x00000003   PAD
    0x20000080   COMPRESSED   0x00000038   Data   RW         4544    .data               hts221.o
    0x200000b8   COMPRESSED   0x00000038   Data   RW         5241    .data               lps22hb.o
    0x200000f0   COMPRESSED   0x00000058   Data   RW         7015    .data               lsm6dsl.o
    0x20000148   COMPRESSED   0x00000068   Data   RW         8448    .data               lsm303agr.o
    0x200001b0   COMPRESSED   0x00000014   Data   RW         8696    .data               iks01a2_motion_sensors.o
    0x200001c4   COMPRESSED   0x0000002c   Data   RW         9170    .data               iks01a2_env_sensors.o
    0x200001f0   COMPRESSED   0x000011c0   Data   RW         9365    .data               MotionFX_CM4F_wc16_ot.a(motion_fx.o)
    0x200013b0   COMPRESSED   0x00000004   Data   RW         9916    .data               mc_w.l(stdout.o)
    0x200013b4   COMPRESSED   0x00000004   Data   RW         9928    .data               mc_w.l(errno.o)
    0x200013b8        -       0x000000f3   Zero   RW           23    .bss                sensor.o
    0x200014ab   COMPRESSED   0x00000001   PAD
    0x200014ac        -       0x0000003c   Zero   RW          276    .bss                motionfx_manager.o
    0x200014e8        -       0x0000012c   Zero   RW          434    .bss                oth_dev.o
    0x20001614        -       0x00000174   Zero   RW          604    .bss                app_x-cube-mems1.o
    0x20001788        -       0x00000040   Zero   RW          730    .bss                tim.o
    0x200017c8        -       0x00000080   Zero   RW          773    .bss                usart.o
    0x20001848        -       0x00000054   Zero   RW          830    .bss                stm32f4xx_nucleo_bus.o
    0x2000189c        -       0x00000040   Zero   RW         1062    .bss                stm32f4xx_nucleo.o
    0x200018dc        -       0x000000d0   Zero   RW         8695    .bss                iks01a2_motion_sensors.o
    0x200019ac        -       0x00000070   Zero   RW         9169    .bss                iks01a2_env_sensors.o
    0x20001a1c        -       0x00000de9   Zero   RW         9366    .bss                MotionFX_CM4F_wc16_ot.a(motion_fx.o)
    0x20002805   COMPRESSED   0x00000003   PAD
    0x20002808        -       0x00008000   Zero   RW            1    STACK               startup_stm32f401xe.o


==============================================================================

Image component sizes


      Code (inc. data)   RO Data    RW Data    ZI Data      Debug   Object Name

      1154        274        232          8        372       5871   app_x-cube-mems1.o
        84         18          0          8          0       1475   crc.o
       208         16          0          0          0        971   gpio.o
      1392         26          0         56          0      17570   hts221.o
       652          0          0          0          0      15720   hts221_reg.o
       960        142          0         44        112      11265   iks01a2_env_sensors.o
      1364        204          0         20        208       6137   iks01a2_motion_sensors.o
      1416         48          0         56          0      19004   lps22hb.o
       526         18          0          0          0      13923   lps22hb_reg.o
      3032        182          0        104          0      33242   lsm303agr.o
       964         10          0          0          0      25467   lsm303agr_reg.o
      3020        296          0         88          0      26729   lsm6dsl.o
       908         32          0          0          0      12562   lsm6dsl_reg.o
       270         18          0          0          0       2072   main.o
       360         28          0         12         60       5326   motionfx_manager.o
       144         24          0          3        300       2392   oth_dev.o
       372         58          0         44        243     489915   sensor.o
        36          8        404          0      32768        836   startup_stm32f401xe.o
       172         32          0          9          0       3957   stm32f4xx_hal.o
       304         22          0          0          0      34495   stm32f4xx_hal_cortex.o
        36          0          0          0          0       1051   stm32f4xx_hal_crc.o
        40          0          0          0          0       1139   stm32f4xx_hal_dma.o
        34          0          0          0          0       1837   stm32f4xx_hal_exti.o
       808         62          0          0          0       3857   stm32f4xx_hal_gpio.o
      2850         46          0          0          0      14711   stm32f4xx_hal_i2c.o
        76          0          0          0          0       1111   stm32f4xx_hal_i2c_ex.o
        80          6          0          0          0        846   stm32f4xx_hal_msp.o
      1732         84          0          0          0       5576   stm32f4xx_hal_rcc.o
      1054         30          0          0          0       9571   stm32f4xx_hal_tim.o
        88          0          0          0          0       2461   stm32f4xx_hal_tim_ex.o
      2000         12          0          0          0       9763   stm32f4xx_hal_uart.o
       128         28          0          1          0       5891   stm32f4xx_it.o
       714        110         20         25         64      10158   stm32f4xx_nucleo.o
       504         58          0          4         84       5606   stm32f4xx_nucleo_bus.o
       100         18         24          4          0       1175   system_stm32f4xx.o
       184         20          0          0         64       1662   tim.o
       396         42          0          0        128       2355   usart.o

    ----------------------------------------------------------------------
     28208       1972        712        496      34404     807699   Object Totals
         0          0         32          0          0          0   (incl. Generated)
        46          0          0         10          1          0   (incl. Padding)

    ----------------------------------------------------------------------

      Code (inc. data)   RO Data    RW Data    ZI Data      Debug   Library Member Name

     32484       1250        443       4544       3561          0   motion_fx.o
       880         94         80          0          0        404   asin.o
       744        106        152          0          0        352   atan.o
       516         64          0          0          0        316   atan2.o
       352         56          0          0          0        260   cosf.o
       184         44          0          0          0        744   dunder.o
        24          0          0          0          0        124   fabs.o
       296         28          0          0          0        280   floor.o
        48          0          0          0          0        124   fpclassify.o
        38          0          0          0          0        116   fpclassifyf.o
        38         12          0          0          0        348   funder.o
       248          0          0          0          0        152   poly.o
      3152        296        136          0          0        352   pow.o
         0          0          8          0          0          0   qnan.o
       340         24         32          0          0        160   rredf.o
       416         56          0          0          0        336   sinf.o
       110          0          0          0          0        148   sqrt.o
       396         58          0          0          0        324   tanf.o
       176         22          0          0          0        156   trunc.o
        86          0          0          0          0          0   __dczerorl2.o
         0          0          0          0          0          0   entry.o
         0          0          0          0          0          0   entry10a.o
         0          0          0          0          0          0   entry11a.o
         8          4          0          0          0          0   entry2.o
         4          0          0          0          0          0   entry5.o
         0          0          0          0          0          0   entry7b.o
         0          0          0          0          0          0   entry8b.o
         8          4          0          0          0          0   entry9a.o
        12          6          0          4          0         68   errno.o
        30          0          0          0          0          0   handlers.o
        36          8          0          0          0         68   init.o
         0          0          0          0          0          0   iusefp.o
        30          0          0          0          0         68   llshl.o
        36          0          0          0          0         68   llsshr.o
        32          0          0          0          0         68   llushr.o
        40          0          0          0          0         76   memcpy.o
        36          0          0          0          0        108   memseta.o
      1224         58          0          0          0        504   printf8.o
         0          0          0          4          0          0   stdout.o
        18          0          0          0          0         68   strcpy.o
        98          0          0          0          0         92   uldiv.o
        48          0          0          0          0         68   cdcmple.o
        48          0          0          0          0         68   cdrcmple.o
        56          0          0          0          0         88   d2f.o
       334          0          0          0          0        148   dadd.o
        56          0          0          0          0         80   dcmpeq.o
        54          0          0          0          0         80   dcmpge.o
        54          0          0          0          0         80   dcmpgt.o
        54          0          0          0          0         80   dcmple.o
        54          0          0          0          0         80   dcmplt.o
       222          0          0          0          0        100   ddiv.o
       186          0          0          0          0        176   depilogue.o
        62          0          0          0          0         80   dfixi.o
        34          0          0          0          0         76   dflti.o
        26          0          0          0          0         76   dfltui.o
       228          0          0          0          0         96   dmul.o
       136          4          0          0          0         92   drnd.o
        46          0          0          0          0         80   dscalb.o
       162          0          0          0          0        100   dsqrt.o
        38          0          0          0          0         68   f2d.o
       110          0          0          0          0        168   fepilogue.o

    ----------------------------------------------------------------------
     44176       2210        852       4552       3564       7768   Library Totals
        28         16          1          0          3          0   (incl. Padding)

    ----------------------------------------------------------------------

      Code (inc. data)   RO Data    RW Data    ZI Data      Debug   Library Name

     32484       1250        443       4544       3561          0   MotionFX_CM4F_wc16_ot.a
      7958        860        408          0          0       4696   m_wm.l
      1698         80          0          8          0       1188   mc_w.l
      2008          4          0          0          0       1884   mf_w.l

    ----------------------------------------------------------------------
     44176       2210        852       4552       3564       7768   Library Totals

    ----------------------------------------------------------------------

==============================================================================


      Code (inc. data)   RO Data    RW Data    ZI Data      Debug   

     72384       4182       1564       5048      37968     779687   Grand Totals
     72384       4182       1564        408      37968     779687   ELF Image Totals (compressed)
     72384       4182       1564        408          0          0   ROM Totals

==============================================================================

    Total RO  Size (Code + RO Data)                73948 (  72.21kB)
    Total RW  Size (RW Data + ZI Data)             43016 (  42.01kB)
    Total ROM Size (Code + RO Data + RW Data)      74356 (  72.61kB)

==============================================================================

