<html>
<body>
<pre>
<h1>µVision Build Log</h1>
<h2>Tool Versions:</h2>
IDE-Version: µVision V5.26.2.0
Copyright (C) 2018 ARM Ltd and ARM Germany GmbH. All rights reserved.
License Information: Irina Anokhina, Home, LIC=4ZLII-TEB96-D0BN3-A224F-8NH05-P6ATD
 
Tool Versions:
Toolchain:       MDK-ARM Professional  Version: 5.26.2.0
Toolchain Path:  C:\Keil_v5\ARM\ARMCC\Bin
C Compiler:      Armcc.exe V5.06 update 6 (build 750)
Assembler:       Armasm.exe V5.06 update 6 (build 750)
Linker/Locator:  ArmLink.exe V5.06 update 6 (build 750)
Library Manager: ArmAr.exe V5.06 update 6 (build 750)
Hex Converter:   FromElf.exe V5.06 update 6 (build 750)
CPU DLL:         SARMCM3.DLL V5.26.2.0
Dialog DLL:      DCM.DLL V1.17.2.0
Target DLL:      STLink\ST-LINKIII-KEIL_SWO.dll V3.0.5.0
Dialog DLL:      TCM.DLL V1.36.1.0
 
<h2>Project:</h2>
E:\Ira\Projects\MotionLib_IMU\MDK-ARM\MFX_1709.uvprojx
Project File Date:  11/27/2019

<h2>Output:</h2>
*** Using Compiler 'V5.06 update 6 (build 750)', folder: 'C:\Keil_v5\ARM\ARMCC\Bin'
Build target 'MFX_1709'
compiling Oth_dev.c...
../Inc/Oth_Dev.h(28): warning:  #1295-D: Deprecated declaration OutBufferStr - give arg types
  uint8_t OutBufferStr();
../Inc/Oth_Dev.h(29): warning:  #1295-D: Deprecated declaration IsNewData - give arg types
  uint8_t IsNewData();
../Inc/Oth_Dev.h(30): warning:  #1295-D: Deprecated declaration clearBuf - give arg types
  void clearBuf();
..\Src\Oth_dev.c(107): warning:  #177-D: variable "test"  was declared but never referenced
  	float Norm, test, xx,yy,zz;
..\Src\Oth_dev.c(107): warning:  #177-D: variable "xx"  was declared but never referenced
  	float Norm, test, xx,yy,zz;
..\Src\Oth_dev.c(107): warning:  #177-D: variable "yy"  was declared but never referenced
  	float Norm, test, xx,yy,zz;
..\Src\Oth_dev.c(107): warning:  #177-D: variable "zz"  was declared but never referenced
  	float Norm, test, xx,yy,zz;
..\Src\Oth_dev.c(171): warning:  #177-D: variable "q0"  was declared but never referenced
  		float q0, q1, q2, q3, recipNorm;
..\Src\Oth_dev.c(171): warning:  #177-D: variable "q1"  was declared but never referenced
  		float q0, q1, q2, q3, recipNorm;
..\Src\Oth_dev.c(171): warning:  #177-D: variable "q2"  was declared but never referenced
  		float q0, q1, q2, q3, recipNorm;
..\Src\Oth_dev.c(171): warning:  #177-D: variable "q3"  was declared but never referenced
  		float q0, q1, q2, q3, recipNorm;
..\Src\Oth_dev.c(171): warning:  #177-D: variable "recipNorm"  was declared but never referenced
  		float q0, q1, q2, q3, recipNorm;
..\Src\Oth_dev.c(199): warning:  #177-D: variable "q0"  was declared but never referenced
  		float q0, q1, q2, q3, recipNorm;
..\Src\Oth_dev.c(199): warning:  #177-D: variable "q1"  was declared but never referenced
  		float q0, q1, q2, q3, recipNorm;
..\Src\Oth_dev.c(199): warning:  #177-D: variable "q2"  was declared but never referenced
  		float q0, q1, q2, q3, recipNorm;
..\Src\Oth_dev.c(199): warning:  #177-D: variable "q3"  was declared but never referenced
  		float q0, q1, q2, q3, recipNorm;
..\Src\Oth_dev.c(199): warning:  #177-D: variable "recipNorm"  was declared but never referenced
  		float q0, q1, q2, q3, recipNorm;
..\Src\Oth_dev.c(290): warning:  #1035-D: single-precision operand implicitly converted to double-precision
  		 if(IMU0.Yaw > 360.0)
..\Src\Oth_dev.c(291): warning:  #1035-D: single-precision operand implicitly converted to double-precision
  			IMU0.Yaw -= 360.0;
..\Src\Oth_dev.c(296): warning:  #1035-D: single-precision operand implicitly converted to double-precision
  		else if(IMU0.Pitch > 180.0)
..\Src\Oth_dev.c(297): warning:  #1035-D: single-precision operand implicitly converted to double-precision
  			IMU0.Pitch = -180.0 +(IMU0.Pitch - 180.0);
..\Src\Oth_dev.c(302): warning:  #1035-D: single-precision operand implicitly converted to double-precision
  		else if(IMU0.Roll > 180.0)
..\Src\Oth_dev.c(303): warning:  #1035-D: single-precision operand implicitly converted to double-precision
  			IMU0.Roll = -180.0 +(IMU0.Roll - 180.0);
..\Src\Oth_dev.c(312): warning:  #1035-D: single-precision operand implicitly converted to double-precision
  		 if(IMU0.Yaw > 360.0)
..\Src\Oth_dev.c(313): warning:  #1035-D: single-precision operand implicitly converted to double-precision
  			IMU0.Yaw -= 360.0;
..\Src\Oth_dev.c(318): warning:  #1035-D: single-precision operand implicitly converted to double-precision
  		else if(IMU0.Pitch > 180.0)
..\Src\Oth_dev.c(319): warning:  #1035-D: single-precision operand implicitly converted to double-precision
  			IMU0.Pitch = -180.0 +(IMU0.Pitch - 180.0);
..\Src\Oth_dev.c(324): warning:  #1035-D: single-precision operand implicitly converted to double-precision
  		else if(IMU0.Roll > 180.0)
..\Src\Oth_dev.c(325): warning:  #1035-D: single-precision operand implicitly converted to double-precision
  			IMU0.Roll = -180.0 +(IMU0.Roll - 180.0);
..\Src\Oth_dev.c(370): warning:  #1-D: last line of file ends without a newline
  	
..\Src\Oth_dev.c(82): warning:  #177-D: function "Quaternion_Addition"  was declared but never referenced
  	void Quaternion_Addition(MFX_output_t* ourDev, MFX_output_t* othDev)
..\Src\Oth_dev.c(197): warning:  #177-D: function "Quaternion_Product"  was declared but never referenced
  	void Quaternion_Product(MFX_output_t* ourDev, MFX_output_t* othDev)
..\Src\Oth_dev.c: 32 warnings, 0 errors
linking...
Program Size: Code=79700 RO-data=1864 RW-data=5048 ZI-data=38888  
FromELF: creating hex file...
"MFX_1709\MFX_1709.axf" - 0 Error(s), 32 Warning(s).

<h2>Software Packages used:</h2>

Package Vendor: ARM
                http://www.keil.com/pack/ARM.CMSIS.5.5.1.pack
                ARM.CMSIS.5.5.1
                CMSIS (Cortex Microcontroller Software Interface Standard)
   * Component: CORE Version: 5.2.0

Package Vendor: Keil
                http://www.keil.com/pack/Keil.STM32F4xx_DFP.2.13.0.pack
                Keil.STM32F4xx_DFP.2.13.0
                STMicroelectronics STM32F4 Series Device Support, Drivers and Examples

<h2>Collection of Component include folders:</h2>
  .\RTE\_MFX_1709
  C:\Keil_v5\ARM\PACK\ARM\CMSIS\5.5.1\CMSIS\Core\Include
  C:\Keil_v5\ARM\PACK\Keil\STM32F4xx_DFP\2.13.0\Drivers\CMSIS\Device\ST\STM32F4xx\Include

<h2>Collection of Component Files used:</h2>

   * Component: ARM::CMSIS:CORE:5.2.0
Build Time Elapsed:  00:00:03
</pre>
</body>
</html>
