Component: ARM Compiler 5.06 update 6 (build 750) Tool: armlink [4d35ed]

==============================================================================

Section Cross References

    startup_stm32f401xe.o(RESET) refers to startup_stm32f401xe.o(STACK) for __initial_sp
    startup_stm32f401xe.o(RESET) refers to startup_stm32f401xe.o(.text) for Reset_Handler
    startup_stm32f401xe.o(RESET) refers to stm32f4xx_it.o(i.NMI_Handler) for NMI_Handler
    startup_stm32f401xe.o(RESET) refers to stm32f4xx_it.o(i.HardFault_Handler) for HardFault_Handler
    startup_stm32f401xe.o(RESET) refers to stm32f4xx_it.o(i.MemManage_Handler) for MemManage_Handler
    startup_stm32f401xe.o(RESET) refers to stm32f4xx_it.o(i.BusFault_Handler) for BusFault_Handler
    startup_stm32f401xe.o(RESET) refers to stm32f4xx_it.o(i.UsageFault_Handler) for UsageFault_Handler
    startup_stm32f401xe.o(RESET) refers to stm32f4xx_it.o(i.SVC_Handler) for SVC_Handler
    startup_stm32f401xe.o(RESET) refers to stm32f4xx_it.o(i.DebugMon_Handler) for DebugMon_Handler
    startup_stm32f401xe.o(RESET) refers to stm32f4xx_it.o(i.PendSV_Handler) for PendSV_Handler
    startup_stm32f401xe.o(RESET) refers to stm32f4xx_it.o(i.SysTick_Handler) for SysTick_Handler
    startup_stm32f401xe.o(RESET) refers to stm32f4xx_it.o(i.DMA1_Stream5_IRQHandler) for DMA1_Stream5_IRQHandler
    startup_stm32f401xe.o(RESET) refers to stm32f4xx_it.o(i.DMA1_Stream6_IRQHandler) for DMA1_Stream6_IRQHandler
    startup_stm32f401xe.o(RESET) refers to stm32f4xx_it.o(i.TIM3_IRQHandler) for TIM3_IRQHandler
    startup_stm32f401xe.o(RESET) refers to stm32f4xx_it.o(i.USART1_IRQHandler) for USART1_IRQHandler
    startup_stm32f401xe.o(RESET) refers to stm32f4xx_it.o(i.DMA2_Stream1_IRQHandler) for DMA2_Stream1_IRQHandler
    startup_stm32f401xe.o(RESET) refers to stm32f4xx_it.o(i.DMA2_Stream6_IRQHandler) for DMA2_Stream6_IRQHandler
    startup_stm32f401xe.o(RESET) refers to stm32f4xx_it.o(i.USART6_IRQHandler) for USART6_IRQHandler
    startup_stm32f401xe.o(.text) refers to system_stm32f4xx.o(i.SystemInit) for SystemInit
    startup_stm32f401xe.o(.text) refers to entry.o(.ARM.Collect$$$$00000000) for __main
    sensor.o(i.Accelero_Sensor_Handler) refers to iks01a2_motion_sensors.o(i.IKS01A2_MOTION_SENSOR_GetAxes) for IKS01A2_MOTION_SENSOR_GetAxes
    sensor.o(i.Accelero_Sensor_Handler) refers to sensor.o(.bss) for AccValue
    sensor.o(i.FX_Data_Handler) refers to motionfx_manager.o(i.MotionFX_manager_run) for MotionFX_manager_run
    sensor.o(i.FX_Data_Handler) refers to sensor.o(.bss) for data_out
    sensor.o(i.Gyro_Sensor_Handler) refers to iks01a2_motion_sensors.o(i.IKS01A2_MOTION_SENSOR_GetAxes) for IKS01A2_MOTION_SENSOR_GetAxes
    sensor.o(i.Gyro_Sensor_Handler) refers to sensor.o(.bss) for GyrValue
    sensor.o(i.HAL_TIM_PeriodElapsedCallback) refers to sensor.o(i.Lib_ReadRequest) for Lib_ReadRequest
    sensor.o(i.HAL_UART_RxCpltCallback) refers to memcpy.o(.text) for __aeabi_memcpy4
    sensor.o(i.HAL_UART_RxCpltCallback) refers to sensor.o(.bss) for BufRead
    sensor.o(i.HAL_UART_RxCpltCallback) refers to oth_dev.o(.bss) for Attitude
    sensor.o(i.IMU_proc) refers to sensor.o(.bss) for AccValue
    sensor.o(i.IMU_proc) refers to sensor.o(.data) for Ax
    sensor.o(i.Init_Sensors) refers to iks01a2_motion_sensors.o(i.IKS01A2_MOTION_SENSOR_Init) for IKS01A2_MOTION_SENSOR_Init
    sensor.o(i.Lib_Process) refers to stm32f4xx_nucleo.o(i.BSP_LED_On) for BSP_LED_On
    sensor.o(i.Lib_Process) refers to sensor.o(i.Accelero_Sensor_Handler) for Accelero_Sensor_Handler
    sensor.o(i.Lib_Process) refers to sensor.o(i.Gyro_Sensor_Handler) for Gyro_Sensor_Handler
    sensor.o(i.Lib_Process) refers to sensor.o(i.FX_Data_Handler) for FX_Data_Handler
    sensor.o(i.Lib_Process) refers to stm32f4xx_nucleo.o(i.BSP_LED_Off) for BSP_LED_Off
    sensor.o(i.Lib_Process) refers to oth_dev.o(i.calculate_attitude) for calculate_attitude
    sensor.o(i.Lib_Process) refers to printf8.o(i.__0sprintf$8) for __2sprintf
    sensor.o(i.Lib_Process) refers to stm32f4xx_hal_uart.o(i.HAL_UART_Transmit) for HAL_UART_Transmit
    sensor.o(i.Lib_Process) refers to sensor.o(.data) for SensorReadRequest
    sensor.o(i.Lib_Process) refers to oth_dev.o(.bss) for Attitude
    sensor.o(i.Lib_Process) refers to usart.o(.bss) for huart1
    sensor.o(i.Lib_ReadRequest) refers to sensor.o(.data) for SensorReadRequest
    sensor.o(i.Magneto_Sensor_Handler) refers to iks01a2_motion_sensors.o(i.IKS01A2_MOTION_SENSOR_GetAxes) for IKS01A2_MOTION_SENSOR_GetAxes
    sensor.o(i.Magneto_Sensor_Handler) refers to motionfx_manager.o(i.MotionFX_manager_MagCal_run) for MotionFX_manager_MagCal_run
    sensor.o(i.Magneto_Sensor_Handler) refers to motionfx_manager.o(i.MotionFX_manager_MagCal_stop) for MotionFX_manager_MagCal_stop
    sensor.o(i.Magneto_Sensor_Handler) refers to sensor.o(.bss) for MagValue
    sensor.o(i.Magneto_Sensor_Handler) refers to sensor.o(.data) for MagCalStatus
[...]
    LSM6DSL_ACC_GetAxes                      0x0800d8a1   Thumb Code   136  lsm6dsl.o(i.LSM6DSL_ACC_GetAxes)
    LSM6DSL_ACC_GetAxesRaw                   0x0800d92d   Thumb Code    46  lsm6dsl.o(i.LSM6DSL_ACC_GetAxesRaw)
    LSM6DSL_ACC_GetFullScale                 0x0800d95b   Thumb Code    80  lsm6dsl.o(i.LSM6DSL_ACC_GetFullScale)
    LSM6DSL_ACC_GetOutputDataRate            0x0800d9ad   Thumb Code   180  lsm6dsl.o(i.LSM6DSL_ACC_GetOutputDataRate)
    LSM6DSL_ACC_GetSensitivity               0x0800da89   Thumb Code    96  lsm6dsl.o(i.LSM6DSL_ACC_GetSensitivity)
    LSM6DSL_ACC_SetFullScale                 0x0800daf9   Thumb Code    56  lsm6dsl.o(i.LSM6DSL_ACC_SetFullScale)
    LSM6DSL_ACC_SetOutputDataRate            0x0800db31   Thumb Code    48  lsm6dsl.o(i.LSM6DSL_ACC_SetOutputDataRate)
    LSM6DSL_DeInit                           0x0800dd15   Thumb Code    48  lsm6dsl.o(i.LSM6DSL_DeInit)
    LSM6DSL_GYRO_Disable                     0x0800dd45   Thumb Code    62  lsm6dsl.o(i.LSM6DSL_GYRO_Disable)
    LSM6DSL_GYRO_Enable                      0x0800dd83   Thumb Code    46  lsm6dsl.o(i.LSM6DSL_GYRO_Enable)
    LSM6DSL_GYRO_GetAxes                     0x0800ddb1   Thumb Code   128  lsm6dsl.o(i.LSM6DSL_GYRO_GetAxes)
    LSM6DSL_GYRO_GetAxesRaw                  0x0800de31   Thumb Code    46  lsm6dsl.o(i.LSM6DSL_GYRO_GetAxesRaw)
    LSM6DSL_GYRO_GetFullScale                0x0800de5f   Thumb Code    92  lsm6dsl.o(i.LSM6DSL_GYRO_GetFullScale)
    LSM6DSL_GYRO_GetOutputDataRate           0x0800debd   Thumb Code   170  lsm6dsl.o(i.LSM6DSL_GYRO_GetOutputDataRate)
    LSM6DSL_GYRO_GetSensitivity              0x0800df8d   Thumb Code   106  lsm6dsl.o(i.LSM6DSL_GYRO_GetSensitivity)
    LSM6DSL_GYRO_SetFullScale                0x0800e00d   Thumb Code    68  lsm6dsl.o(i.LSM6DSL_GYRO_SetFullScale)
    LSM6DSL_GYRO_SetOutputDataRate           0x0800e051   Thumb Code    48  lsm6dsl.o(i.LSM6DSL_GYRO_SetOutputDataRate)
    LSM6DSL_GetCapabilities                  0x0800e235   Thumb Code    54  lsm6dsl.o(i.LSM6DSL_GetCapabilities)
    LSM6DSL_Init                             0x0800e275   Thumb Code   152  lsm6dsl.o(i.LSM6DSL_Init)
    LSM6DSL_ReadID                           0x0800e30d   Thumb Code    28  lsm6dsl.o(i.LSM6DSL_ReadID)
    LSM6DSL_RegisterBusIO                    0x0800e329   Thumb Code   114  lsm6dsl.o(i.LSM6DSL_RegisterBusIO)
    LSM6DSL_Write_Reg                        0x0800e3a5   Thumb Code    32  lsm6dsl.o(i.LSM6DSL_Write_Reg)
    Lib_Process                              0x0800e3c5   Thumb Code   178  sensor.o(i.Lib_Process)
    Lib_ReadRequest                          0x0800e4b1   Thumb Code     8  sensor.o(i.Lib_ReadRequest)
    MX_CRC_Init                              0x0800e501   Thumb Code    22  crc.o(i.MX_CRC_Init)
    MX_DMA_Init                              0x0800e521   Thumb Code   130  dma.o(i.MX_DMA_Init)
    MX_GPIO_Init                             0x0800e5a9   Thumb Code   192  gpio.o(i.MX_GPIO_Init)
    MX_I2C1_Init                             0x0800e679   Thumb Code    50  stm32f4xx_nucleo_bus.o(i.MX_I2C1_Init)
    MX_MEMS_Init                             0x0800ea19   Thumb Code     8  app_x-cube-mems1.o(i.MX_MEMS_Init)
    MX_MEMS_Process                          0x0800ea21   Thumb Code     2  app_x-cube-mems1.o(i.MX_MEMS_Process)
    MX_TIM3_Init                             0x0800ea25   Thumb Code   100  tim.o(i.MX_TIM3_Init)
    MX_USART1_UART_Init                      0x0800ea91   Thumb Code    46  usart.o(i.MX_USART1_UART_Init)
    MX_USART2_UART_Init                      0x0800eac9   Thumb Code    48  stm32f4xx_nucleo.o(i.MX_USART2_UART_Init)
    MX_USART6_UART_Init                      0x0800eafd   Thumb Code    46  usart.o(i.MX_USART6_UART_Init)
    MemManage_Handler                        0x0800eb35   Thumb Code     4  stm32f4xx_it.o(i.MemManage_Handler)
    MotionFX_LoadMagCalFromNVM               0x0800eb39   Thumb Code     6  motionfx_manager.o(i.MotionFX_LoadMagCalFromNVM)
    MotionFX_SaveMagCalInNVM                 0x0800eb3f   Thumb Code     6  motionfx_manager.o(i.MotionFX_SaveMagCalInNVM)
    MotionFX_manager_MagCal_start            0x0800eb45   Thumb Code    14  motionfx_manager.o(i.MotionFX_manager_MagCal_start)
    MotionFX_manager_get_version             0x0800eb53   Thumb Code    16  motionfx_manager.o(i.MotionFX_manager_get_version)
    MotionFX_manager_init                    0x0800eb65   Thumb Code   222  motionfx_manager.o(i.MotionFX_manager_init)
    MotionFX_manager_run                     0x0800ec55   Thumb Code    58  motionfx_manager.o(i.MotionFX_manager_run)
    MotionFX_manager_start_6X                0x0800ec99   Thumb Code    10  motionfx_manager.o(i.MotionFX_manager_start_6X)
    NMI_Handler                              0x0800eca3   Thumb Code     2  stm32f4xx_it.o(i.NMI_Handler)
    PendSV_Handler                           0x0800eca5   Thumb Code     2  stm32f4xx_it.o(i.PendSV_Handler)
    Quaternion2Angles                        0x0800eca9   Thumb Code   552  oth_dev.o(i.Quaternion2Angles)
    SVC_Handler                              0x0800f22d   Thumb Code     2  stm32f4xx_it.o(i.SVC_Handler)
    SysTick_Handler                          0x0800f22f   Thumb Code     8  stm32f4xx_it.o(i.SysTick_Handler)
    SystemClock_Config                       0x0800f239   Thumb Code   178  main.o(i.SystemClock_Config)
    SystemInit                               0x0800f2f5   Thumb Code    82  system_stm32f4xx.o(i.SystemInit)
    TIM3_IRQHandler                          0x0800f359   Thumb Code    10  stm32f4xx_it.o(i.TIM3_IRQHandler)
    TIM_Base_SetConfig                       0x0800f369   Thumb Code   134  stm32f4xx_hal_tim.o(i.TIM_Base_SetConfig)
    TIM_ETR_SetConfig                        0x0800f40d   Thumb Code    22  stm32f4xx_hal_tim.o(i.TIM_ETR_SetConfig)
    USART1_IRQHandler                        0x0800fa71   Thumb Code    10  stm32f4xx_it.o(i.USART1_IRQHandler)
    USART6_IRQHandler                        0x0800fb75   Thumb Code    98  stm32f4xx_it.o(i.USART6_IRQHandler)
    UsageFault_Handler                       0x0800fbed   Thumb Code     4  stm32f4xx_it.o(i.UsageFault_Handler)
    __0printf$8                              0x0800fd11   Thumb Code    22  printf8.o(i.__0printf$8)
    __1printf$8                              0x0800fd11   Thumb Code     0  printf8.o(i.__0printf$8)
    __2printf                                0x0800fd11   Thumb Code     0  printf8.o(i.__0printf$8)
    __0snprintf$8                            0x0800fd31   Thumb Code    44  printf8.o(i.__0snprintf$8)
    __1snprintf$8                            0x0800fd31   Thumb Code     0  printf8.o(i.__0snprintf$8)
    __2snprintf                              0x0800fd31   Thumb Code     0  printf8.o(i.__0snprintf$8)
    __0sprintf$8                             0x0800fd61   Thumb Code    34  printf8.o(i.__0sprintf$8)
    __1sprintf$8                             0x0800fd61   Thumb Code     0  printf8.o(i.__0sprintf$8)
    __2sprintf                               0x0800fd61   Thumb Code     0  printf8.o(i.__0sprintf$8)
    __ARM_fpclassify                         0x0800fd89   Thumb Code    48  fpclassify.o(i.__ARM_fpclassify)
    __ARM_fpclassifyf                        0x0800fdb9   Thumb Code    38  fpclassifyf.o(i.__ARM_fpclassifyf)
    __hardfp_asin                            0x0800fe19   Thumb Code   770  asin.o(i.__hardfp_asin)
    __hardfp_atan                            0x08010179   Thumb Code   622  atan.o(i.__hardfp_atan)
    __hardfp_atan2                           0x08010451   Thumb Code   432  atan2.o(i.__hardfp_atan2)
    __hardfp_cos                             0x08010641   Thumb Code   180  cos.o(i.__hardfp_cos)
    __hardfp_cosf                            0x08010709   Thumb Code   280  cosf.o(i.__hardfp_cosf)
    __hardfp_floor                           0x08010859   Thumb Code   252  floor.o(i.__hardfp_floor)
    __hardfp_pow                             0x08010971   Thumb Code  3072  pow.o(i.__hardfp_pow)
    __hardfp_sin                             0x080115c1   Thumb Code   180  sin.o(i.__hardfp_sin)
    __hardfp_sinf                            0x08011689   Thumb Code   344  sinf.o(i.__hardfp_sinf)
    __hardfp_sqrt                            0x08011819   Thumb Code   122  sqrt.o(i.__hardfp_sqrt)
    __hardfp_tanf                            0x08011895   Thumb Code   322  tanf.o(i.__hardfp_tanf)
    __hardfp_trunc                           0x08011a11   Thumb Code   154  trunc.o(i.__hardfp_trunc)
    __ieee754_rem_pio2                       0x08011ac1   Thumb Code   938  rred.o(i.__ieee754_rem_pio2)
    __kernel_cos                             0x08011ef9   Thumb Code   322  cos_i.o(i.__kernel_cos)
    __kernel_poly                            0x08012069   Thumb Code   248  poly.o(i.__kernel_poly)
    __kernel_sin                             0x08012161   Thumb Code   280  sin_i.o(i.__kernel_sin)
    __mathlib_dbl_divzero                    0x08012291   Thumb Code    28  dunder.o(i.__mathlib_dbl_divzero)
    __mathlib_dbl_infnan                     0x080122c1   Thumb Code    20  dunder.o(i.__mathlib_dbl_infnan)
    __mathlib_dbl_infnan2                    0x080122d5   Thumb Code    20  dunder.o(i.__mathlib_dbl_infnan2)
    __mathlib_dbl_invalid                    0x080122e9   Thumb Code    24  dunder.o(i.__mathlib_dbl_invalid)
    __mathlib_dbl_overflow                   0x08012309   Thumb Code    24  dunder.o(i.__mathlib_dbl_overflow)
    __mathlib_dbl_underflow                  0x08012329   Thumb Code    24  dunder.o(i.__mathlib_dbl_underflow)
    __mathlib_flt_infnan                     0x08012349   Thumb Code     6  funder.o(i.__mathlib_flt_infnan)
    __mathlib_flt_invalid                    0x08012351   Thumb Code    10  funder.o(i.__mathlib_flt_invalid)
    __mathlib_flt_underflow                  0x08012361   Thumb Code    10  funder.o(i.__mathlib_flt_underflow)
    __mathlib_rredf2                         0x08012371   Thumb Code   316  rredf.o(i.__mathlib_rredf2)
    __scatterload_copy                       0x080124c5   Thumb Code    14  handlers.o(i.__scatterload_copy)
    __scatterload_null                       0x080124d3   Thumb Code     2  handlers.o(i.__scatterload_null)
    __scatterload_zeroinit                   0x080124d5   Thumb Code    14  handlers.o(i.__scatterload_zeroinit)
    __set_errno                              0x080124e5   Thumb Code     6  errno.o(i.__set_errno)
    asin                                     0x08012973   Thumb Code    16  asin.o(i.asin)
    atan                                     0x08012983   Thumb Code    16  atan.o(i.atan)
    atan2                                    0x08012993   Thumb Code    20  atan2.o(i.atan2)
    calculate_attitude                       0x080129a9   Thumb Code   116  oth_dev.o(i.calculate_attitude)
    cosf                                     0x08012a2d   Thumb Code    16  cosf.o(i.cosf)
    fabs                                     0x08012a3d   Thumb Code    24  fabs.o(i.fabs)
    floor                                    0x08012b5d   Thumb Code    16  floor.o(i.floor)
    fputc                                    0x08012b6d   Thumb Code    30  stm32f4xx_nucleo.o(i.fputc)
    hts221_block_data_update_set             0x08012b95   Thumb Code    50  hts221_reg.o(i.hts221_block_data_update_set)
    hts221_data_rate_get                     0x08012bc7   Thumb Code    80  hts221_reg.o(i.hts221_data_rate_get)
    hts221_data_rate_set                     0x08012c17   Thumb Code    50  hts221_reg.o(i.hts221_data_rate_set)
    hts221_device_id_get                     0x08012c49   Thumb Code    24  hts221_reg.o(i.hts221_device_id_get)
    hts221_hum_adc_point_0_get               0x08012c61   Thumb Code    24  hts221_reg.o(i.hts221_hum_adc_point_0_get)
    hts221_hum_adc_point_1_get               0x08012c79   Thumb Code    24  hts221_reg.o(i.hts221_hum_adc_point_1_get)
    hts221_hum_rh_point_0_get                0x08012c91   Thumb Code    30  hts221_reg.o(i.hts221_hum_rh_point_0_get)
    hts221_hum_rh_point_1_get                0x08012caf   Thumb Code    30  hts221_reg.o(i.hts221_hum_rh_point_1_get)
    hts221_humidity_raw_get                  0x08012ccd   Thumb Code    24  hts221_reg.o(i.hts221_humidity_raw_get)
    hts221_power_on_set                      0x08012ce5   Thumb Code    50  hts221_reg.o(i.hts221_power_on_set)
    hts221_read_reg                          0x08012d17   Thumb Code    32  hts221_reg.o(i.hts221_read_reg)
    hts221_temp_adc_point_0_get              0x08012d37   Thumb Code    24  hts221_reg.o(i.hts221_temp_adc_point_0_get)
    hts221_temp_adc_point_1_get              0x08012d4f   Thumb Code    24  hts221_reg.o(i.hts221_temp_adc_point_1_get)
    hts221_temp_deg_point_0_get              0x08012d67   Thumb Code    64  hts221_reg.o(i.hts221_temp_deg_point_0_get)
    hts221_temp_deg_point_1_get              0x08012da7   Thumb Code    64  hts221_reg.o(i.hts221_temp_deg_point_1_get)
    hts221_temperature_raw_get               0x08012de7   Thumb Code    24  hts221_reg.o(i.hts221_temperature_raw_get)
    hts221_write_reg                         0x08012dff   Thumb Code    34  hts221_reg.o(i.hts221_write_reg)
    lib_init                                 0x08012e21   Thumb Code    44  sensor.o(i.lib_init)
    lps22hb_auto_add_inc_set                 0x08012e5d   Thumb Code    50  lps22hb_reg.o(i.lps22hb_auto_add_inc_set)
    lps22hb_block_data_update_set            0x08012e8f   Thumb Code    50  lps22hb_reg.o(i.lps22hb_block_data_update_set)
    lps22hb_data_rate_get                    0x08012ec1   Thumb Code    90  lps22hb_reg.o(i.lps22hb_data_rate_get)
    lps22hb_data_rate_set                    0x08012f1b   Thumb Code    50  lps22hb_reg.o(i.lps22hb_data_rate_set)
    lps22hb_device_id_get                    0x08012f4d   Thumb Code    24  lps22hb_reg.o(i.lps22hb_device_id_get)
    lps22hb_from_lsb_to_degc                 0x08012f65   Thumb Code    18  lps22hb_reg.o(i.lps22hb_from_lsb_to_degc)
    lps22hb_from_lsb_to_hpa                  0x08012f7d   Thumb Code    18  lps22hb_reg.o(i.lps22hb_from_lsb_to_hpa)
    lps22hb_low_pass_filter_mode_set         0x08012f95   Thumb Code    50  lps22hb_reg.o(i.lps22hb_low_pass_filter_mode_set)
    lps22hb_low_power_set                    0x08012fc7   Thumb Code    50  lps22hb_reg.o(i.lps22hb_low_power_set)
    lps22hb_pressure_raw_get                 0x08012ff9   Thumb Code    24  lps22hb_reg.o(i.lps22hb_pressure_raw_get)
    lps22hb_read_reg                         0x08013011   Thumb Code    32  lps22hb_reg.o(i.lps22hb_read_reg)
    lps22hb_temperature_raw_get              0x08013031   Thumb Code    24  lps22hb_reg.o(i.lps22hb_temperature_raw_get)
    lps22hb_write_reg                        0x08013049   Thumb Code    34  lps22hb_reg.o(i.lps22hb_write_reg)
    lsm303agr_acceleration_raw_get           0x0801306b   Thumb Code    24  lsm303agr_reg.o(i.lsm303agr_acceleration_raw_get)
    lsm303agr_mag_block_data_update_set      0x08013083   Thumb Code    50  lsm303agr_reg.o(i.lsm303agr_mag_block_data_update_set)
    lsm303agr_mag_data_rate_get              0x080130b5   Thumb Code    80  lsm303agr_reg.o(i.lsm303agr_mag_data_rate_get)
    lsm303agr_mag_data_rate_set              0x08013105   Thumb Code    50  lsm303agr_reg.o(i.lsm303agr_mag_data_rate_set)
    lsm303agr_mag_device_id_get              0x08013137   Thumb Code    24  lsm303agr_reg.o(i.lsm303agr_mag_device_id_get)
    lsm303agr_mag_i2c_interface_set          0x0801314f   Thumb Code    50  lsm303agr_reg.o(i.lsm303agr_mag_i2c_interface_set)
    lsm303agr_mag_operating_mode_set         0x08013181   Thumb Code    50  lsm303agr_reg.o(i.lsm303agr_mag_operating_mode_set)
    lsm303agr_mag_self_test_set              0x080131b3   Thumb Code    50  lsm303agr_reg.o(i.lsm303agr_mag_self_test_set)
    lsm303agr_magnetic_raw_get               0x080131e5   Thumb Code    24  lsm303agr_reg.o(i.lsm303agr_magnetic_raw_get)
    lsm303agr_read_reg                       0x080131fd   Thumb Code    32  lsm303agr_reg.o(i.lsm303agr_read_reg)
    lsm303agr_write_reg                      0x0801321d   Thumb Code    34  lsm303agr_reg.o(i.lsm303agr_write_reg)
    lsm303agr_xl_block_data_update_set       0x0801323f   Thumb Code    50  lsm303agr_reg.o(i.lsm303agr_xl_block_data_update_set)
    lsm303agr_xl_data_rate_get               0x08013271   Thumb Code   116  lsm303agr_reg.o(i.lsm303agr_xl_data_rate_get)
    lsm303agr_xl_data_rate_set               0x080132e5   Thumb Code    50  lsm303agr_reg.o(i.lsm303agr_xl_data_rate_set)
    lsm303agr_xl_device_id_get               0x08013317   Thumb Code    24  lsm303agr_reg.o(i.lsm303agr_xl_device_id_get)
    lsm303agr_xl_fifo_mode_set               0x0801332f   Thumb Code    50  lsm303agr_reg.o(i.lsm303agr_xl_fifo_mode_set)
    lsm303agr_xl_full_scale_get              0x08013361   Thumb Code    80  lsm303agr_reg.o(i.lsm303agr_xl_full_scale_get)
    lsm303agr_xl_full_scale_set              0x080133b1   Thumb Code    50  lsm303agr_reg.o(i.lsm303agr_xl_full_scale_set)
    lsm303agr_xl_operating_mode_get          0x080133e3   Thumb Code    76  lsm303agr_reg.o(i.lsm303agr_xl_operating_mode_get)
    lsm6dsl_acceleration_raw_get             0x0801342f   Thumb Code    24  lsm6dsl_reg.o(i.lsm6dsl_acceleration_raw_get)
    lsm6dsl_angular_rate_raw_get             0x08013447   Thumb Code    24  lsm6dsl_reg.o(i.lsm6dsl_angular_rate_raw_get)
    lsm6dsl_auto_increment_set               0x0801345f   Thumb Code    50  lsm6dsl_reg.o(i.lsm6dsl_auto_increment_set)
    lsm6dsl_block_data_update_set            0x08013491   Thumb Code    50  lsm6dsl_reg.o(i.lsm6dsl_block_data_update_set)
    lsm6dsl_device_id_get                    0x080134c3   Thumb Code    24  lsm6dsl_reg.o(i.lsm6dsl_device_id_get)
    lsm6dsl_fifo_mode_set                    0x080134db   Thumb Code    50  lsm6dsl_reg.o(i.lsm6dsl_fifo_mode_set)
    lsm6dsl_gy_data_rate_get                 0x0801350d   Thumb Code   124  lsm6dsl_reg.o(i.lsm6dsl_gy_data_rate_get)
    lsm6dsl_gy_data_rate_set                 0x08013589   Thumb Code    50  lsm6dsl_reg.o(i.lsm6dsl_gy_data_rate_set)
    lsm6dsl_gy_full_scale_get                0x080135bb   Thumb Code    86  lsm6dsl_reg.o(i.lsm6dsl_gy_full_scale_get)
    lsm6dsl_gy_full_scale_set                0x08013611   Thumb Code    50  lsm6dsl_reg.o(i.lsm6dsl_gy_full_scale_set)
    lsm6dsl_read_reg                         0x08013643   Thumb Code    32  lsm6dsl_reg.o(i.lsm6dsl_read_reg)
    lsm6dsl_write_reg                        0x08013663   Thumb Code    34  lsm6dsl_reg.o(i.lsm6dsl_write_reg)
    lsm6dsl_xl_data_rate_get                 0x08013685   Thumb Code   130  lsm6dsl_reg.o(i.lsm6dsl_xl_data_rate_get)
    lsm6dsl_xl_data_rate_set                 0x08013707   Thumb Code    50  lsm6dsl_reg.o(i.lsm6dsl_xl_data_rate_set)
    lsm6dsl_xl_full_scale_get                0x08013739   Thumb Code    80  lsm6dsl_reg.o(i.lsm6dsl_xl_full_scale_get)
    lsm6dsl_xl_full_scale_set                0x08013789   Thumb Code    50  lsm6dsl_reg.o(i.lsm6dsl_xl_full_scale_set)
    main                                     0x080137bd   Thumb Code    76  main.o(i.main)
    oneOverSqrt                              0x08013811   Thumb Code    72  tm_stm32_ahrs_imu.o(i.oneOverSqrt)
    sinf                                     0x08013859   Thumb Code    16  sinf.o(i.sinf)
    sqrt                                     0x08013869   Thumb Code   110  sqrt.o(i.sqrt)
    tanf                                     0x080138d7   Thumb Code    16  tanf.o(i.tanf)
    AHBPrescTable                            0x080138fc   Data          16  system_stm32f4xx.o(.constdata)
    APBPrescTable                            0x0801390c   Data           8  system_stm32f4xx.o(.constdata)
    __mathlib_zero                           0x08013ac0   Data           8  qnan.o(.constdata)
    Region$$Table$$Base                      0x08013e7c   Number         0  anon$$obj.o(Region$$Table)
    Region$$Table$$Limit                     0x08013e9c   Number         0  anon$$obj.o(Region$$Table)
    send_count                               0x20000000   Data           1  sensor.o(.data)
    status                                   0x20000002   Data           1  sensor.o(.data)
    Ax                                       0x2000000c   Data           4  sensor.o(.data)
    Ay                                       0x20000010   Data           4  sensor.o(.data)
    Az                                       0x20000014   Data           4  sensor.o(.data)
    Gx                                       0x20000018   Data           4  sensor.o(.data)
    Gy                                       0x2000001c   Data           4  sensor.o(.data)
    Gz                                       0x20000020   Data           4  sensor.o(.data)
    lib_version_len                          0x20000028   Data           4  sensor.o(.data)
    tail                                     0x20000038   Data           1  oth_dev.o(.data)
    head                                     0x20000039   Data           1  oth_dev.o(.data)
    transfer_compl                           0x2000003a   Data           1  oth_dev.o(.data)
    hcrc                                     0x2000003c   Data           8  crc.o(.data)
    byte_cnt                                 0x20000050   Data           1  stm32f4xx_it.o(.data)
    data_in                                  0x20000051   Data           1  stm32f4xx_it.o(.data)
    hpb_exti                                 0x2000005c   Data          12  stm32f4xx_nucleo.o(.data)
    COM_USART                                0x20000068   Data           4  stm32f4xx_nucleo.o(.data)
    SystemCoreClock                          0x20000070   Data           4  system_stm32f4xx.o(.data)
    uwTick                                   0x20000074   Data           4  stm32f4xx_hal.o(.data)
    uwTickPrio                               0x20000078   Data           4  stm32f4xx_hal.o(.data)
    uwTickFreq                               0x2000007c   Data           1  stm32f4xx_hal.o(.data)
    HTS221_COMMON_Driver                     0x20000080   Data          16  hts221.o(.data)
    HTS221_HUM_Driver                        0x20000090   Data          20  hts221.o(.data)
    HTS221_TEMP_Driver                       0x200000a4   Data          20  hts221.o(.data)
    LPS22HB_COMMON_Driver                    0x200000b8   Data          16  lps22hb.o(.data)
    LPS22HB_PRESS_Driver                     0x200000c8   Data          20  lps22hb.o(.data)
    LPS22HB_TEMP_Driver                      0x200000dc   Data          20  lps22hb.o(.data)
    LSM6DSL_COMMON_Driver                    0x200000f0   Data          16  lsm6dsl.o(.data)
    LSM6DSL_ACC_Driver                       0x20000100   Data          36  lsm6dsl.o(.data)
    LSM6DSL_GYRO_Driver                      0x20000124   Data          36  lsm6dsl.o(.data)
    LSM303AGR_ACC_COMMON_Driver              0x20000148   Data          16  lsm303agr.o(.data)
    LSM303AGR_ACC_Driver                     0x20000158   Data          36  lsm303agr.o(.data)
    LSM303AGR_MAG_COMMON_Driver              0x2000017c   Data          16  lsm303agr.o(.data)
    LSM303AGR_MAG_Driver                     0x2000018c   Data          36  lsm303agr.o(.data)
    EnvCompObj                               0x200001c4   Data           8  iks01a2_env_sensors.o(.data)
    __stdout                                 0x200013b0   Data           4  stdout.o(.data)
    BufRead                                  0x200013e8   Data         256  sensor.o(.bss)
    data_out                                 0x200014e8   Data         120  sensor.o(.bss)
    data_out0                                0x20001560   Data         120  sensor.o(.bss)
    data_out2                                0x200015d8   Data         120  sensor.o(.bss)
    IMU                                      0x20001650   Data          40  sensor.o(.bss)
    lib_version                              0x20001678   Data          35  sensor.o(.bss)
    Attitude                                 0x200016d8   Data          44  oth_dev.o(.bss)
    IMU0                                     0x20001704   Data          40  oth_dev.o(.bss)
    buffer                                   0x2000172c   Data         256  oth_dev.o(.bss)
    htim3                                    0x200019a0   Data          64  tim.o(.bss)
    huart1                                   0x200019e0   Data          64  usart.o(.bss)
    huart6                                   0x20001a20   Data          64  usart.o(.bss)
    hdma_usart6_rx                           0x20001a60   Data          96  usart.o(.bss)
    hdma_usart6_tx                           0x20001ac0   Data          96  usart.o(.bss)
    hi2c1                                    0x20001b20   Data          84  stm32f4xx_nucleo_bus.o(.bss)
    hcom_uart                                0x20001b74   Data          64  stm32f4xx_nucleo.o(.bss)
    hdma_usart2_rx                           0x20001bb4   Data          96  stm32f4xx_nucleo.o(.bss)
    hdma_usart2_tx                           0x20001c14   Data          96  stm32f4xx_nucleo.o(.bss)
    MotionCompObj                            0x20001c74   Data          12  iks01a2_motion_sensors.o(.bss)
    __initial_sp                             0x2000aba0   Data           0  startup_stm32f401xe.o(STACK)



==============================================================================

Memory Map of the image

  Image Entry point : 0x08000195

  Load Region LR_IROM1 (Base: 0x08000000, Size: 0x00015254, Max: 0x00100000, ABSOLUTE, COMPRESSED[0x00014034])

    Execution Region ER_IROM1 (Exec base: 0x08000000, Load base: 0x08000000, Size: 0x00013e9c, Max: 0x00100000, ABSOLUTE)

    Exec Addr    Load Addr    Size         Type   Attr      Idx    E Section Name        Object

    0x08000000   0x08000000   0x00000194   Data   RO            3    RESET               startup_stm32f401xe.o
    0x08000194   0x08000194   0x00000000   Code   RO         9684  * .ARM.Collect$$$$00000000  mc_w.l(entry.o)
    0x08000194   0x08000194   0x00000004   Code   RO        10080    .ARM.Collect$$$$00000001  mc_w.l(entry2.o)
    0x08000198   0x08000198   0x00000004   Code   RO        10083    .ARM.Collect$$$$00000004  mc_w.l(entry5.o)
    0x0800019c   0x0800019c   0x00000000   Code   RO        10085    .ARM.Collect$$$$00000008  mc_w.l(entry7b.o)
    0x0800019c   0x0800019c   0x00000000   Code   RO        10087    .ARM.Collect$$$$0000000A  mc_w.l(entry8b.o)
    0x0800019c   0x0800019c   0x00000008   Code   RO        10088    .ARM.Collect$$$$0000000B  mc_w.l(entry9a.o)
    0x080001a4   0x080001a4   0x00000000   Code   RO        10090    .ARM.Collect$$$$0000000D  mc_w.l(entry10a.o)
    0x080001a4   0x080001a4   0x00000000   Code   RO        10092    .ARM.Collect$$$$0000000F  mc_w.l(entry11a.o)
    0x080001a4   0x080001a4   0x00000004   Code   RO        10081    .ARM.Collect$$$$00002712  mc_w.l(entry2.o)
    0x080001a8   0x080001a8   0x00000024   Code   RO            4    .text               startup_stm32f401xe.o
    0x080001cc   0x080001cc   0x00000062   Code   RO         9687    .text               mc_w.l(uldiv.o)
    0x0800022e   0x0800022e   0x00000028   Code   RO         9689    .text               mc_w.l(memcpy.o)
    0x08000256   0x08000256   0x00000024   Code   RO         9695    .text               mc_w.l(memseta.o)
    0x0800027a   0x0800027a   0x00000012   Code   RO         9697    .text               mc_w.l(strcpy.o)
    0x0800028c   0x0800028c   0x0000014e   Code   RO         9964    .text               mf_w.l(dadd.o)
    0x080003da   0x080003da   0x000000e4   Code   RO         9966    .text               mf_w.l(dmul.o)
    0x080004be   0x080004be   0x000000de   Code   RO         9968    .text               mf_w.l(ddiv.o)
    0x0800059c   0x0800059c   0x00000036   Code   RO         9972    .text               mf_w.l(dcmple.o)
    0x080005d2   0x080005d2   0x00000036   Code   RO         9974    .text               mf_w.l(dcmplt.o)
    0x08000608   0x08000608   0x00000036   Code   RO         9976    .text               mf_w.l(dcmpge.o)
    0x0800063e   0x0800063e   0x00000036   Code   RO         9978    .text               mf_w.l(dcmpgt.o)
    0x08000674   0x08000674   0x00000038   Code   RO         9980    .text               mf_w.l(dcmpeq.o)
    0x080006ac   0x080006ac   0x00000022   Code   RO         9982    .text               mf_w.l(dflti.o)
    0x080006ce   0x080006ce   0x0000001a   Code   RO         9984    .text               mf_w.l(dfltui.o)
    0x080006e8   0x080006e8   0x0000003e   Code   RO         9986    .text               mf_w.l(dfixi.o)
    0x08000726   0x08000726   0x00000026   Code   RO         9988    .text               mf_w.l(f2d.o)
    0x0800074c   0x0800074c   0x00000030   Code   RO         9990    .text               mf_w.l(cdcmple.o)
    0x0800077c   0x0800077c   0x00000030   Code   RO         9992    .text               mf_w.l(cdrcmple.o)
    0x080007ac   0x080007ac   0x00000038   Code   RO         9994    .text               mf_w.l(d2f.o)
    0x080007e4   0x080007e4   0x0000001e   Code   RO        10097    .text               mc_w.l(llshl.o)
    0x08000802   0x08000802   0x00000020   Code   RO        10099    .text               mc_w.l(llushr.o)
    0x08000822   0x08000822   0x00000024   Code   RO        10101    .text               mc_w.l(llsshr.o)
    0x08000846   0x08000846   0x00000000   Code   RO        10110    .text               mc_w.l(iusefp.o)
    0x08000846   0x08000846   0x0000006e   Code   RO        10111    .text               mf_w.l(fepilogue.o)
    0x080008b4   0x080008b4   0x000000ba   Code   RO        10115    .text               mf_w.l(depilogue.o)
    0x0800096e   0x0800096e   0x0000002e   Code   RO        10117    .text               mf_w.l(dscalb.o)
    0x0800099c   0x0800099c   0x000000a2   Code   RO        10119    .text               mf_w.l(dsqrt.o)
    0x08000a3e   0x08000a3e   0x00000002   PAD
    0x08000a40   0x08000a40   0x00000088   Code   RO        10121    .text               mf_w.l(drnd.o)
    0x08000ac8   0x08000ac8   0x00000024   Code   RO        10125    .text               mc_w.l(init.o)
    0x08000aec   0x08000aec   0x00000056   Code   RO        10135    .text               mc_w.l(__dczerorl2.o)
    0x08000b42   0x08000b42   0x00000002   PAD
    0x08000b44   0x08000b44   0x00000080   Code   RO         9514    .text.MEMSLoadMagCalNVM  MotionFX_CM4F_wc16_ot.a(motion_fx.o)
    0x08000bc4   0x08000bc4   0x00000054   Code   RO         9516    .text.MEMSSaveMagCalNVM  MotionFX_CM4F_wc16_ot.a(motion_fx.o)
    0x08000c18   0x08000c18   0x00000018   Code   RO         9505    .text.MEMS_DataBuffInit  MotionFX_CM4F_wc16_ot.a(motion_fx.o)
    0x08000c30   0x08000c30   0x00000008   Code   RO         9504    .text.MEMS_EmptyDataFrame  MotionFX_CM4F_wc16_ot.a(motion_fx.o)
    0x08000c38   0x08000c38   0x00000004   Code   RO         9513    .text.MEMSloadFromNVM.isra.10  MotionFX_CM4F_wc16_ot.a(motion_fx.o)
    0x08000c3c   0x08000c3c   0x00000004   Code   RO         9515    .text.MEMSsaveInNVM.isra.11  MotionFX_CM4F_wc16_ot.a(motion_fx.o)
    0x08000c40   0x08000c40   0x0000004c   Code   RO         9544    .text.MotionFX_GetLibVersion  MotionFX_CM4F_wc16_ot.a(motion_fx.o)
    0x08000c8c   0x08000c8c   0x00000160   Code   RO         9541    .text.MotionFX_MagCal_init  MotionFX_CM4F_wc16_ot.a(motion_fx.o)
    0x08000dec   0x08000dec   0x00000040   Code   RO         9535    .text.MotionFX_enable_6X  MotionFX_CM4F_wc16_ot.a(motion_fx.o)
    0x08000e2c   0x08000e2c   0x00000044   Code   RO         9536    .text.MotionFX_enable_9X  MotionFX_CM4F_wc16_ot.a(motion_fx.o)
    0x08000e70   0x08000e70   0x000000ac   Code   RO         9532    .text.MotionFX_getKnobs  MotionFX_CM4F_wc16_ot.a(motion_fx.o)
    0x08000f1c   0x08000f1c   0x00000004   PAD
    0x08000f20   0x08000f20   0x00000444   Code   RO         9530    .text.MotionFX_initialize  MotionFX_CM4F_wc16_ot.a(motion_fx.o)
    0x08001364   0x08001364   0x00000004   PAD
    0x08001368   0x08001368   0x00000aec   Code   RO         9540    .text.MotionFX_propagate  MotionFX_CM4F_wc16_ot.a(motion_fx.o)
    0x08001e54   0x08001e54   0x000000c8   Code   RO         9531    .text.MotionFX_setKnobs  MotionFX_CM4F_wc16_ot.a(motion_fx.o)
    0x08001f1c   0x08001f1c   0x00000384   Code   RO         9539    .text.MotionFX_update  MotionFX_CM4F_wc16_ot.a(motion_fx.o)
    0x080022a0   0x080022a0   0x000003e8   Code   RO         9526    .text.SpacePointAlgorithm.isra.7  MotionFX_CM4F_wc16_ot.a(motion_fx.o)
    0x08002688   0x08002688   0x00000110   Code   RO         9510    .text.SpacePointGyroProp  MotionFX_CM4F_wc16_ot.a(motion_fx.o)
    0x08002798   0x08002798   0x00000520   Code   RO         9522    .text.iNemo_quat2heading  MotionFX_CM4F_wc16_ot.a(motion_fx.o)
    0x08002cb8   0x08002cb8   0x000003b0   Code   RO         9518    .text.iNemo_setOrientation.constprop.40  MotionFX_CM4F_wc16_ot.a(motion_fx.o)
    0x08003068   0x08003068   0x000003b0   Code   RO         9519    .text.iNemo_setOrientation_6X.constprop.41  MotionFX_CM4F_wc16_ot.a(motion_fx.o)
    0x08003418   0x08003418   0x00000520   Code   RO         9528    .text.iNemo_update.constprop.35  MotionFX_CM4F_wc16_ot.a(motion_fx.o)
    0x08003938   0x08003938   0x000003fc   Code   RO         9527    .text.iNemo_update_6X.constprop.34  MotionFX_CM4F_wc16_ot.a(motion_fx.o)
    0x08003d34   0x08003d34   0x000001b0   Code   RO         9509    .text.m_dcm2q_eml   MotionFX_CM4F_wc16_ot.a(motion_fx.o)
    0x08003ee4   0x08003ee4   0x00000004   PAD
    0x08003ee8   0x08003ee8   0x00003f7c   Code   RO         9525    .text.m_kalman_3gyro.isra.6.constprop.36  MotionFX_CM4F_wc16_ot.a(motion_fx.o)
    0x08007e64   0x08007e64   0x0000037c   Code   RO         9501    .text.m_mldivide    MotionFX_CM4F_wc16_ot.a(motion_fx.o)
    0x080081e0   0x080081e0   0x000000d4   Code   RO         9503    .text.m_q2dcm_eml   MotionFX_CM4F_wc16_ot.a(motion_fx.o)
    0x080082b4   0x080082b4   0x00000080   Code   RO         9502    .text.m_qmult_eml   MotionFX_CM4F_wc16_ot.a(motion_fx.o)
    0x08008334   0x08008334   0x000004e8   Code   RO         9523    .text.output_update  MotionFX_CM4F_wc16_ot.a(motion_fx.o)
    0x0800881c   0x0800881c   0x000001f8   Code   RO         9511    .text.quatErr2EulerErr  MotionFX_CM4F_wc16_ot.a(motion_fx.o)
    0x08008a14   0x08008a14   0x00000020   Code   RO         9512    .text.rt_InitInfAndNaN.isra.3  MotionFX_CM4F_wc16_ot.a(motion_fx.o)
    0x08008a34   0x08008a34   0x00000014   Code   RO           13    i.Accelero_Sensor_Handler  sensor.o
    0x08008a48   0x08008a48   0x00000044   Code   RO         1177    i.BSP_COM_Init      stm32f4xx_nucleo.o
    0x08008a8c   0x08008a8c   0x00000008   Code   RO          927    i.BSP_GetTick       stm32f4xx_nucleo_bus.o
    0x08008a94   0x08008a94   0x00000034   Code   RO          928    i.BSP_I2C1_DeInit   stm32f4xx_nucleo_bus.o
    0x08008ac8   0x08008ac8   0x00000058   Code   RO          929    i.BSP_I2C1_Init     stm32f4xx_nucleo_bus.o
    0x08008b20   0x08008b20   0x00000048   Code   RO          931    i.BSP_I2C1_ReadReg  stm32f4xx_nucleo_bus.o
    0x08008b68   0x08008b68   0x00000048   Code   RO          935    i.BSP_I2C1_WriteReg  stm32f4xx_nucleo_bus.o
    0x08008bb0   0x08008bb0   0x00000068   Code   RO         1182    i.BSP_LED_Init      stm32f4xx_nucleo.o
    0x08008c18   0x08008c18   0x00000024   Code   RO         1183    i.BSP_LED_Off       stm32f4xx_nucleo.o
    0x08008c3c   0x08008c3c   0x00000024   Code   RO         1184    i.BSP_LED_On        stm32f4xx_nucleo.o
    0x08008c60   0x08008c60   0x0000000c   Code   RO          703    i.BSP_PB_Callback   app_x-cube-mems1.o
    0x08008c6c   0x08008c6c   0x00000028   Code   RO         1188    i.BSP_PB_GetState   stm32f4xx_nucleo.o
    0x08008c94   0x08008c94   0x000000d8   Code   RO         1190    i.BSP_PB_Init       stm32f4xx_nucleo.o
    0x08008d6c   0x08008d6c   0x0000000a   Code   RO         1191    i.BUTTON_USER_EXTI_Callback  stm32f4xx_nucleo.o
    0x08008d76   0x08008d76   0x00000004   Code   RO         1031    i.BusFault_Handler  stm32f4xx_it.o
    0x08008d7a   0x08008d7a   0x00000002   PAD
    0x08008d7c   0x08008d7c   0x00000010   Code   RO         1032    i.DMA1_Stream5_IRQHandler  stm32f4xx_it.o
    0x08008d8c   0x08008d8c   0x00000010   Code   RO         1033    i.DMA1_Stream6_IRQHandler  stm32f4xx_it.o
    0x08008d9c   0x08008d9c   0x00000010   Code   RO         1034    i.DMA2_Stream1_IRQHandler  stm32f4xx_it.o
    0x08008dac   0x08008dac   0x00000010   Code   RO         1035    i.DMA2_Stream6_IRQHandler  stm32f4xx_it.o
    0x08008dbc   0x08008dbc   0x00000034   Code   RO         2386    i.DMA_CalcBaseAndBitshift  stm32f4xx_hal_dma.o
    0x08008df0   0x08008df0   0x000000aa   Code   RO         2387    i.DMA_CheckFifoParam  stm32f4xx_hal_dma.o
    0x08008e9a   0x08008e9a   0x0000002c   Code   RO         2388    i.DMA_SetConfig     stm32f4xx_hal_dma.o
    0x08008ec6   0x08008ec6   0x00000002   Code   RO         1036    i.DebugMon_Handler  stm32f4xx_it.o
    0x08008ec8   0x08008ec8   0x00000002   Code   RO          555    i.Error_Handler     main.o
    0x08008eca   0x08008eca   0x00000002   PAD
    0x08008ecc   0x08008ecc   0x000002cc   Code   RO          445    i.Euler2Quaternion_rotate  oth_dev.o
    0x08009198   0x08009198   0x000002cc   Code   RO          446    i.Euler2Quaternionrotate  oth_dev.o
    0x08009464   0x08009464   0x000000a8   Code   RO           14    i.FX_Data_Handler   sensor.o
    0x0800950c   0x0800950c   0x00000014   Code   RO           15    i.Gyro_Sensor_Handler  sensor.o
    0x08009520   0x08009520   0x00000024   Code   RO         3420    i.HAL_CRC_Init      stm32f4xx_hal_crc.o
    0x08009544   0x08009544   0x00000034   Code   RO          637    i.HAL_CRC_MspInit   crc.o
    0x08009578   0x08009578   0x00000028   Code   RO         2390    i.HAL_DMA_Abort_IT  stm32f4xx_hal_dma.o
    0x080095a0   0x080095a0   0x00000240   Code   RO         2394    i.HAL_DMA_IRQHandler  stm32f4xx_hal_dma.o
    0x080097e0   0x080097e0   0x000000ec   Code   RO         2395    i.HAL_DMA_Init      stm32f4xx_hal_dma.o
    0x080098cc   0x080098cc   0x0000009e   Code   RO         2399    i.HAL_DMA_Start_IT  stm32f4xx_hal_dma.o
    0x0800996a   0x0800996a   0x0000000e   Code   RO         3017    i.HAL_EXTI_GetHandle  stm32f4xx_hal_exti.o
    0x08009978   0x08009978   0x00000014   Code   RO         3020    i.HAL_EXTI_RegisterCallback  stm32f4xx_hal_exti.o
    0x0800998c   0x0800998c   0x00000138   Code   RO         2279    i.HAL_GPIO_DeInit   stm32f4xx_hal_gpio.o
    0x08009ac4   0x08009ac4   0x000001d4   Code   RO         2282    i.HAL_GPIO_Init     stm32f4xx_hal_gpio.o
    0x08009c98   0x08009c98   0x00000010   Code   RO         2284    i.HAL_GPIO_ReadPin  stm32f4xx_hal_gpio.o
    0x08009ca8   0x08009ca8   0x0000000c   Code   RO         2286    i.HAL_GPIO_WritePin  stm32f4xx_hal_gpio.o
    0x08009cb4   0x08009cb4   0x0000000c   Code   RO         2843    i.HAL_GetTick       stm32f4xx_hal.o
    0x08009cc0   0x08009cc0   0x0000004c   Code   RO         1818    i.HAL_I2CEx_ConfigAnalogFilter  stm32f4xx_hal_i2c_ex.o
    0x08009d0c   0x08009d0c   0x0000003c   Code   RO         1358    i.HAL_I2C_DeInit    stm32f4xx_hal_i2c.o
    0x08009d48   0x08009d48   0x00000006   Code   RO         1364    i.HAL_I2C_GetError  stm32f4xx_hal_i2c.o
    0x08009d4e   0x08009d4e   0x00000008   Code   RO         1366    i.HAL_I2C_GetState  stm32f4xx_hal_i2c.o
    0x08009d56   0x08009d56   0x00000002   PAD
    0x08009d58   0x08009d58   0x000001b8   Code   RO         1367    i.HAL_I2C_Init      stm32f4xx_hal_i2c.o
    0x08009f10   0x08009f10   0x000002f4   Code   RO         1385    i.HAL_I2C_Mem_Read  stm32f4xx_hal_i2c.o
    0x0800a204   0x0800a204   0x00000164   Code   RO         1388    i.HAL_I2C_Mem_Write  stm32f4xx_hal_i2c.o
    0x0800a368   0x0800a368   0x00000002   Code   RO         1391    i.HAL_I2C_MspDeInit  stm32f4xx_hal_i2c.o
    0x0800a36a   0x0800a36a   0x00000002   Code   RO         1392    i.HAL_I2C_MspInit   stm32f4xx_hal_i2c.o
    0x0800a36c   0x0800a36c   0x00000018   Code   RO         2849    i.HAL_IncTick       stm32f4xx_hal.o
    0x0800a384   0x0800a384   0x0000003c   Code   RO         2850    i.HAL_Init          stm32f4xx_hal.o
    0x0800a3c0   0x0800a3c0   0x0000004c   Code   RO         2851    i.HAL_InitTick      stm32f4xx_hal.o
    0x0800a40c   0x0800a40c   0x00000050   Code   RO         1152    i.HAL_MspInit       stm32f4xx_hal_msp.o
    0x0800a45c   0x0800a45c   0x00000020   Code   RO         2695    i.HAL_NVIC_EnableIRQ  stm32f4xx_hal_cortex.o
    0x0800a47c   0x0800a47c   0x0000007c   Code   RO         2701    i.HAL_NVIC_SetPriority  stm32f4xx_hal_cortex.o
    0x0800a4f8   0x0800a4f8   0x00000028   Code   RO         2702    i.HAL_NVIC_SetPriorityGrouping  stm32f4xx_hal_cortex.o
    0x0800a520   0x0800a520   0x00000180   Code   RO         1849    i.HAL_RCC_ClockConfig  stm32f4xx_hal_rcc.o
    0x0800a6a0   0x0800a6a0   0x0000000c   Code   RO         1854    i.HAL_RCC_GetHCLKFreq  stm32f4xx_hal_rcc.o
    0x0800a6ac   0x0800a6ac   0x00000020   Code   RO         1856    i.HAL_RCC_GetPCLK1Freq  stm32f4xx_hal_rcc.o
    0x0800a6cc   0x0800a6cc   0x00000020   Code   RO         1857    i.HAL_RCC_GetPCLK2Freq  stm32f4xx_hal_rcc.o
    0x0800a6ec   0x0800a6ec   0x000000b0   Code   RO         1858    i.HAL_RCC_GetSysClockFreq  stm32f4xx_hal_rcc.o
    0x0800a79c   0x0800a79c   0x00000448   Code   RO         1861    i.HAL_RCC_OscConfig  stm32f4xx_hal_rcc.o
    0x0800abe4   0x0800abe4   0x00000034   Code   RO         2706    i.HAL_SYSTICK_Config  stm32f4xx_hal_cortex.o
    0x0800ac18   0x0800ac18   0x00000002   Code   RO         4164    i.HAL_TIMEx_BreakCallback  stm32f4xx_hal_tim_ex.o
    0x0800ac1a   0x0800ac1a   0x00000002   Code   RO         4165    i.HAL_TIMEx_CommutCallback  stm32f4xx_hal_tim_ex.o
    0x0800ac1c   0x0800ac1c   0x00000054   Code   RO         4182    i.HAL_TIMEx_MasterConfigSynchronization  stm32f4xx_hal_tim_ex.o
    0x0800ac70   0x0800ac70   0x00000034   Code   RO         3478    i.HAL_TIM_Base_Init  stm32f4xx_hal_tim.o
    0x0800aca4   0x0800aca4   0x00000048   Code   RO          838    i.HAL_TIM_Base_MspInit  tim.o
    0x0800acec   0x0800acec   0x0000002a   Code   RO         3483    i.HAL_TIM_Base_Start_IT  stm32f4xx_hal_tim.o
    0x0800ad16   0x0800ad16   0x00000108   Code   RO         3487    i.HAL_TIM_ConfigClockSource  stm32f4xx_hal_tim.o
    0x0800ae1e   0x0800ae1e   0x00000002   Code   RO         3507    i.HAL_TIM_IC_CaptureCallback  stm32f4xx_hal_tim.o
    0x0800ae20   0x0800ae20   0x00000196   Code   RO         3521    i.HAL_TIM_IRQHandler  stm32f4xx_hal_tim.o
    0x0800afb6   0x0800afb6   0x00000002   Code   RO         3524    i.HAL_TIM_OC_DelayElapsedCallback  stm32f4xx_hal_tim.o
    0x0800afb8   0x0800afb8   0x00000002   Code   RO         3551    i.HAL_TIM_PWM_PulseFinishedCallback  stm32f4xx_hal_tim.o
    0x0800afba   0x0800afba   0x00000002   PAD
    0x0800afbc   0x0800afbc   0x00000018   Code   RO           16    i.HAL_TIM_PeriodElapsedCallback  sensor.o
    0x0800afd4   0x0800afd4   0x00000002   Code   RO         3564    i.HAL_TIM_TriggerCallback  stm32f4xx_hal_tim.o
    0x0800afd6   0x0800afd6   0x00000002   Code   RO         3106    i.HAL_UART_ErrorCallback  stm32f4xx_hal_uart.o
    0x0800afd8   0x0800afd8   0x0000014c   Code   RO         3109    i.HAL_UART_IRQHandler  stm32f4xx_hal_uart.o
    0x0800b124   0x0800b124   0x00000072   Code   RO         3110    i.HAL_UART_Init     stm32f4xx_hal_uart.o
    0x0800b196   0x0800b196   0x00000002   PAD
    0x0800b198   0x0800b198   0x000001a4   Code   RO          880    i.HAL_UART_MspInit  usart.o
    0x0800b33c   0x0800b33c   0x000000c4   Code   RO         3114    i.HAL_UART_Receive_DMA  stm32f4xx_hal_uart.o
    0x0800b400   0x0800b400   0x00000018   Code   RO           17    i.HAL_UART_RxCpltCallback  sensor.o
    0x0800b418   0x0800b418   0x00000002   Code   RO         3117    i.HAL_UART_RxHalfCpltCallback  stm32f4xx_hal_uart.o
    0x0800b41a   0x0800b41a   0x000000d6   Code   RO         3118    i.HAL_UART_Transmit  stm32f4xx_hal_uart.o
    0x0800b4f0   0x0800b4f0   0x00000002   Code   RO         3121    i.HAL_UART_TxCpltCallback  stm32f4xx_hal_uart.o
    0x0800b4f2   0x0800b4f2   0x00000002   PAD
    0x0800b4f4   0x0800b4f4   0x00000130   Code   RO         9292    i.HTS221_0_Probe    iks01a2_env_sensors.o
    0x0800b624   0x0800b624   0x00000032   Code   RO         4649    i.HTS221_DeInit     hts221.o
    0x0800b656   0x0800b656   0x00000002   PAD
    0x0800b658   0x0800b658   0x00000030   Code   RO         4651    i.HTS221_GetCapabilities  hts221.o
    0x0800b688   0x0800b688   0x00000064   Code   RO         4652    i.HTS221_GetOutputDataRate  hts221.o
    0x0800b6ec   0x0800b6ec   0x00000030   Code   RO         4655    i.HTS221_HUM_Disable  hts221.o
    0x0800b71c   0x0800b71c   0x00000032   Code   RO         4656    i.HTS221_HUM_Enable  hts221.o
    0x0800b74e   0x0800b74e   0x00000002   PAD
    0x0800b750   0x0800b750   0x00000100   Code   RO         4657    i.HTS221_HUM_GetHumidity  hts221.o
    0x0800b850   0x0800b850   0x00000010   Code   RO         4658    i.HTS221_HUM_GetOutputDataRate  hts221.o
    0x0800b860   0x0800b860   0x0000001c   Code   RO         4660    i.HTS221_HUM_SetOutputDataRate  hts221.o
    0x0800b87c   0x0800b87c   0x00000022   Code   RO         4661    i.HTS221_Init       hts221.o
    0x0800b89e   0x0800b89e   0x0000003e   Code   RO         4662    i.HTS221_Initialize  hts221.o
    0x0800b8dc   0x0800b8dc   0x0000001c   Code   RO         4663    i.HTS221_ReadID     hts221.o
    0x0800b8f8   0x0800b8f8   0x0000004c   Code   RO         4665    i.HTS221_RegisterBusIO  hts221.o
    0x0800b944   0x0800b944   0x0000004e   Code   RO         4666    i.HTS221_SetOutputDataRate  hts221.o
    0x0800b992   0x0800b992   0x00000030   Code   RO         4668    i.HTS221_TEMP_Disable  hts221.o
    0x0800b9c2   0x0800b9c2   0x00000032   Code   RO         4669    i.HTS221_TEMP_Enable  hts221.o
    0x0800b9f4   0x0800b9f4   0x00000010   Code   RO         4670    i.HTS221_TEMP_GetOutputDataRate  hts221.o
    0x0800ba04   0x0800ba04   0x000000c6   Code   RO         4671    i.HTS221_TEMP_GetTemperature  hts221.o
    0x0800baca   0x0800baca   0x0000001c   Code   RO         4673    i.HTS221_TEMP_SetOutputDataRate  hts221.o
    0x0800bae6   0x0800bae6   0x00000004   Code   RO         1037    i.HardFault_Handler  stm32f4xx_it.o
    0x0800baea   0x0800baea   0x00000002   PAD
    0x0800baec   0x0800baec   0x00000024   Code   RO          937    i.I2C1_MspDeInit    stm32f4xx_nucleo_bus.o
    0x0800bb10   0x0800bb10   0x00000074   Code   RO          938    i.I2C1_MspInit      stm32f4xx_nucleo_bus.o
    0x0800bb84   0x0800bb84   0x0000003e   Code   RO         1410    i.I2C_IsAcknowledgeFailed  stm32f4xx_hal_i2c.o
    0x0800bbc2   0x0800bbc2   0x00000002   PAD
    0x0800bbc4   0x0800bbc4   0x00000138   Code   RO         1420    i.I2C_RequestMemoryRead  stm32f4xx_hal_i2c.o
    0x0800bcfc   0x0800bcfc   0x000000cc   Code   RO         1421    i.I2C_RequestMemoryWrite  stm32f4xx_hal_i2c.o
    0x0800bdc8   0x0800bdc8   0x0000005c   Code   RO         1429    i.I2C_WaitOnBTFFlagUntilTimeout  stm32f4xx_hal_i2c.o
    0x0800be24   0x0800be24   0x00000086   Code   RO         1430    i.I2C_WaitOnFlagUntilTimeout  stm32f4xx_hal_i2c.o
    0x0800beaa   0x0800beaa   0x000000c4   Code   RO         1431    i.I2C_WaitOnMasterAddressFlagUntilTimeout  stm32f4xx_hal_i2c.o
    0x0800bf6e   0x0800bf6e   0x00000080   Code   RO         1432    i.I2C_WaitOnRXNEFlagUntilTimeout  stm32f4xx_hal_i2c.o
    0x0800bfee   0x0800bfee   0x0000005c   Code   RO         1434    i.I2C_WaitOnTXEFlagUntilTimeout  stm32f4xx_hal_i2c.o
    0x0800c04a   0x0800c04a   0x00000002   PAD
    0x0800c04c   0x0800c04c   0x00000038   Code   RO         9296    i.IKS01A2_ENV_SENSOR_GetCapabilities  iks01a2_env_sensors.o
    0x0800c084   0x0800c084   0x00000128   Code   RO         9299    i.IKS01A2_ENV_SENSOR_Init  iks01a2_env_sensors.o
    0x0800c1ac   0x0800c1ac   0x00000068   Code   RO         8816    i.IKS01A2_MOTION_SENSOR_GetAxes  iks01a2_motion_sensors.o
    0x0800c214   0x0800c214   0x00000038   Code   RO         8818    i.IKS01A2_MOTION_SENSOR_GetCapabilities  iks01a2_motion_sensors.o
    0x0800c24c   0x0800c24c   0x0000017c   Code   RO         8822    i.IKS01A2_MOTION_SENSOR_Init  iks01a2_motion_sensors.o
    0x0800c3c8   0x0800c3c8   0x00000028   Code   RO          447    i.InBuffer          oth_dev.o
    0x0800c3f0   0x0800c3f0   0x00000130   Code   RO         9302    i.LPS22HB_0_Probe   iks01a2_env_sensors.o
    0x0800c520   0x0800c520   0x00000032   Code   RO         5336    i.LPS22HB_DeInit    lps22hb.o
    0x0800c552   0x0800c552   0x00000002   PAD
    0x0800c554   0x0800c554   0x00000034   Code   RO         5347    i.LPS22HB_GetCapabilities  lps22hb.o
    0x0800c588   0x0800c588   0x00000080   Code   RO         5348    i.LPS22HB_GetOutputDataRate  lps22hb.o
    0x0800c608   0x0800c608   0x00000022   Code   RO         5352    i.LPS22HB_Init      lps22hb.o
    0x0800c62a   0x0800c62a   0x0000007e   Code   RO         5353    i.LPS22HB_Initialize  lps22hb.o
    0x0800c6a8   0x0800c6a8   0x00000044   Code   RO         5354    i.LPS22HB_PRESS_Disable  lps22hb.o
    0x0800c6ec   0x0800c6ec   0x0000002e   Code   RO         5355    i.LPS22HB_PRESS_Enable  lps22hb.o
    0x0800c71a   0x0800c71a   0x00000010   Code   RO         5356    i.LPS22HB_PRESS_GetOutputDataRate  lps22hb.o
    0x0800c72a   0x0800c72a   0x0000002a   Code   RO         5357    i.LPS22HB_PRESS_GetPressure  lps22hb.o
    0x0800c754   0x0800c754   0x00000030   Code   RO         5359    i.LPS22HB_PRESS_SetOutputDataRate  lps22hb.o
    0x0800c784   0x0800c784   0x0000001c   Code   RO         5360    i.LPS22HB_ReadID    lps22hb.o
    0x0800c7a0   0x0800c7a0   0x00000078   Code   RO         5362    i.LPS22HB_RegisterBusIO  lps22hb.o
    0x0800c818   0x0800c818   0x00000058   Code   RO         5363    i.LPS22HB_SetOutputDataRate_When_Disabled  lps22hb.o
    0x0800c870   0x0800c870   0x0000008c   Code   RO         5364    i.LPS22HB_SetOutputDataRate_When_Enabled  lps22hb.o
    0x0800c8fc   0x0800c8fc   0x00000044   Code   RO         5366    i.LPS22HB_TEMP_Disable  lps22hb.o
    0x0800c940   0x0800c940   0x0000002e   Code   RO         5367    i.LPS22HB_TEMP_Enable  lps22hb.o
    0x0800c96e   0x0800c96e   0x00000010   Code   RO         5368    i.LPS22HB_TEMP_GetOutputDataRate  lps22hb.o
    0x0800c97e   0x0800c97e   0x0000002c   Code   RO         5369    i.LPS22HB_TEMP_GetTemperature  lps22hb.o
    0x0800c9aa   0x0800c9aa   0x00000030   Code   RO         5371    i.LPS22HB_TEMP_SetOutputDataRate  lps22hb.o
    0x0800c9da   0x0800c9da   0x00000020   Code   RO         5372    i.LPS22HB_Write_Reg  lps22hb.o
    0x0800c9fa   0x0800c9fa   0x00000002   PAD
    0x0800c9fc   0x0800c9fc   0x00000104   Code   RO         8826    i.LSM303AGR_ACC_0_Probe  iks01a2_motion_sensors.o
    0x0800cb00   0x0800cb00   0x00000020   Code   RO         8537    i.LSM303AGR_ACC_DeInit  lsm303agr.o
    0x0800cb20   0x0800cb20   0x0000003e   Code   RO         8538    i.LSM303AGR_ACC_Disable  lsm303agr.o
    0x0800cb5e   0x0800cb5e   0x0000002e   Code   RO         8539    i.LSM303AGR_ACC_Enable  lsm303agr.o
    0x0800cb8c   0x0800cb8c   0x0000008c   Code   RO         8540    i.LSM303AGR_ACC_GetAxes  lsm303agr.o
    0x0800cc18   0x0800cc18   0x00000082   Code   RO         8541    i.LSM303AGR_ACC_GetAxesRaw  lsm303agr.o
    0x0800cc9a   0x0800cc9a   0x00000002   PAD
    0x0800cc9c   0x0800cc9c   0x0000003c   Code   RO         8542    i.LSM303AGR_ACC_GetCapabilities  lsm303agr.o
    0x0800ccd8   0x0800ccd8   0x00000050   Code   RO         8543    i.LSM303AGR_ACC_GetFullScale  lsm303agr.o
    0x0800cd28   0x0800cd28   0x00000150   Code   RO         8544    i.LSM303AGR_ACC_GetOutputDataRate  lsm303agr.o
    0x0800ce78   0x0800ce78   0x0000006a   Code   RO         8545    i.LSM303AGR_ACC_GetSensitivity  lsm303agr.o
    0x0800cee2   0x0800cee2   0x00000002   PAD
    0x0800cee4   0x0800cee4   0x00000070   Code   RO         8546    i.LSM303AGR_ACC_GetSensitivityHR  lsm303agr.o
    0x0800cf54   0x0800cf54   0x00000070   Code   RO         8547    i.LSM303AGR_ACC_GetSensitivityLP  lsm303agr.o
    0x0800cfc4   0x0800cfc4   0x00000070   Code   RO         8548    i.LSM303AGR_ACC_GetSensitivityNM  lsm303agr.o
    0x0800d034   0x0800d034   0x0000005c   Code   RO         8551    i.LSM303AGR_ACC_Init  lsm303agr.o
    0x0800d090   0x0800d090   0x0000001c   Code   RO         8552    i.LSM303AGR_ACC_ReadID  lsm303agr.o
    0x0800d0ac   0x0800d0ac   0x0000007c   Code   RO         8554    i.LSM303AGR_ACC_RegisterBusIO  lsm303agr.o
    0x0800d128   0x0800d128   0x00000038   Code   RO         8555    i.LSM303AGR_ACC_SetFullScale  lsm303agr.o
    0x0800d160   0x0800d160   0x00000030   Code   RO         8556    i.LSM303AGR_ACC_SetOutputDataRate  lsm303agr.o
    0x0800d190   0x0800d190   0x00000084   Code   RO         8557    i.LSM303AGR_ACC_SetOutputDataRate_When_Disabled  lsm303agr.o
    0x0800d214   0x0800d214   0x000000a4   Code   RO         8558    i.LSM303AGR_ACC_SetOutputDataRate_When_Enabled  lsm303agr.o
    0x0800d2b8   0x0800d2b8   0x00000020   Code   RO         8559    i.LSM303AGR_ACC_Write_Reg  lsm303agr.o
    0x0800d2d8   0x0800d2d8   0x00000104   Code   RO         8827    i.LSM303AGR_MAG_0_Probe  iks01a2_motion_sensors.o
    0x0800d3dc   0x0800d3dc   0x0000001c   Code   RO         8560    i.LSM303AGR_MAG_DeInit  lsm303agr.o
    0x0800d3f8   0x0800d3f8   0x0000002a   Code   RO         8561    i.LSM303AGR_MAG_Disable  lsm303agr.o
    0x0800d422   0x0800d422   0x0000002c   Code   RO         8562    i.LSM303AGR_MAG_Enable  lsm303agr.o
    0x0800d44e   0x0800d44e   0x00000078   Code   RO         8563    i.LSM303AGR_MAG_GetAxes  lsm303agr.o
    0x0800d4c6   0x0800d4c6   0x0000002e   Code   RO         8564    i.LSM303AGR_MAG_GetAxesRaw  lsm303agr.o
    0x0800d4f4   0x0800d4f4   0x0000003c   Code   RO         8565    i.LSM303AGR_MAG_GetCapabilities  lsm303agr.o
    0x0800d530   0x0800d530   0x0000000a   Code   RO         8566    i.LSM303AGR_MAG_GetFullScale  lsm303agr.o
    0x0800d53a   0x0800d53a   0x00000002   PAD
    0x0800d53c   0x0800d53c   0x00000068   Code   RO         8567    i.LSM303AGR_MAG_GetOutputDataRate  lsm303agr.o
    0x0800d5a4   0x0800d5a4   0x0000000e   Code   RO         8568    i.LSM303AGR_MAG_GetSensitivity  lsm303agr.o
    0x0800d5b2   0x0800d5b2   0x00000056   Code   RO         8571    i.LSM303AGR_MAG_Init  lsm303agr.o
    0x0800d608   0x0800d608   0x0000001c   Code   RO         8572    i.LSM303AGR_MAG_ReadID  lsm303agr.o
    0x0800d624   0x0800d624   0x00000074   Code   RO         8574    i.LSM303AGR_MAG_RegisterBusIO  lsm303agr.o
    0x0800d698   0x0800d698   0x00000006   Code   RO         8575    i.LSM303AGR_MAG_SetFullScale  lsm303agr.o
    0x0800d69e   0x0800d69e   0x00000002   PAD
    0x0800d6a0   0x0800d6a0   0x00000064   Code   RO         8576    i.LSM303AGR_MAG_SetOutputDataRate  lsm303agr.o
    0x0800d704   0x0800d704   0x00000130   Code   RO         8828    i.LSM6DSL_0_Probe   iks01a2_motion_sensors.o
    0x0800d834   0x0800d834   0x0000003e   Code   RO         7058    i.LSM6DSL_ACC_Disable  lsm6dsl.o
    0x0800d872   0x0800d872   0x0000002e   Code   RO         7068    i.LSM6DSL_ACC_Enable  lsm6dsl.o
    0x0800d8a0   0x0800d8a0   0x0000008c   Code   RO         7078    i.LSM6DSL_ACC_GetAxes  lsm6dsl.o
    0x0800d92c   0x0800d92c   0x0000002e   Code   RO         7079    i.LSM6DSL_ACC_GetAxesRaw  lsm6dsl.o
    0x0800d95a   0x0800d95a   0x00000050   Code   RO         7080    i.LSM6DSL_ACC_GetFullScale  lsm6dsl.o
    0x0800d9aa   0x0800d9aa   0x00000002   PAD
    0x0800d9ac   0x0800d9ac   0x000000dc   Code   RO         7081    i.LSM6DSL_ACC_GetOutputDataRate  lsm6dsl.o
    0x0800da88   0x0800da88   0x00000070   Code   RO         7082    i.LSM6DSL_ACC_GetSensitivity  lsm6dsl.o
    0x0800daf8   0x0800daf8   0x00000038   Code   RO         7093    i.LSM6DSL_ACC_SetFullScale  lsm6dsl.o
    0x0800db30   0x0800db30   0x00000030   Code   RO         7094    i.LSM6DSL_ACC_SetOutputDataRate  lsm6dsl.o
    0x0800db60   0x0800db60   0x000000cc   Code   RO         7095    i.LSM6DSL_ACC_SetOutputDataRate_When_Disabled  lsm6dsl.o
    0x0800dc2c   0x0800dc2c   0x000000e8   Code   RO         7096    i.LSM6DSL_ACC_SetOutputDataRate_When_Enabled  lsm6dsl.o
    0x0800dd14   0x0800dd14   0x00000030   Code   RO         7110    i.LSM6DSL_DeInit    lsm6dsl.o
    0x0800dd44   0x0800dd44   0x0000003e   Code   RO         7124    i.LSM6DSL_GYRO_Disable  lsm6dsl.o
    0x0800dd82   0x0800dd82   0x0000002e   Code   RO         7125    i.LSM6DSL_GYRO_Enable  lsm6dsl.o
    0x0800ddb0   0x0800ddb0   0x00000080   Code   RO         7126    i.LSM6DSL_GYRO_GetAxes  lsm6dsl.o
    0x0800de30   0x0800de30   0x0000002e   Code   RO         7127    i.LSM6DSL_GYRO_GetAxesRaw  lsm6dsl.o
    0x0800de5e   0x0800de5e   0x0000005c   Code   RO         7128    i.LSM6DSL_GYRO_GetFullScale  lsm6dsl.o
    0x0800deba   0x0800deba   0x00000002   PAD
    0x0800debc   0x0800debc   0x000000d0   Code   RO         7129    i.LSM6DSL_GYRO_GetOutputDataRate  lsm6dsl.o
    0x0800df8c   0x0800df8c   0x00000080   Code   RO         7130    i.LSM6DSL_GYRO_GetSensitivity  lsm6dsl.o
    0x0800e00c   0x0800e00c   0x00000044   Code   RO         7133    i.LSM6DSL_GYRO_SetFullScale  lsm6dsl.o
    0x0800e050   0x0800e050   0x00000030   Code   RO         7134    i.LSM6DSL_GYRO_SetOutputDataRate  lsm6dsl.o
    0x0800e080   0x0800e080   0x000000cc   Code   RO         7135    i.LSM6DSL_GYRO_SetOutputDataRate_When_Disabled  lsm6dsl.o
    0x0800e14c   0x0800e14c   0x000000e8   Code   RO         7136    i.LSM6DSL_GYRO_SetOutputDataRate_When_Enabled  lsm6dsl.o
    0x0800e234   0x0800e234   0x00000040   Code   RO         7139    i.LSM6DSL_GetCapabilities  lsm6dsl.o
    0x0800e274   0x0800e274   0x00000098   Code   RO         7140    i.LSM6DSL_Init      lsm6dsl.o
    0x0800e30c   0x0800e30c   0x0000001c   Code   RO         7141    i.LSM6DSL_ReadID    lsm6dsl.o
    0x0800e328   0x0800e328   0x0000007c   Code   RO         7143    i.LSM6DSL_RegisterBusIO  lsm6dsl.o
    0x0800e3a4   0x0800e3a4   0x00000020   Code   RO         7146    i.LSM6DSL_Write_Reg  lsm6dsl.o
    0x0800e3c4   0x0800e3c4   0x000000ec   Code   RO           20    i.Lib_Process       sensor.o
    0x0800e4b0   0x0800e4b0   0x0000000c   Code   RO           21    i.Lib_ReadRequest   sensor.o
    0x0800e4bc   0x0800e4bc   0x00000042   Code   RO         4675    i.Linear_Interpolation  hts221.o
    0x0800e4fe   0x0800e4fe   0x00000002   PAD
    0x0800e500   0x0800e500   0x00000020   Code   RO          638    i.MX_CRC_Init       crc.o
    0x0800e520   0x0800e520   0x00000088   Code   RO          678    i.MX_DMA_Init       dma.o
    0x0800e5a8   0x0800e5a8   0x000000d0   Code   RO          612    i.MX_GPIO_Init      gpio.o
    0x0800e678   0x0800e678   0x0000003c   Code   RO          939    i.MX_I2C1_Init      stm32f4xx_nucleo_bus.o
    0x0800e6b4   0x0800e6b4   0x00000364   Code   RO          706    i.MX_IKS01A2_DataLogTerminal_Init  app_x-cube-mems1.o
    0x0800ea18   0x0800ea18   0x00000008   Code   RO          708    i.MX_MEMS_Init      app_x-cube-mems1.o
    0x0800ea20   0x0800ea20   0x00000002   Code   RO          709    i.MX_MEMS_Process   app_x-cube-mems1.o
    0x0800ea22   0x0800ea22   0x00000002   PAD
    0x0800ea24   0x0800ea24   0x0000006c   Code   RO          839    i.MX_TIM3_Init      tim.o
    0x0800ea90   0x0800ea90   0x00000038   Code   RO          881    i.MX_USART1_UART_Init  usart.o
    0x0800eac8   0x0800eac8   0x00000034   Code   RO         1192    i.MX_USART2_UART_Init  stm32f4xx_nucleo.o
    0x0800eafc   0x0800eafc   0x00000038   Code   RO          882    i.MX_USART6_UART_Init  usart.o
    0x0800eb34   0x0800eb34   0x00000004   Code   RO         1038    i.MemManage_Handler  stm32f4xx_it.o
    0x0800eb38   0x0800eb38   0x00000006   Code   RO          270    i.MotionFX_LoadMagCalFromNVM  motionfx_manager.o
    0x0800eb3e   0x0800eb3e   0x00000006   Code   RO          271    i.MotionFX_SaveMagCalInNVM  motionfx_manager.o
    0x0800eb44   0x0800eb44   0x0000000e   Code   RO          273    i.MotionFX_manager_MagCal_start  motionfx_manager.o
    0x0800eb52   0x0800eb52   0x00000010   Code   RO          275    i.MotionFX_manager_get_version  motionfx_manager.o
    0x0800eb62   0x0800eb62   0x00000002   PAD
    0x0800eb64   0x0800eb64   0x000000f0   Code   RO          276    i.MotionFX_manager_init  motionfx_manager.o
    0x0800ec54   0x0800ec54   0x00000044   Code   RO          277    i.MotionFX_manager_run  motionfx_manager.o
    0x0800ec98   0x0800ec98   0x0000000a   Code   RO          278    i.MotionFX_manager_start_6X  motionfx_manager.o
    0x0800eca2   0x0800eca2   0x00000002   Code   RO         1039    i.NMI_Handler       stm32f4xx_it.o
    0x0800eca4   0x0800eca4   0x00000002   Code   RO         1040    i.PendSV_Handler    stm32f4xx_it.o
    0x0800eca6   0x0800eca6   0x00000002   PAD
    0x0800eca8   0x0800eca8   0x00000238   Code   RO          450    i.Quaternion2Angles  oth_dev.o
    0x0800eee0   0x0800eee0   0x0000022c   Code   RO          453    i.Quaternion_product  oth_dev.o
    0x0800f10c   0x0800f10c   0x00000038   Code   RO         8578    i.ReadAccRegWrap    lsm303agr.o
    0x0800f144   0x0800f144   0x00000038   Code   RO         8579    i.ReadMagRegWrap    lsm303agr.o
    0x0800f17c   0x0800f17c   0x00000038   Code   RO         4676    i.ReadRegWrap       hts221.o
    0x0800f1b4   0x0800f1b4   0x00000058   Code   RO         5373    i.ReadRegWrap       lps22hb.o
    0x0800f20c   0x0800f20c   0x00000020   Code   RO         7147    i.ReadRegWrap       lsm6dsl.o
    0x0800f22c   0x0800f22c   0x00000002   Code   RO         1041    i.SVC_Handler       stm32f4xx_it.o
    0x0800f22e   0x0800f22e   0x00000008   Code   RO         1042    i.SysTick_Handler   stm32f4xx_it.o
    0x0800f236   0x0800f236   0x00000002   PAD
    0x0800f238   0x0800f238   0x000000bc   Code   RO          556    i.SystemClock_Config  main.o
    0x0800f2f4   0x0800f2f4   0x00000064   Code   RO         1320    i.SystemInit        system_stm32f4xx.o
    0x0800f358   0x0800f358   0x00000010   Code   RO         1043    i.TIM3_IRQHandler   stm32f4xx_it.o
    0x0800f368   0x0800f368   0x000000a4   Code   RO         3566    i.TIM_Base_SetConfig  stm32f4xx_hal_tim.o
    0x0800f40c   0x0800f40c   0x00000016   Code   RO         3577    i.TIM_ETR_SetConfig  stm32f4xx_hal_tim.o
    0x0800f422   0x0800f422   0x00000012   Code   RO         3578    i.TIM_ITRx_SetConfig  stm32f4xx_hal_tim.o
    0x0800f434   0x0800f434   0x00000026   Code   RO         3584    i.TIM_TI1_ConfigInputStage  stm32f4xx_hal_tim.o
    0x0800f45a   0x0800f45a   0x00000028   Code   RO         3586    i.TIM_TI2_ConfigInputStage  stm32f4xx_hal_tim.o
    0x0800f482   0x0800f482   0x00000014   Code   RO         3123    i.UART_DMAAbortOnError  stm32f4xx_hal_uart.o
    0x0800f496   0x0800f496   0x00000050   Code   RO         3124    i.UART_DMAError     stm32f4xx_hal_uart.o
    0x0800f4e6   0x0800f4e6   0x00000046   Code   RO         3125    i.UART_DMAReceiveCplt  stm32f4xx_hal_uart.o
    0x0800f52c   0x0800f52c   0x0000000e   Code   RO         3127    i.UART_DMARxHalfCplt  stm32f4xx_hal_uart.o
    0x0800f53a   0x0800f53a   0x00000020   Code   RO         3133    i.UART_EndRxTransfer  stm32f4xx_hal_uart.o
    0x0800f55a   0x0800f55a   0x00000020   Code   RO         3134    i.UART_EndTransmit_IT  stm32f4xx_hal_uart.o
    0x0800f57a   0x0800f57a   0x00000014   Code   RO         3135    i.UART_EndTxTransfer  stm32f4xx_hal_uart.o
    0x0800f58e   0x0800f58e   0x000000a6   Code   RO         3136    i.UART_Receive_IT   stm32f4xx_hal_uart.o
    0x0800f634   0x0800f634   0x00000368   Code   RO         3137    i.UART_SetConfig    stm32f4xx_hal_uart.o
    0x0800f99c   0x0800f99c   0x00000068   Code   RO         3138    i.UART_Transmit_IT  stm32f4xx_hal_uart.o
    0x0800fa04   0x0800fa04   0x0000006c   Code   RO         3139    i.UART_WaitOnFlagUntilTimeout  stm32f4xx_hal_uart.o
    0x0800fa70   0x0800fa70   0x00000010   Code   RO         1044    i.USART1_IRQHandler  stm32f4xx_it.o
    0x0800fa80   0x0800fa80   0x000000f4   Code   RO         1194    i.USART2_MspInit    stm32f4xx_nucleo.o
    0x0800fb74   0x0800fb74   0x00000078   Code   RO         1045    i.USART6_IRQHandler  stm32f4xx_it.o
    0x0800fbec   0x0800fbec   0x00000004   Code   RO         1046    i.UsageFault_Handler  stm32f4xx_it.o
    0x0800fbf0   0x0800fbf0   0x00000038   Code   RO         8580    i.WriteAccRegWrap   lsm303agr.o
    0x0800fc28   0x0800fc28   0x00000038   Code   RO         8581    i.WriteMagRegWrap   lsm303agr.o
    0x0800fc60   0x0800fc60   0x00000038   Code   RO         4677    i.WriteRegWrap      hts221.o
    0x0800fc98   0x0800fc98   0x00000058   Code   RO         5374    i.WriteRegWrap      lps22hb.o
    0x0800fcf0   0x0800fcf0   0x00000020   Code   RO         7148    i.WriteRegWrap      lsm6dsl.o
    0x0800fd10   0x0800fd10   0x00000020   Code   RO         9910    i.__0printf$8       mc_w.l(printf8.o)
    0x0800fd30   0x0800fd30   0x00000030   Code   RO         9911    i.__0snprintf$8     mc_w.l(printf8.o)
    0x0800fd60   0x0800fd60   0x00000028   Code   RO         9912    i.__0sprintf$8      mc_w.l(printf8.o)
    0x0800fd88   0x0800fd88   0x00000030   Code   RO        10033    i.__ARM_fpclassify  m_wm.l(fpclassify.o)
    0x0800fdb8   0x0800fdb8   0x00000026   Code   RO        10035    i.__ARM_fpclassifyf  m_wm.l(fpclassifyf.o)
    0x0800fdde   0x0800fdde   0x00000002   PAD
    0x0800fde0   0x0800fde0   0x00000010   Code   RO         2708    i.__NVIC_GetPriorityGrouping  stm32f4xx_hal_cortex.o
    0x0800fdf0   0x0800fdf0   0x00000028   Code   RO         2709    i.__NVIC_SetPriority  stm32f4xx_hal_cortex.o
    0x0800fe18   0x0800fe18   0x00000360   Code   RO         9558    i.__hardfp_asin     m_wm.l(asin.o)
    0x08010178   0x08010178   0x000002d8   Code   RO         9996    i.__hardfp_atan     m_wm.l(atan.o)
    0x08010450   0x08010450   0x000001f0   Code   RO         9572    i.__hardfp_atan2    m_wm.l(atan2.o)
    0x08010640   0x08010640   0x000000c8   Code   RO         9584    i.__hardfp_cos      m_wm.l(cos.o)
    0x08010708   0x08010708   0x00000150   Code   RO         9596    i.__hardfp_cosf     m_wm.l(cosf.o)
    0x08010858   0x08010858   0x00000118   Code   RO         9608    i.__hardfp_floor    m_wm.l(floor.o)
    0x08010970   0x08010970   0x00000c50   Code   RO         9614    i.__hardfp_pow      m_wm.l(pow.o)
    0x080115c0   0x080115c0   0x000000c8   Code   RO         9628    i.__hardfp_sin      m_wm.l(sin.o)
    0x08011688   0x08011688   0x00000190   Code   RO         9640    i.__hardfp_sinf     m_wm.l(sinf.o)
    0x08011818   0x08011818   0x0000007a   Code   RO         9652    i.__hardfp_sqrt     m_wm.l(sqrt.o)
    0x08011892   0x08011892   0x00000002   PAD
    0x08011894   0x08011894   0x0000017c   Code   RO         9664    i.__hardfp_tanf     m_wm.l(tanf.o)
    0x08011a10   0x08011a10   0x000000b0   Code   RO         9676    i.__hardfp_trunc    m_wm.l(trunc.o)
    0x08011ac0   0x08011ac0   0x00000438   Code   RO        10054    i.__ieee754_rem_pio2  m_wm.l(rred.o)
    0x08011ef8   0x08011ef8   0x00000170   Code   RO        10010    i.__kernel_cos      m_wm.l(cos_i.o)
    0x08012068   0x08012068   0x000000f8   Code   RO        10051    i.__kernel_poly     m_wm.l(poly.o)
    0x08012160   0x08012160   0x00000130   Code   RO        10062    i.__kernel_sin      m_wm.l(sin_i.o)
    0x08012290   0x08012290   0x00000030   Code   RO        10013    i.__mathlib_dbl_divzero  m_wm.l(dunder.o)
    0x080122c0   0x080122c0   0x00000014   Code   RO        10014    i.__mathlib_dbl_infnan  m_wm.l(dunder.o)
    0x080122d4   0x080122d4   0x00000014   Code   RO        10015    i.__mathlib_dbl_infnan2  m_wm.l(dunder.o)
    0x080122e8   0x080122e8   0x00000020   Code   RO        10016    i.__mathlib_dbl_invalid  m_wm.l(dunder.o)
    0x08012308   0x08012308   0x00000020   Code   RO        10017    i.__mathlib_dbl_overflow  m_wm.l(dunder.o)
    0x08012328   0x08012328   0x00000020   Code   RO        10019    i.__mathlib_dbl_underflow  m_wm.l(dunder.o)
    0x08012348   0x08012348   0x00000006   Code   RO        10038    i.__mathlib_flt_infnan  m_wm.l(funder.o)
    0x0801234e   0x0801234e   0x00000002   PAD
    0x08012350   0x08012350   0x00000010   Code   RO        10040    i.__mathlib_flt_invalid  m_wm.l(funder.o)
    0x08012360   0x08012360   0x00000010   Code   RO        10043    i.__mathlib_flt_underflow  m_wm.l(funder.o)
    0x08012370   0x08012370   0x00000154   Code   RO        10059    i.__mathlib_rredf2  m_wm.l(rredf.o)
    0x080124c4   0x080124c4   0x0000000e   Code   RO        10129    i.__scatterload_copy  mc_w.l(handlers.o)
    0x080124d2   0x080124d2   0x00000002   Code   RO        10130    i.__scatterload_null  mc_w.l(handlers.o)
    0x080124d4   0x080124d4   0x0000000e   Code   RO        10131    i.__scatterload_zeroinit  mc_w.l(handlers.o)
    0x080124e2   0x080124e2   0x00000002   PAD
    0x080124e4   0x080124e4   0x0000000c   Code   RO        10105    i.__set_errno       mc_w.l(errno.o)
    0x080124f0   0x080124f0   0x00000410   Code   RO         9917    i._printf_core      mc_w.l(printf8.o)
    0x08012900   0x08012900   0x00000024   Code   RO         9918    i._printf_post_padding  mc_w.l(printf8.o)
    0x08012924   0x08012924   0x0000002e   Code   RO         9919    i._printf_pre_padding  mc_w.l(printf8.o)
    0x08012952   0x08012952   0x00000016   Code   RO         9920    i._snputc           mc_w.l(printf8.o)
    0x08012968   0x08012968   0x0000000a   Code   RO         9921    i._sputc            mc_w.l(printf8.o)
    0x08012972   0x08012972   0x00000010   Code   RO         9560    i.asin              m_wm.l(asin.o)
    0x08012982   0x08012982   0x00000010   Code   RO         9998    i.atan              m_wm.l(atan.o)
    0x08012992   0x08012992   0x00000014   Code   RO         9574    i.atan2             m_wm.l(atan2.o)
    0x080129a6   0x080129a6   0x00000002   PAD
    0x080129a8   0x080129a8   0x00000084   Code   RO          455    i.calculate_attitude  oth_dev.o
    0x08012a2c   0x08012a2c   0x00000010   Code   RO         9598    i.cosf              m_wm.l(cosf.o)
    0x08012a3c   0x08012a3c   0x00000018   Code   RO        10029    i.fabs              m_wm.l(fabs.o)
    0x08012a54   0x08012a54   0x00000108   Code   RO          713    i.floatToInt        app_x-cube-mems1.o
    0x08012b5c   0x08012b5c   0x00000010   Code   RO         9610    i.floor             m_wm.l(floor.o)
    0x08012b6c   0x08012b6c   0x00000028   Code   RO         1195    i.fputc             stm32f4xx_nucleo.o
    0x08012b94   0x08012b94   0x00000032   Code   RO         4413    i.hts221_block_data_update_set  hts221_reg.o
    0x08012bc6   0x08012bc6   0x00000050   Code   RO         4416    i.hts221_data_rate_get  hts221_reg.o
    0x08012c16   0x08012c16   0x00000032   Code   RO         4417    i.hts221_data_rate_set  hts221_reg.o
    0x08012c48   0x08012c48   0x00000018   Code   RO         4418    i.hts221_device_id_get  hts221_reg.o
    0x08012c60   0x08012c60   0x00000018   Code   RO         4423    i.hts221_hum_adc_point_0_get  hts221_reg.o
    0x08012c78   0x08012c78   0x00000018   Code   RO         4424    i.hts221_hum_adc_point_1_get  hts221_reg.o
    0x08012c90   0x08012c90   0x0000001e   Code   RO         4426    i.hts221_hum_rh_point_0_get  hts221_reg.o
    0x08012cae   0x08012cae   0x0000001e   Code   RO         4427    i.hts221_hum_rh_point_1_get  hts221_reg.o
    0x08012ccc   0x08012ccc   0x00000018   Code   RO         4430    i.hts221_humidity_raw_get  hts221_reg.o
    0x08012ce4   0x08012ce4   0x00000032   Code   RO         4438    i.hts221_power_on_set  hts221_reg.o
    0x08012d16   0x08012d16   0x00000020   Code   RO         4439    i.hts221_read_reg   hts221_reg.o
    0x08012d36   0x08012d36   0x00000018   Code   RO         4441    i.hts221_temp_adc_point_0_get  hts221_reg.o
    0x08012d4e   0x08012d4e   0x00000018   Code   RO         4442    i.hts221_temp_adc_point_1_get  hts221_reg.o
    0x08012d66   0x08012d66   0x00000040   Code   RO         4444    i.hts221_temp_deg_point_0_get  hts221_reg.o
    0x08012da6   0x08012da6   0x00000040   Code   RO         4445    i.hts221_temp_deg_point_1_get  hts221_reg.o
    0x08012de6   0x08012de6   0x00000018   Code   RO         4448    i.hts221_temperature_raw_get  hts221_reg.o
    0x08012dfe   0x08012dfe   0x00000022   Code   RO         4449    i.hts221_write_reg  hts221_reg.o
    0x08012e20   0x08012e20   0x0000003c   Code   RO           23    i.lib_init          sensor.o
    0x08012e5c   0x08012e5c   0x00000032   Code   RO         4830    i.lps22hb_auto_add_inc_set  lps22hb_reg.o
    0x08012e8e   0x08012e8e   0x00000032   Code   RO         4836    i.lps22hb_block_data_update_set  lps22hb_reg.o
    0x08012ec0   0x08012ec0   0x0000005a   Code   RO         4840    i.lps22hb_data_rate_get  lps22hb_reg.o
    0x08012f1a   0x08012f1a   0x00000032   Code   RO         4841    i.lps22hb_data_rate_set  lps22hb_reg.o
    0x08012f4c   0x08012f4c   0x00000018   Code   RO         4843    i.lps22hb_device_id_get  lps22hb_reg.o
    0x08012f64   0x08012f64   0x00000018   Code   RO         4861    i.lps22hb_from_lsb_to_degc  lps22hb_reg.o
    0x08012f7c   0x08012f7c   0x00000018   Code   RO         4862    i.lps22hb_from_lsb_to_hpa  lps22hb_reg.o
    0x08012f94   0x08012f94   0x00000032   Code   RO         4880    i.lps22hb_low_pass_filter_mode_set  lps22hb_reg.o
    0x08012fc6   0x08012fc6   0x00000032   Code   RO         4883    i.lps22hb_low_power_set  lps22hb_reg.o
    0x08012ff8   0x08012ff8   0x00000018   Code   RO         4892    i.lps22hb_pressure_raw_get  lps22hb_reg.o
    0x08013010   0x08013010   0x00000020   Code   RO         4899    i.lps22hb_read_reg  lps22hb_reg.o
    0x08013030   0x08013030   0x00000018   Code   RO         4910    i.lps22hb_temperature_raw_get  lps22hb_reg.o
    0x08013048   0x08013048   0x00000022   Code   RO         4911    i.lps22hb_write_reg  lps22hb_reg.o
    0x0801306a   0x0801306a   0x00000018   Code   RO         7610    i.lsm303agr_acceleration_raw_get  lsm303agr_reg.o
    0x08013082   0x08013082   0x00000032   Code   RO         7634    i.lsm303agr_mag_block_data_update_set  lsm303agr_reg.o
    0x080130b4   0x080130b4   0x00000050   Code   RO         7640    i.lsm303agr_mag_data_rate_get  lsm303agr_reg.o
    0x08013104   0x08013104   0x00000032   Code   RO         7641    i.lsm303agr_mag_data_rate_set  lsm303agr_reg.o
    0x08013136   0x08013136   0x00000018   Code   RO         7643    i.lsm303agr_mag_device_id_get  lsm303agr_reg.o
    0x0801314e   0x0801314e   0x00000032   Code   RO         7647    i.lsm303agr_mag_i2c_interface_set  lsm303agr_reg.o
    0x08013180   0x08013180   0x00000032   Code   RO         7662    i.lsm303agr_mag_operating_mode_set  lsm303agr_reg.o
    0x080131b2   0x080131b2   0x00000032   Code   RO         7668    i.lsm303agr_mag_self_test_set  lsm303agr_reg.o
    0x080131e4   0x080131e4   0x00000018   Code   RO         7676    i.lsm303agr_magnetic_raw_get  lsm303agr_reg.o
    0x080131fc   0x080131fc   0x00000020   Code   RO         7679    i.lsm303agr_read_reg  lsm303agr_reg.o
    0x0801321c   0x0801321c   0x00000022   Code   RO         7693    i.lsm303agr_write_reg  lsm303agr_reg.o
    0x0801323e   0x0801323e   0x00000032   Code   RO         7695    i.lsm303agr_xl_block_data_update_set  lsm303agr_reg.o
    0x08013270   0x08013270   0x00000074   Code   RO         7701    i.lsm303agr_xl_data_rate_get  lsm303agr_reg.o
    0x080132e4   0x080132e4   0x00000032   Code   RO         7702    i.lsm303agr_xl_data_rate_set  lsm303agr_reg.o
    0x08013316   0x08013316   0x00000018   Code   RO         7704    i.lsm303agr_xl_device_id_get  lsm303agr_reg.o
    0x0801332e   0x0801332e   0x00000032   Code   RO         7710    i.lsm303agr_xl_fifo_mode_set  lsm303agr_reg.o
    0x08013360   0x08013360   0x00000050   Code   RO         7720    i.lsm303agr_xl_full_scale_get  lsm303agr_reg.o
    0x080133b0   0x080133b0   0x00000032   Code   RO         7721    i.lsm303agr_xl_full_scale_set  lsm303agr_reg.o
    0x080133e2   0x080133e2   0x0000004c   Code   RO         7752    i.lsm303agr_xl_operating_mode_get  lsm303agr_reg.o
    0x0801342e   0x0801342e   0x00000018   Code   RO         5582    i.lsm6dsl_acceleration_raw_get  lsm6dsl_reg.o
    0x08013446   0x08013446   0x00000018   Code   RO         5590    i.lsm6dsl_angular_rate_raw_get  lsm6dsl_reg.o
    0x0801345e   0x0801345e   0x00000032   Code   RO         5592    i.lsm6dsl_auto_increment_set  lsm6dsl_reg.o
    0x08013490   0x08013490   0x00000032   Code   RO         5594    i.lsm6dsl_block_data_update_set  lsm6dsl_reg.o
    0x080134c2   0x080134c2   0x00000018   Code   RO         5613    i.lsm6dsl_device_id_get  lsm6dsl_reg.o
    0x080134da   0x080134da   0x00000032   Code   RO         5628    i.lsm6dsl_fifo_mode_set  lsm6dsl_reg.o
    0x0801350c   0x0801350c   0x0000007c   Code   RO         5661    i.lsm6dsl_gy_data_rate_get  lsm6dsl_reg.o
    0x08013588   0x08013588   0x00000032   Code   RO         5662    i.lsm6dsl_gy_data_rate_set  lsm6dsl_reg.o
    0x080135ba   0x080135ba   0x00000056   Code   RO         5664    i.lsm6dsl_gy_full_scale_get  lsm6dsl_reg.o
    0x08013610   0x08013610   0x00000032   Code   RO         5665    i.lsm6dsl_gy_full_scale_set  lsm6dsl_reg.o
    0x08013642   0x08013642   0x00000020   Code   RO         5713    i.lsm6dsl_read_reg  lsm6dsl_reg.o
    0x08013662   0x08013662   0x00000022   Code   RO         5796    i.lsm6dsl_write_reg  lsm6dsl_reg.o
    0x08013684   0x08013684   0x00000082   Code   RO         5797    i.lsm6dsl_xl_data_rate_get  lsm6dsl_reg.o
    0x08013706   0x08013706   0x00000032   Code   RO         5798    i.lsm6dsl_xl_data_rate_set  lsm6dsl_reg.o
    0x08013738   0x08013738   0x00000050   Code   RO         5802    i.lsm6dsl_xl_full_scale_get  lsm6dsl_reg.o
    0x08013788   0x08013788   0x00000032   Code   RO         5803    i.lsm6dsl_xl_full_scale_set  lsm6dsl_reg.o
    0x080137ba   0x080137ba   0x00000002   PAD
    0x080137bc   0x080137bc   0x00000054   Code   RO          557    i.main              main.o
    0x08013810   0x08013810   0x00000048   Code   RO          405    i.oneOverSqrt       tm_stm32_ahrs_imu.o
    0x08013858   0x08013858   0x00000010   Code   RO         9642    i.sinf              m_wm.l(sinf.o)
    0x08013868   0x08013868   0x0000006e   Code   RO         9654    i.sqrt              m_wm.l(sqrt.o)
    0x080138d6   0x080138d6   0x00000010   Code   RO         9666    i.tanf              m_wm.l(tanf.o)
    0x080138e6   0x080138e6   0x00000002   PAD
    0x080138e8   0x080138e8   0x00000014   Data   RO         1197    .constdata          stm32f4xx_nucleo.o
    0x080138fc   0x080138fc   0x00000018   Data   RO         1321    .constdata          system_stm32f4xx.o
    0x08013914   0x08013914   0x00000008   Data   RO         2401    .constdata          stm32f4xx_hal_dma.o
    0x0801391c   0x0801391c   0x00000004   PAD
    0x08013920   0x08013920   0x00000050   Data   RO         9561    .constdata          m_wm.l(asin.o)
    0x08013970   0x08013970   0x00000088   Data   RO         9617    .constdata          m_wm.l(pow.o)
    0x080139f8   0x080139f8   0x00000098   Data   RO         9999    .constdata          m_wm.l(atan.o)
    0x08013a90   0x08013a90   0x00000030   Data   RO        10011    .constdata          m_wm.l(cos_i.o)
    0x08013ac0   0x08013ac0   0x00000008   Data   RO        10053    .constdata          m_wm.l(qnan.o)
    0x08013ac8   0x08013ac8   0x000000c8   Data   RO        10056    .constdata          m_wm.l(rred.o)
    0x08013b90   0x08013b90   0x00000020   Data   RO        10060    .constdata          m_wm.l(rredf.o)
    0x08013bb0   0x08013bb0   0x00000028   Data   RO        10063    .constdata          m_wm.l(sin_i.o)
    0x08013bd8   0x08013bd8   0x000000e8   Data   RO          715    .conststring        app_x-cube-mems1.o
    0x08013cc0   0x08013cc0   0x000001bb   Data   RO         9545    .rodata             MotionFX_CM4F_wc16_ot.a(motion_fx.o)
    0x08013e7b   0x08013e7b   0x00000001   PAD
    0x08013e7c   0x08013e7c   0x00000020   Data   RO        10127    Region$$Table       anon$$obj.o


    Execution Region RW_IRAM1 (Exec base: 0x20000000, Load base: 0x08013e9c, Size: 0x0000aba0, Max: 0x00018000, ABSOLUTE, COMPRESSED[0x00000198])

    Exec Addr    Load Addr    Size         Type   Attr      Idx    E Section Name        Object

    0x20000000   COMPRESSED   0x0000002c   Data   RW           25    .data               sensor.o
    0x2000002c   COMPRESSED   0x0000000c   Data   RW          283    .data               motionfx_manager.o
    0x20000038   COMPRESSED   0x00000003   Data   RW          461    .data               oth_dev.o
    0x2000003b   COMPRESSED   0x00000001   PAD
    0x2000003c   COMPRESSED   0x00000008   Data   RW          639    .data               crc.o
    0x20000044   COMPRESSED   0x00000008   Data   RW          716    .data               app_x-cube-mems1.o
    0x2000004c   COMPRESSED   0x00000004   Data   RW          941    .data               stm32f4xx_nucleo_bus.o
    0x20000050   COMPRESSED   0x00000002   Data   RW         1047    .data               stm32f4xx_it.o
    0x20000052   COMPRESSED   0x00000002   PAD
    0x20000054   COMPRESSED   0x00000019   Data   RW         1198    .data               stm32f4xx_nucleo.o
    0x2000006d   COMPRESSED   0x00000003   PAD
    0x20000070   COMPRESSED   0x00000004   Data   RW         1322    .data               system_stm32f4xx.o
    0x20000074   COMPRESSED   0x00000009   Data   RW         2857    .data               stm32f4xx_hal.o
    0x2000007d   COMPRESSED   0x00000003   PAD
    0x20000080   COMPRESSED   0x00000038   Data   RW         4678    .data               hts221.o
    0x200000b8   COMPRESSED   0x00000038   Data   RW         5375    .data               lps22hb.o
    0x200000f0   COMPRESSED   0x00000058   Data   RW         7149    .data               lsm6dsl.o
    0x20000148   COMPRESSED   0x00000068   Data   RW         8582    .data               lsm303agr.o
    0x200001b0   COMPRESSED   0x00000014   Data   RW         8830    .data               iks01a2_motion_sensors.o
    0x200001c4   COMPRESSED   0x0000002c   Data   RW         9304    .data               iks01a2_env_sensors.o
    0x200001f0   COMPRESSED   0x000011c0   Data   RW         9499    .data               MotionFX_CM4F_wc16_ot.a(motion_fx.o)
    0x200013b0   COMPRESSED   0x00000004   Data   RW        10094    .data               mc_w.l(stdout.o)
    0x200013b4   COMPRESSED   0x00000004   Data   RW        10106    .data               mc_w.l(errno.o)
    0x200013b8        -       0x000002e3   Zero   RW           24    .bss                sensor.o
    0x2000169b   COMPRESSED   0x00000001   PAD
    0x2000169c        -       0x0000003c   Zero   RW          282    .bss                motionfx_manager.o
    0x200016d8        -       0x00000154   Zero   RW          460    .bss                oth_dev.o
    0x2000182c        -       0x00000174   Zero   RW          714    .bss                app_x-cube-mems1.o
    0x200019a0        -       0x00000040   Zero   RW          840    .bss                tim.o
    0x200019e0        -       0x00000140   Zero   RW          883    .bss                usart.o
    0x20001b20        -       0x00000054   Zero   RW          940    .bss                stm32f4xx_nucleo_bus.o
    0x20001b74        -       0x00000100   Zero   RW         1196    .bss                stm32f4xx_nucleo.o
    0x20001c74        -       0x000000d0   Zero   RW         8829    .bss                iks01a2_motion_sensors.o
    0x20001d44        -       0x00000070   Zero   RW         9303    .bss                iks01a2_env_sensors.o
    0x20001db4        -       0x00000de9   Zero   RW         9500    .bss                MotionFX_CM4F_wc16_ot.a(motion_fx.o)
    0x20002b9d   COMPRESSED   0x00000003   PAD
    0x20002ba0        -       0x00008000   Zero   RW            1    STACK               startup_stm32f401xe.o


==============================================================================

Image component sizes


      Code (inc. data)   RO Data    RW Data    ZI Data      Debug   Object Name

      1154        274        232          8        372       5751   app_x-cube-mems1.o
        84         18          0          8          0       1423   crc.o
       136          6          0          0          0        790   dma.o
       208         16          0          0          0        947   gpio.o
      1392         26          0         56          0      17238   hts221.o
       652          0          0          0          0      15460   hts221_reg.o
       960        142          0         44        112      11149   iks01a2_env_sensors.o
      1364        204          0         20        208       6017   iks01a2_motion_sensors.o
      1416         48          0         56          0      18652   lps22hb.o
       526         18          0          0          0      13703   lps22hb_reg.o
      3032        182          0        104          0      32674   lsm303agr.o
       964         10          0          0          0      25147   lsm303agr_reg.o
      3020        296          0         88          0      26257   lsm6dsl.o
       908         32          0          0          0      12334   lsm6dsl_reg.o
       274         18          0          0          0       2032   main.o
       360         28          0         12         60       5198   motionfx_manager.o
      2728         68          0          3        340       5174   oth_dev.o
       564        120          0         44        739     490302   sensor.o
        36          8        404          0      32768        828   startup_stm32f401xe.o
       172         32          0          9          0       3873   stm32f4xx_hal.o
       304         22          0          0          0      34399   stm32f4xx_hal_cortex.o
        36          0          0          0          0       1027   stm32f4xx_hal_crc.o
      1276         16          8          0          0       6142   stm32f4xx_hal_dma.o
        34          0          0          0          0       1793   stm32f4xx_hal_exti.o
       808         62          0          0          0       3781   stm32f4xx_hal_gpio.o
      2850         46          0          0          0      14479   stm32f4xx_hal_i2c.o
        76          0          0          0          0       1083   stm32f4xx_hal_i2c_ex.o
        80          6          0          0          0        818   stm32f4xx_hal_msp.o
      1732         84          0          0          0       5484   stm32f4xx_hal_rcc.o
      1054         30          0          0          0       9375   stm32f4xx_hal_tim.o
        88          0          0          0          0       2409   stm32f4xx_hal_tim_ex.o
      2380         26          0          0          0      12890   stm32f4xx_hal_uart.o
       248         58          0          2          0       7735   stm32f4xx_it.o
       846        122         20         25        256      10168   stm32f4xx_nucleo.o
       504         58          0          4         84       5470   stm32f4xx_nucleo_bus.o
       100         18         24          4          0       1131   system_stm32f4xx.o
       180         18          0          0         64       1610   tim.o
        72          0          0          0          0        614   tm_stm32_ahrs_imu.o
       532         54          0          0        320       2461   usart.o

    ----------------------------------------------------------------------
     33200       2166        724        496      35324     817818   Object Totals
         0          0         32          0          0          0   (incl. Generated)
        50          0          4          9          1          0   (incl. Padding)

    ----------------------------------------------------------------------

      Code (inc. data)   RO Data    RW Data    ZI Data      Debug   Library Member Name

     32484       1250        443       4544       3561          0   motion_fx.o
       880         94         80          0          0        404   asin.o
       744        106        152          0          0        352   atan.o
       516         64          0          0          0        316   atan2.o
       200         20          0          0          0        164   cos.o
       368         46         48          0          0        200   cos_i.o
       352         56          0          0          0        260   cosf.o
       184         44          0          0          0        744   dunder.o
        24          0          0          0          0        124   fabs.o
       296         28          0          0          0        280   floor.o
        48          0          0          0          0        124   fpclassify.o
        38          0          0          0          0        116   fpclassifyf.o
        38         12          0          0          0        348   funder.o
       248          0          0          0          0        152   poly.o
      3152        296        136          0          0        352   pow.o
         0          0          8          0          0          0   qnan.o
      1080        142        200          0          0        188   rred.o
       340         24         32          0          0        160   rredf.o
       200         20          0          0          0        164   sin.o
       304         24         40          0          0        208   sin_i.o
       416         56          0          0          0        336   sinf.o
       232          0          0          0          0        296   sqrt.o
       396         58          0          0          0        324   tanf.o
       176         22          0          0          0        156   trunc.o
        86          0          0          0          0          0   __dczerorl2.o
         0          0          0          0          0          0   entry.o
         0          0          0          0          0          0   entry10a.o
         0          0          0          0          0          0   entry11a.o
         8          4          0          0          0          0   entry2.o
         4          0          0          0          0          0   entry5.o
         0          0          0          0          0          0   entry7b.o
         0          0          0          0          0          0   entry8b.o
         8          4          0          0          0          0   entry9a.o
        12          6          0          4          0         68   errno.o
        30          0          0          0          0          0   handlers.o
        36          8          0          0          0         68   init.o
         0          0          0          0          0          0   iusefp.o
        30          0          0          0          0         68   llshl.o
        36          0          0          0          0         68   llsshr.o
        32          0          0          0          0         68   llushr.o
        40          0          0          0          0         76   memcpy.o
        36          0          0          0          0        108   memseta.o
      1274         64          0          0          0        656   printf8.o
         0          0          0          4          0          0   stdout.o
        18          0          0          0          0         68   strcpy.o
        98          0          0          0          0         92   uldiv.o
        48          0          0          0          0         68   cdcmple.o
        48          0          0          0          0         68   cdrcmple.o
        56          0          0          0          0         88   d2f.o
       334          0          0          0          0        148   dadd.o
        56          0          0          0          0         80   dcmpeq.o
        54          0          0          0          0         80   dcmpge.o
        54          0          0          0          0         80   dcmpgt.o
        54          0          0          0          0         80   dcmple.o
        54          0          0          0          0         80   dcmplt.o
       222          0          0          0          0        100   ddiv.o
       186          0          0          0          0        176   depilogue.o
        62          0          0          0          0         80   dfixi.o
        34          0          0          0          0         76   dflti.o
        26          0          0          0          0         76   dfltui.o
       228          0          0          0          0         96   dmul.o
       136          4          0          0          0         92   drnd.o
        46          0          0          0          0         80   dscalb.o
       162          0          0          0          0        100   dsqrt.o
        38          0          0          0          0         68   f2d.o
       110          0          0          0          0        168   fepilogue.o

    ----------------------------------------------------------------------
     46500       2464       1140       4552       3564       8992   Library Totals
        28         12          1          0          3          0   (incl. Padding)

    ----------------------------------------------------------------------

      Code (inc. data)   RO Data    RW Data    ZI Data      Debug   Library Name

     32484       1250        443       4544       3561          0   MotionFX_CM4F_wc16_ot.a
     10232       1112        696          0          0       5768   m_wm.l
      1748         86          0          8          0       1340   mc_w.l
      2008          4          0          0          0       1884   mf_w.l

    ----------------------------------------------------------------------
     46500       2464       1140       4552       3564       8992   Library Totals

    ----------------------------------------------------------------------

==============================================================================


      Code (inc. data)   RO Data    RW Data    ZI Data      Debug   

     79700       4630       1864       5048      38888     788226   Grand Totals
     79700       4630       1864        408      38888     788226   ELF Image Totals (compressed)
     79700       4630       1864        408          0          0   ROM Totals

==============================================================================

    Total RO  Size (Code + RO Data)                81564 (  79.65kB)
    Total RW  Size (RW Data + ZI Data)             43936 (  42.91kB)
    Total ROM Size (Code + RO Data + RW Data)      81972 (  80.05kB)

==============================================================================

