<!doctype html public "-//w3c//dtd html 4.0 transitional//en">
<html><head>
<title>Static Call Graph - [MFX_1709\MFX_1709.axf]</title></head>
<body><HR>
<H1>Static Call Graph for image MFX_1709\MFX_1709.axf</H1><HR>
<BR><P>#&#060CALLGRAPH&#062# ARM Linker, 5060750: Last Updated: Fri Nov 29 12:37:54 2019
<BR><P>
<H3>Maximum Stack Usage =        648 bytes + Unknown(Functions without stacksize, Cycles, Untraceable Function Pointers)</H3><H3>
Call chain for Maximum Stack Depth:</H3>
main &rArr; Lib_Process &rArr; calculate_attitude &rArr; Quaternion_product &rArr; __hardfp_pow &rArr; __kernel_poly &rArr; __aeabi_dmul &rArr; _double_epilogue &rArr; _double_round
<P>
<H3>
Functions with no stack information
</H3><UL>
 <LI><a href="#[1c0]">MotionFX_GetLibVersion</a>
 <LI><a href="#[c9]">MotionFX_MagCal_init</a>
 <LI><a href="#[1c4]">MotionFX_enable_6X</a>
 <LI><a href="#[1c5]">MotionFX_enable_9X</a>
 <LI><a href="#[1c2]">MotionFX_getKnobs</a>
 <LI><a href="#[ca]">MotionFX_initialize</a>
 <LI><a href="#[ce]">MotionFX_propagate</a>
 <LI><a href="#[d5]">MotionFX_setKnobs</a>
 <LI><a href="#[d6]">MotionFX_update</a>
 <LI><a href="#[e3]">m_mldivide</a>
 <LI><a href="#[d2]">m_qmult_eml</a>
 <LI><a href="#[de]">m_q2dcm_eml</a>
 <LI><a href="#[c6]">MEMS_EmptyDataFrame</a>
 <LI><a href="#[c5]">MEMS_DataBuffInit</a>
 <LI><a href="#[e2]">m_dcm2q_eml</a>
 <LI><a href="#[d4]">SpacePointGyroProp</a>
 <LI><a href="#[d9]">quatErr2EulerErr</a>
 <LI><a href="#[cb]">rt_InitInfAndNaN.isra.3</a>
 <LI><a href="#[c2]">MEMSloadFromNVM.isra.10</a>
 <LI><a href="#[c1]">MEMSLoadMagCalNVM</a>
 <LI><a href="#[c4]">MEMSsaveInNVM.isra.11</a>
 <LI><a href="#[c3]">MEMSSaveMagCalNVM</a>
 <LI><a href="#[cc]">iNemo_setOrientation.constprop.40</a>
 <LI><a href="#[cd]">iNemo_setOrientation_6X.constprop.41</a>
 <LI><a href="#[da]">iNemo_quat2heading</a>
 <LI><a href="#[d3]">output_update</a>
 <LI><a href="#[dd]">m_kalman_3gyro.isra.6.constprop.36</a>
 <LI><a href="#[db]">SpacePointAlgorithm.isra.7</a>
 <LI><a href="#[d7]">iNemo_update_6X.constprop.34</a>
 <LI><a href="#[d8]">iNemo_update.constprop.35</a>
</UL>
</UL>
<P>
<H3>
Mutually Recursive functions
</H3> <LI><a href="#[69]">ADC_IRQHandler</a>&nbsp;&nbsp;&nbsp;&rArr;&nbsp;&nbsp;&nbsp;<a href="#[69]">ADC_IRQHandler</a><BR>
</UL>
<P>
<H3>
Function Pointers
</H3><UL>
 <LI><a href="#[69]">ADC_IRQHandler</a> from startup_stm32f401xe.o(.text) referenced from startup_stm32f401xe.o(RESET)
 <LI><a href="#[9a]">BSP_GetTick</a> from stm32f4xx_nucleo_bus.o(i.BSP_GetTick) referenced from iks01a2_env_sensors.o(i.HTS221_0_Probe)
 <LI><a href="#[9a]">BSP_GetTick</a> from stm32f4xx_nucleo_bus.o(i.BSP_GetTick) referenced from iks01a2_env_sensors.o(i.LPS22HB_0_Probe)
 <LI><a href="#[9a]">BSP_GetTick</a> from stm32f4xx_nucleo_bus.o(i.BSP_GetTick) referenced from iks01a2_motion_sensors.o(i.LSM303AGR_ACC_0_Probe)
 <LI><a href="#[9a]">BSP_GetTick</a> from stm32f4xx_nucleo_bus.o(i.BSP_GetTick) referenced from iks01a2_motion_sensors.o(i.LSM303AGR_MAG_0_Probe)
 <LI><a href="#[9a]">BSP_GetTick</a> from stm32f4xx_nucleo_bus.o(i.BSP_GetTick) referenced from iks01a2_motion_sensors.o(i.LSM6DSL_0_Probe)
 <LI><a href="#[97]">BSP_I2C1_DeInit</a> from stm32f4xx_nucleo_bus.o(i.BSP_I2C1_DeInit) referenced from iks01a2_env_sensors.o(i.HTS221_0_Probe)
 <LI><a href="#[97]">BSP_I2C1_DeInit</a> from stm32f4xx_nucleo_bus.o(i.BSP_I2C1_DeInit) referenced from iks01a2_env_sensors.o(i.LPS22HB_0_Probe)
 <LI><a href="#[97]">BSP_I2C1_DeInit</a> from stm32f4xx_nucleo_bus.o(i.BSP_I2C1_DeInit) referenced from iks01a2_motion_sensors.o(i.LSM303AGR_ACC_0_Probe)
 <LI><a href="#[97]">BSP_I2C1_DeInit</a> from stm32f4xx_nucleo_bus.o(i.BSP_I2C1_DeInit) referenced from iks01a2_motion_sensors.o(i.LSM303AGR_MAG_0_Probe)
 <LI><a href="#[97]">BSP_I2C1_DeInit</a> from stm32f4xx_nucleo_bus.o(i.BSP_I2C1_DeInit) referenced from iks01a2_motion_sensors.o(i.LSM6DSL_0_Probe)
 <LI><a href="#[96]">BSP_I2C1_Init</a> from stm32f4xx_nucleo_bus.o(i.BSP_I2C1_Init) referenced from iks01a2_env_sensors.o(i.HTS221_0_Probe)
 <LI><a href="#[96]">BSP_I2C1_Init</a> from stm32f4xx_nucleo_bus.o(i.BSP_I2C1_Init) referenced from iks01a2_env_sensors.o(i.LPS22HB_0_Probe)
 <LI><a href="#[96]">BSP_I2C1_Init</a> from stm32f4xx_nucleo_bus.o(i.BSP_I2C1_Init) referenced from iks01a2_motion_sensors.o(i.LSM303AGR_ACC_0_Probe)
 <LI><a href="#[96]">BSP_I2C1_Init</a> from stm32f4xx_nucleo_bus.o(i.BSP_I2C1_Init) referenced from iks01a2_motion_sensors.o(i.LSM303AGR_MAG_0_Probe)
 <LI><a href="#[96]">BSP_I2C1_Init</a> from stm32f4xx_nucleo_bus.o(i.BSP_I2C1_Init) referenced from iks01a2_motion_sensors.o(i.LSM6DSL_0_Probe)
 <LI><a href="#[98]">BSP_I2C1_ReadReg</a> from stm32f4xx_nucleo_bus.o(i.BSP_I2C1_ReadReg) referenced from iks01a2_env_sensors.o(i.HTS221_0_Probe)
 <LI><a href="#[98]">BSP_I2C1_ReadReg</a> from stm32f4xx_nucleo_bus.o(i.BSP_I2C1_ReadReg) referenced from iks01a2_env_sensors.o(i.LPS22HB_0_Probe)
 <LI><a href="#[98]">BSP_I2C1_ReadReg</a> from stm32f4xx_nucleo_bus.o(i.BSP_I2C1_ReadReg) referenced from iks01a2_motion_sensors.o(i.LSM303AGR_ACC_0_Probe)
 <LI><a href="#[98]">BSP_I2C1_ReadReg</a> from stm32f4xx_nucleo_bus.o(i.BSP_I2C1_ReadReg) referenced from iks01a2_motion_sensors.o(i.LSM303AGR_MAG_0_Probe)
 <LI><a href="#[98]">BSP_I2C1_ReadReg</a> from stm32f4xx_nucleo_bus.o(i.BSP_I2C1_ReadReg) referenced from iks01a2_motion_sensors.o(i.LSM6DSL_0_Probe)
 <LI><a href="#[99]">BSP_I2C1_WriteReg</a> from stm32f4xx_nucleo_bus.o(i.BSP_I2C1_WriteReg) referenced from iks01a2_env_sensors.o(i.HTS221_0_Probe)
 <LI><a href="#[99]">BSP_I2C1_WriteReg</a> from stm32f4xx_nucleo_bus.o(i.BSP_I2C1_WriteReg) referenced from iks01a2_env_sensors.o(i.LPS22HB_0_Probe)
 <LI><a href="#[99]">BSP_I2C1_WriteReg</a> from stm32f4xx_nucleo_bus.o(i.BSP_I2C1_WriteReg) referenced from iks01a2_motion_sensors.o(i.LSM303AGR_ACC_0_Probe)
 <LI><a href="#[99]">BSP_I2C1_WriteReg</a> from stm32f4xx_nucleo_bus.o(i.BSP_I2C1_WriteReg) referenced from iks01a2_motion_sensors.o(i.LSM303AGR_MAG_0_Probe)
 <LI><a href="#[99]">BSP_I2C1_WriteReg</a> from stm32f4xx_nucleo_bus.o(i.BSP_I2C1_WriteReg) referenced from iks01a2_motion_sensors.o(i.LSM6DSL_0_Probe)
 <LI><a href="#[a8]">BUTTON_USER_EXTI_Callback</a> from stm32f4xx_nucleo.o(i.BUTTON_USER_EXTI_Callback) referenced from stm32f4xx_nucleo.o(.constdata)
 <LI><a href="#[51]">BusFault_Handler</a> from stm32f4xx_it.o(i.BusFault_Handler) referenced from startup_stm32f401xe.o(RESET)
 <LI><a href="#[62]">DMA1_Stream0_IRQHandler</a> from startup_stm32f401xe.o(.text) referenced from startup_stm32f401xe.o(RESET)
 <LI><a href="#[63]">DMA1_Stream1_IRQHandler</a> from startup_stm32f401xe.o(.text) referenced from startup_stm32f401xe.o(RESET)
 <LI><a href="#[64]">DMA1_Stream2_IRQHandler</a> from startup_stm32f401xe.o(.text) referenced from startup_stm32f401xe.o(RESET)
 <LI><a href="#[65]">DMA1_Stream3_IRQHandler</a> from startup_stm32f401xe.o(.text) referenced from startup_stm32f401xe.o(RESET)
 <LI><a href="#[66]">DMA1_Stream4_IRQHandler</a> from startup_stm32f401xe.o(.text) referenced from startup_stm32f401xe.o(RESET)
 <LI><a href="#[67]">DMA1_Stream5_IRQHandler</a> from stm32f4xx_it.o(i.DMA1_Stream5_IRQHandler) referenced from startup_stm32f401xe.o(RESET)
 <LI><a href="#[68]">DMA1_Stream6_IRQHandler</a> from stm32f4xx_it.o(i.DMA1_Stream6_IRQHandler) referenced from startup_stm32f401xe.o(RESET)
 <LI><a href="#[7d]">DMA1_Stream7_IRQHandler</a> from startup_stm32f401xe.o(.text) referenced from startup_stm32f401xe.o(RESET)
 <LI><a href="#[81]">DMA2_Stream0_IRQHandler</a> from startup_stm32f401xe.o(.text) referenced from startup_stm32f401xe.o(RESET)
 <LI><a href="#[82]">DMA2_Stream1_IRQHandler</a> from stm32f4xx_it.o(i.DMA2_Stream1_IRQHandler) referenced from startup_stm32f401xe.o(RESET)
 <LI><a href="#[83]">DMA2_Stream2_IRQHandler</a> from startup_stm32f401xe.o(.text) referenced from startup_stm32f401xe.o(RESET)
 <LI><a href="#[84]">DMA2_Stream3_IRQHandler</a> from startup_stm32f401xe.o(.text) referenced from startup_stm32f401xe.o(RESET)
 <LI><a href="#[85]">DMA2_Stream4_IRQHandler</a> from startup_stm32f401xe.o(.text) referenced from startup_stm32f401xe.o(RESET)
 <LI><a href="#[87]">DMA2_Stream5_IRQHandler</a> from startup_stm32f401xe.o(.text) referenced from startup_stm32f401xe.o(RESET)
 <LI><a href="#[88]">DMA2_Stream6_IRQHandler</a> from stm32f4xx_it.o(i.DMA2_Stream6_IRQHandler) referenced from startup_stm32f401xe.o(RESET)
 <LI><a href="#[89]">DMA2_Stream7_IRQHandler</a> from startup_stm32f401xe.o(.text) referenced from startup_stm32f401xe.o(RESET)
 <LI><a href="#[54]">DebugMon_Handler</a> from stm32f4xx_it.o(i.DebugMon_Handler) referenced from startup_stm32f401xe.o(RESET)
 <LI><a href="#[5d]">EXTI0_IRQHandler</a> from startup_stm32f401xe.o(.text) referenced from startup_stm32f401xe.o(RESET)
 <LI><a href="#[7a]">EXTI15_10_IRQHandler</a> from startup_stm32f401xe.o(.text) referenced from startup_stm32f401xe.o(RESET)
 <LI><a href="#[5e]">EXTI1_IRQHandler</a> from startup_stm32f401xe.o(.text) referenced from startup_stm32f401xe.o(RESET)
 <LI><a href="#[5f]">EXTI2_IRQHandler</a> from startup_stm32f401xe.o(.text) referenced from startup_stm32f401xe.o(RESET)
 <LI><a href="#[60]">EXTI3_IRQHandler</a> from startup_stm32f401xe.o(.text) referenced from startup_stm32f401xe.o(RESET)
 <LI><a href="#[61]">EXTI4_IRQHandler</a> from startup_stm32f401xe.o(.text) referenced from startup_stm32f401xe.o(RESET)
 <LI><a href="#[6a]">EXTI9_5_IRQHandler</a> from startup_stm32f401xe.o(.text) referenced from startup_stm32f401xe.o(RESET)
 <LI><a href="#[5b]">FLASH_IRQHandler</a> from startup_stm32f401xe.o(.text) referenced from startup_stm32f401xe.o(RESET)
 <LI><a href="#[8d]">FPU_IRQHandler</a> from startup_stm32f401xe.o(.text) referenced from startup_stm32f401xe.o(RESET)
 <LI><a href="#[2]">HTS221_DeInit</a> from hts221.o(i.HTS221_DeInit) referenced 2 times from hts221.o(.data)
 <LI><a href="#[4]">HTS221_GetCapabilities</a> from hts221.o(i.HTS221_GetCapabilities) referenced 2 times from hts221.o(.data)
 <LI><a href="#[6]">HTS221_HUM_Disable</a> from hts221.o(i.HTS221_HUM_Disable) referenced 2 times from hts221.o(.data)
 <LI><a href="#[5]">HTS221_HUM_Enable</a> from hts221.o(i.HTS221_HUM_Enable) referenced 2 times from hts221.o(.data)
 <LI><a href="#[9]">HTS221_HUM_GetHumidity</a> from hts221.o(i.HTS221_HUM_GetHumidity) referenced 2 times from hts221.o(.data)
 <LI><a href="#[7]">HTS221_HUM_GetOutputDataRate</a> from hts221.o(i.HTS221_HUM_GetOutputDataRate) referenced 2 times from hts221.o(.data)
 <LI><a href="#[8]">HTS221_HUM_SetOutputDataRate</a> from hts221.o(i.HTS221_HUM_SetOutputDataRate) referenced 2 times from hts221.o(.data)
 <LI><a href="#[1]">HTS221_Init</a> from hts221.o(i.HTS221_Init) referenced 2 times from hts221.o(.data)
 <LI><a href="#[3]">HTS221_ReadID</a> from hts221.o(i.HTS221_ReadID) referenced 2 times from hts221.o(.data)
 <LI><a href="#[b]">HTS221_TEMP_Disable</a> from hts221.o(i.HTS221_TEMP_Disable) referenced 2 times from hts221.o(.data)
 <LI><a href="#[a]">HTS221_TEMP_Enable</a> from hts221.o(i.HTS221_TEMP_Enable) referenced 2 times from hts221.o(.data)
 <LI><a href="#[c]">HTS221_TEMP_GetOutputDataRate</a> from hts221.o(i.HTS221_TEMP_GetOutputDataRate) referenced 2 times from hts221.o(.data)
 <LI><a href="#[e]">HTS221_TEMP_GetTemperature</a> from hts221.o(i.HTS221_TEMP_GetTemperature) referenced 2 times from hts221.o(.data)
 <LI><a href="#[d]">HTS221_TEMP_SetOutputDataRate</a> from hts221.o(i.HTS221_TEMP_SetOutputDataRate) referenced 2 times from hts221.o(.data)
 <LI><a href="#[4f]">HardFault_Handler</a> from stm32f4xx_it.o(i.HardFault_Handler) referenced from startup_stm32f401xe.o(RESET)
 <LI><a href="#[73]">I2C1_ER_IRQHandler</a> from startup_stm32f401xe.o(.text) referenced from startup_stm32f401xe.o(RESET)
 <LI><a href="#[72]">I2C1_EV_IRQHandler</a> from startup_stm32f401xe.o(.text) referenced from startup_stm32f401xe.o(RESET)
 <LI><a href="#[75]">I2C2_ER_IRQHandler</a> from startup_stm32f401xe.o(.text) referenced from startup_stm32f401xe.o(RESET)
 <LI><a href="#[74]">I2C2_EV_IRQHandler</a> from startup_stm32f401xe.o(.text) referenced from startup_stm32f401xe.o(RESET)
 <LI><a href="#[8c]">I2C3_ER_IRQHandler</a> from startup_stm32f401xe.o(.text) referenced from startup_stm32f401xe.o(RESET)
 <LI><a href="#[8b]">I2C3_EV_IRQHandler</a> from startup_stm32f401xe.o(.text) referenced from startup_stm32f401xe.o(RESET)
 <LI><a href="#[10]">LPS22HB_DeInit</a> from lps22hb.o(i.LPS22HB_DeInit) referenced 2 times from lps22hb.o(.data)
 <LI><a href="#[12]">LPS22HB_GetCapabilities</a> from lps22hb.o(i.LPS22HB_GetCapabilities) referenced 2 times from lps22hb.o(.data)
 <LI><a href="#[f]">LPS22HB_Init</a> from lps22hb.o(i.LPS22HB_Init) referenced 2 times from lps22hb.o(.data)
 <LI><a href="#[14]">LPS22HB_PRESS_Disable</a> from lps22hb.o(i.LPS22HB_PRESS_Disable) referenced 2 times from lps22hb.o(.data)
 <LI><a href="#[13]">LPS22HB_PRESS_Enable</a> from lps22hb.o(i.LPS22HB_PRESS_Enable) referenced 2 times from lps22hb.o(.data)
 <LI><a href="#[15]">LPS22HB_PRESS_GetOutputDataRate</a> from lps22hb.o(i.LPS22HB_PRESS_GetOutputDataRate) referenced 2 times from lps22hb.o(.data)
 <LI><a href="#[17]">LPS22HB_PRESS_GetPressure</a> from lps22hb.o(i.LPS22HB_PRESS_GetPressure) referenced 2 times from lps22hb.o(.data)
 <LI><a href="#[16]">LPS22HB_PRESS_SetOutputDataRate</a> from lps22hb.o(i.LPS22HB_PRESS_SetOutputDataRate) referenced 2 times from lps22hb.o(.data)
 <LI><a href="#[11]">LPS22HB_ReadID</a> from lps22hb.o(i.LPS22HB_ReadID) referenced 2 times from lps22hb.o(.data)
 <LI><a href="#[19]">LPS22HB_TEMP_Disable</a> from lps22hb.o(i.LPS22HB_TEMP_Disable) referenced 2 times from lps22hb.o(.data)
 <LI><a href="#[18]">LPS22HB_TEMP_Enable</a> from lps22hb.o(i.LPS22HB_TEMP_Enable) referenced 2 times from lps22hb.o(.data)
 <LI><a href="#[1a]">LPS22HB_TEMP_GetOutputDataRate</a> from lps22hb.o(i.LPS22HB_TEMP_GetOutputDataRate) referenced 2 times from lps22hb.o(.data)
 <LI><a href="#[1c]">LPS22HB_TEMP_GetTemperature</a> from lps22hb.o(i.LPS22HB_TEMP_GetTemperature) referenced 2 times from lps22hb.o(.data)
 <LI><a href="#[1b]">LPS22HB_TEMP_SetOutputDataRate</a> from lps22hb.o(i.LPS22HB_TEMP_SetOutputDataRate) referenced 2 times from lps22hb.o(.data)
 <LI><a href="#[34]">LSM303AGR_ACC_DeInit</a> from lsm303agr.o(i.LSM303AGR_ACC_DeInit) referenced 2 times from lsm303agr.o(.data)
 <LI><a href="#[38]">LSM303AGR_ACC_Disable</a> from lsm303agr.o(i.LSM303AGR_ACC_Disable) referenced 2 times from lsm303agr.o(.data)
 <LI><a href="#[37]">LSM303AGR_ACC_Enable</a> from lsm303agr.o(i.LSM303AGR_ACC_Enable) referenced 2 times from lsm303agr.o(.data)
 <LI><a href="#[3e]">LSM303AGR_ACC_GetAxes</a> from lsm303agr.o(i.LSM303AGR_ACC_GetAxes) referenced 2 times from lsm303agr.o(.data)
 <LI><a href="#[3f]">LSM303AGR_ACC_GetAxesRaw</a> from lsm303agr.o(i.LSM303AGR_ACC_GetAxesRaw) referenced 2 times from lsm303agr.o(.data)
 <LI><a href="#[36]">LSM303AGR_ACC_GetCapabilities</a> from lsm303agr.o(i.LSM303AGR_ACC_GetCapabilities) referenced 2 times from lsm303agr.o(.data)
 <LI><a href="#[3c]">LSM303AGR_ACC_GetFullScale</a> from lsm303agr.o(i.LSM303AGR_ACC_GetFullScale) referenced 2 times from lsm303agr.o(.data)
 <LI><a href="#[3a]">LSM303AGR_ACC_GetOutputDataRate</a> from lsm303agr.o(i.LSM303AGR_ACC_GetOutputDataRate) referenced 2 times from lsm303agr.o(.data)
 <LI><a href="#[39]">LSM303AGR_ACC_GetSensitivity</a> from lsm303agr.o(i.LSM303AGR_ACC_GetSensitivity) referenced 2 times from lsm303agr.o(.data)
 <LI><a href="#[33]">LSM303AGR_ACC_Init</a> from lsm303agr.o(i.LSM303AGR_ACC_Init) referenced 2 times from lsm303agr.o(.data)
 <LI><a href="#[35]">LSM303AGR_ACC_ReadID</a> from lsm303agr.o(i.LSM303AGR_ACC_ReadID) referenced 2 times from lsm303agr.o(.data)
 <LI><a href="#[3d]">LSM303AGR_ACC_SetFullScale</a> from lsm303agr.o(i.LSM303AGR_ACC_SetFullScale) referenced 2 times from lsm303agr.o(.data)
 <LI><a href="#[3b]">LSM303AGR_ACC_SetOutputDataRate</a> from lsm303agr.o(i.LSM303AGR_ACC_SetOutputDataRate) referenced 2 times from lsm303agr.o(.data)
 <LI><a href="#[41]">LSM303AGR_MAG_DeInit</a> from lsm303agr.o(i.LSM303AGR_MAG_DeInit) referenced 2 times from lsm303agr.o(.data)
 <LI><a href="#[45]">LSM303AGR_MAG_Disable</a> from lsm303agr.o(i.LSM303AGR_MAG_Disable) referenced 2 times from lsm303agr.o(.data)
 <LI><a href="#[44]">LSM303AGR_MAG_Enable</a> from lsm303agr.o(i.LSM303AGR_MAG_Enable) referenced 2 times from lsm303agr.o(.data)
 <LI><a href="#[4b]">LSM303AGR_MAG_GetAxes</a> from lsm303agr.o(i.LSM303AGR_MAG_GetAxes) referenced 2 times from lsm303agr.o(.data)
 <LI><a href="#[4c]">LSM303AGR_MAG_GetAxesRaw</a> from lsm303agr.o(i.LSM303AGR_MAG_GetAxesRaw) referenced 2 times from lsm303agr.o(.data)
 <LI><a href="#[43]">LSM303AGR_MAG_GetCapabilities</a> from lsm303agr.o(i.LSM303AGR_MAG_GetCapabilities) referenced 2 times from lsm303agr.o(.data)
 <LI><a href="#[49]">LSM303AGR_MAG_GetFullScale</a> from lsm303agr.o(i.LSM303AGR_MAG_GetFullScale) referenced 2 times from lsm303agr.o(.data)
 <LI><a href="#[47]">LSM303AGR_MAG_GetOutputDataRate</a> from lsm303agr.o(i.LSM303AGR_MAG_GetOutputDataRate) referenced 2 times from lsm303agr.o(.data)
 <LI><a href="#[46]">LSM303AGR_MAG_GetSensitivity</a> from lsm303agr.o(i.LSM303AGR_MAG_GetSensitivity) referenced 2 times from lsm303agr.o(.data)
 <LI><a href="#[40]">LSM303AGR_MAG_Init</a> from lsm303agr.o(i.LSM303AGR_MAG_Init) referenced 2 times from lsm303agr.o(.data)
 <LI><a href="#[42]">LSM303AGR_MAG_ReadID</a> from lsm303agr.o(i.LSM303AGR_MAG_ReadID) referenced 2 times from lsm303agr.o(.data)
 <LI><a href="#[4a]">LSM303AGR_MAG_SetFullScale</a> from lsm303agr.o(i.LSM303AGR_MAG_SetFullScale) referenced 2 times from lsm303agr.o(.data)
 <LI><a href="#[48]">LSM303AGR_MAG_SetOutputDataRate</a> from lsm303agr.o(i.LSM303AGR_MAG_SetOutputDataRate) referenced 2 times from lsm303agr.o(.data)
 <LI><a href="#[22]">LSM6DSL_ACC_Disable</a> from lsm6dsl.o(i.LSM6DSL_ACC_Disable) referenced 2 times from lsm6dsl.o(.data)
 <LI><a href="#[21]">LSM6DSL_ACC_Enable</a> from lsm6dsl.o(i.LSM6DSL_ACC_Enable) referenced 2 times from lsm6dsl.o(.data)
 <LI><a href="#[28]">LSM6DSL_ACC_GetAxes</a> from lsm6dsl.o(i.LSM6DSL_ACC_GetAxes) referenced 2 times from lsm6dsl.o(.data)
 <LI><a href="#[29]">LSM6DSL_ACC_GetAxesRaw</a> from lsm6dsl.o(i.LSM6DSL_ACC_GetAxesRaw) referenced 2 times from lsm6dsl.o(.data)
 <LI><a href="#[26]">LSM6DSL_ACC_GetFullScale</a> from lsm6dsl.o(i.LSM6DSL_ACC_GetFullScale) referenced 2 times from lsm6dsl.o(.data)
 <LI><a href="#[24]">LSM6DSL_ACC_GetOutputDataRate</a> from lsm6dsl.o(i.LSM6DSL_ACC_GetOutputDataRate) referenced 2 times from lsm6dsl.o(.data)
 <LI><a href="#[23]">LSM6DSL_ACC_GetSensitivity</a> from lsm6dsl.o(i.LSM6DSL_ACC_GetSensitivity) referenced 2 times from lsm6dsl.o(.data)
 <LI><a href="#[27]">LSM6DSL_ACC_SetFullScale</a> from lsm6dsl.o(i.LSM6DSL_ACC_SetFullScale) referenced 2 times from lsm6dsl.o(.data)
 <LI><a href="#[25]">LSM6DSL_ACC_SetOutputDataRate</a> from lsm6dsl.o(i.LSM6DSL_ACC_SetOutputDataRate) referenced 2 times from lsm6dsl.o(.data)
 <LI><a href="#[1e]">LSM6DSL_DeInit</a> from lsm6dsl.o(i.LSM6DSL_DeInit) referenced 2 times from lsm6dsl.o(.data)
 <LI><a href="#[2b]">LSM6DSL_GYRO_Disable</a> from lsm6dsl.o(i.LSM6DSL_GYRO_Disable) referenced 2 times from lsm6dsl.o(.data)
 <LI><a href="#[2a]">LSM6DSL_GYRO_Enable</a> from lsm6dsl.o(i.LSM6DSL_GYRO_Enable) referenced 2 times from lsm6dsl.o(.data)
 <LI><a href="#[31]">LSM6DSL_GYRO_GetAxes</a> from lsm6dsl.o(i.LSM6DSL_GYRO_GetAxes) referenced 2 times from lsm6dsl.o(.data)
 <LI><a href="#[32]">LSM6DSL_GYRO_GetAxesRaw</a> from lsm6dsl.o(i.LSM6DSL_GYRO_GetAxesRaw) referenced 2 times from lsm6dsl.o(.data)
 <LI><a href="#[2f]">LSM6DSL_GYRO_GetFullScale</a> from lsm6dsl.o(i.LSM6DSL_GYRO_GetFullScale) referenced 2 times from lsm6dsl.o(.data)
 <LI><a href="#[2d]">LSM6DSL_GYRO_GetOutputDataRate</a> from lsm6dsl.o(i.LSM6DSL_GYRO_GetOutputDataRate) referenced 2 times from lsm6dsl.o(.data)
 <LI><a href="#[2c]">LSM6DSL_GYRO_GetSensitivity</a> from lsm6dsl.o(i.LSM6DSL_GYRO_GetSensitivity) referenced 2 times from lsm6dsl.o(.data)
 <LI><a href="#[30]">LSM6DSL_GYRO_SetFullScale</a> from lsm6dsl.o(i.LSM6DSL_GYRO_SetFullScale) referenced 2 times from lsm6dsl.o(.data)
 <LI><a href="#[2e]">LSM6DSL_GYRO_SetOutputDataRate</a> from lsm6dsl.o(i.LSM6DSL_GYRO_SetOutputDataRate) referenced 2 times from lsm6dsl.o(.data)
 <LI><a href="#[20]">LSM6DSL_GetCapabilities</a> from lsm6dsl.o(i.LSM6DSL_GetCapabilities) referenced 2 times from lsm6dsl.o(.data)
 <LI><a href="#[1d]">LSM6DSL_Init</a> from lsm6dsl.o(i.LSM6DSL_Init) referenced 2 times from lsm6dsl.o(.data)
 <LI><a href="#[1f]">LSM6DSL_ReadID</a> from lsm6dsl.o(i.LSM6DSL_ReadID) referenced 2 times from lsm6dsl.o(.data)
 <LI><a href="#[50]">MemManage_Handler</a> from stm32f4xx_it.o(i.MemManage_Handler) referenced from startup_stm32f401xe.o(RESET)
 <LI><a href="#[4e]">NMI_Handler</a> from stm32f4xx_it.o(i.NMI_Handler) referenced from startup_stm32f401xe.o(RESET)
 <LI><a href="#[86]">OTG_FS_IRQHandler</a> from startup_stm32f401xe.o(.text) referenced from startup_stm32f401xe.o(RESET)
 <LI><a href="#[7c]">OTG_FS_WKUP_IRQHandler</a> from startup_stm32f401xe.o(.text) referenced from startup_stm32f401xe.o(RESET)
 <LI><a href="#[58]">PVD_IRQHandler</a> from startup_stm32f401xe.o(.text) referenced from startup_stm32f401xe.o(RESET)
 <LI><a href="#[55]">PendSV_Handler</a> from stm32f4xx_it.o(i.PendSV_Handler) referenced from startup_stm32f401xe.o(RESET)
 <LI><a href="#[5c]">RCC_IRQHandler</a> from startup_stm32f401xe.o(.text) referenced from startup_stm32f401xe.o(RESET)
 <LI><a href="#[7b]">RTC_Alarm_IRQHandler</a> from startup_stm32f401xe.o(.text) referenced from startup_stm32f401xe.o(RESET)
 <LI><a href="#[5a]">RTC_WKUP_IRQHandler</a> from startup_stm32f401xe.o(.text) referenced from startup_stm32f401xe.o(RESET)
 <LI><a href="#[9f]">ReadAccRegWrap</a> from lsm303agr.o(i.ReadAccRegWrap) referenced from lsm303agr.o(i.LSM303AGR_ACC_RegisterBusIO)
 <LI><a href="#[a1]">ReadMagRegWrap</a> from lsm303agr.o(i.ReadMagRegWrap) referenced from lsm303agr.o(i.LSM303AGR_MAG_RegisterBusIO)
 <LI><a href="#[9b]">ReadRegWrap</a> from hts221.o(i.ReadRegWrap) referenced from hts221.o(i.HTS221_RegisterBusIO)
 <LI><a href="#[9d]">ReadRegWrap</a> from lps22hb.o(i.ReadRegWrap) referenced from lps22hb.o(i.LPS22HB_RegisterBusIO)
 <LI><a href="#[a3]">ReadRegWrap</a> from lsm6dsl.o(i.ReadRegWrap) referenced from lsm6dsl.o(i.LSM6DSL_RegisterBusIO)
 <LI><a href="#[4d]">Reset_Handler</a> from startup_stm32f401xe.o(.text) referenced from startup_stm32f401xe.o(RESET)
 <LI><a href="#[7e]">SDIO_IRQHandler</a> from startup_stm32f401xe.o(.text) referenced from startup_stm32f401xe.o(RESET)
 <LI><a href="#[76]">SPI1_IRQHandler</a> from startup_stm32f401xe.o(.text) referenced from startup_stm32f401xe.o(RESET)
 <LI><a href="#[77]">SPI2_IRQHandler</a> from startup_stm32f401xe.o(.text) referenced from startup_stm32f401xe.o(RESET)
 <LI><a href="#[80]">SPI3_IRQHandler</a> from startup_stm32f401xe.o(.text) referenced from startup_stm32f401xe.o(RESET)
 <LI><a href="#[8e]">SPI4_IRQHandler</a> from startup_stm32f401xe.o(.text) referenced from startup_stm32f401xe.o(RESET)
 <LI><a href="#[53]">SVC_Handler</a> from stm32f4xx_it.o(i.SVC_Handler) referenced from startup_stm32f401xe.o(RESET)
 <LI><a href="#[56]">SysTick_Handler</a> from stm32f4xx_it.o(i.SysTick_Handler) referenced from startup_stm32f401xe.o(RESET)
 <LI><a href="#[90]">SystemInit</a> from system_stm32f4xx.o(i.SystemInit) referenced from startup_stm32f401xe.o(.text)
 <LI><a href="#[59]">TAMP_STAMP_IRQHandler</a> from startup_stm32f401xe.o(.text) referenced from startup_stm32f401xe.o(RESET)
 <LI><a href="#[6b]">TIM1_BRK_TIM9_IRQHandler</a> from startup_stm32f401xe.o(.text) referenced from startup_stm32f401xe.o(RESET)
 <LI><a href="#[6e]">TIM1_CC_IRQHandler</a> from startup_stm32f401xe.o(.text) referenced from startup_stm32f401xe.o(RESET)
 <LI><a href="#[6d]">TIM1_TRG_COM_TIM11_IRQHandler</a> from startup_stm32f401xe.o(.text) referenced from startup_stm32f401xe.o(RESET)
 <LI><a href="#[6c]">TIM1_UP_TIM10_IRQHandler</a> from startup_stm32f401xe.o(.text) referenced from startup_stm32f401xe.o(RESET)
 <LI><a href="#[6f]">TIM2_IRQHandler</a> from startup_stm32f401xe.o(.text) referenced from startup_stm32f401xe.o(RESET)
 <LI><a href="#[70]">TIM3_IRQHandler</a> from stm32f4xx_it.o(i.TIM3_IRQHandler) referenced from startup_stm32f401xe.o(RESET)
 <LI><a href="#[71]">TIM4_IRQHandler</a> from startup_stm32f401xe.o(.text) referenced from startup_stm32f401xe.o(RESET)
 <LI><a href="#[7f]">TIM5_IRQHandler</a> from startup_stm32f401xe.o(.text) referenced from startup_stm32f401xe.o(RESET)
 <LI><a href="#[92]">UART_DMAAbortOnError</a> from stm32f4xx_hal_uart.o(i.UART_DMAAbortOnError) referenced from stm32f4xx_hal_uart.o(i.HAL_UART_IRQHandler)
 <LI><a href="#[95]">UART_DMAError</a> from stm32f4xx_hal_uart.o(i.UART_DMAError) referenced from stm32f4xx_hal_uart.o(i.HAL_UART_Receive_DMA)
 <LI><a href="#[93]">UART_DMAReceiveCplt</a> from stm32f4xx_hal_uart.o(i.UART_DMAReceiveCplt) referenced from stm32f4xx_hal_uart.o(i.HAL_UART_Receive_DMA)
 <LI><a href="#[94]">UART_DMARxHalfCplt</a> from stm32f4xx_hal_uart.o(i.UART_DMARxHalfCplt) referenced from stm32f4xx_hal_uart.o(i.HAL_UART_Receive_DMA)
 <LI><a href="#[78]">USART1_IRQHandler</a> from stm32f4xx_it.o(i.USART1_IRQHandler) referenced from startup_stm32f401xe.o(RESET)
 <LI><a href="#[79]">USART2_IRQHandler</a> from startup_stm32f401xe.o(.text) referenced from startup_stm32f401xe.o(RESET)
 <LI><a href="#[8a]">USART6_IRQHandler</a> from stm32f4xx_it.o(i.USART6_IRQHandler) referenced from startup_stm32f401xe.o(RESET)
 <LI><a href="#[52]">UsageFault_Handler</a> from stm32f4xx_it.o(i.UsageFault_Handler) referenced from startup_stm32f401xe.o(RESET)
 <LI><a href="#[57]">WWDG_IRQHandler</a> from startup_stm32f401xe.o(.text) referenced from startup_stm32f401xe.o(RESET)
 <LI><a href="#[a0]">WriteAccRegWrap</a> from lsm303agr.o(i.WriteAccRegWrap) referenced from lsm303agr.o(i.LSM303AGR_ACC_RegisterBusIO)
 <LI><a href="#[a2]">WriteMagRegWrap</a> from lsm303agr.o(i.WriteMagRegWrap) referenced from lsm303agr.o(i.LSM303AGR_MAG_RegisterBusIO)
 <LI><a href="#[9c]">WriteRegWrap</a> from hts221.o(i.WriteRegWrap) referenced from hts221.o(i.HTS221_RegisterBusIO)
 <LI><a href="#[9e]">WriteRegWrap</a> from lps22hb.o(i.WriteRegWrap) referenced from lps22hb.o(i.LPS22HB_RegisterBusIO)
 <LI><a href="#[a4]">WriteRegWrap</a> from lsm6dsl.o(i.WriteRegWrap) referenced from lsm6dsl.o(i.LSM6DSL_RegisterBusIO)
 <LI><a href="#[91]">__main</a> from entry.o(.ARM.Collect$$$$00000000) referenced from startup_stm32f401xe.o(.text)
 <LI><a href="#[a6]">_snputc</a> from printf8.o(i._snputc) referenced from printf8.o(i.__0snprintf$8)
 <LI><a href="#[a7]">_sputc</a> from printf8.o(i._sputc) referenced from printf8.o(i.__0sprintf$8)
 <LI><a href="#[a5]">fputc</a> from stm32f4xx_nucleo.o(i.fputc) referenced from printf8.o(i.__0printf$8)
 <LI><a href="#[8f]">main</a> from main.o(i.main) referenced from entry9a.o(.ARM.Collect$$$$0000000B)
</UL>
<P>
<H3>
Global Symbols
</H3>
<P><STRONG><a name="[91]"></a>__main</STRONG> (Thumb, 0 bytes, Stack size unknown bytes, entry.o(.ARM.Collect$$$$00000000))
<BR>[Address Reference Count : 1]<UL><LI> startup_stm32f401xe.o(.text)
</UL>
<P><STRONG><a name="[1fe]"></a>_main_stk</STRONG> (Thumb, 0 bytes, Stack size unknown bytes, entry2.o(.ARM.Collect$$$$00000001))

<P><STRONG><a name="[a9]"></a>_main_scatterload</STRONG> (Thumb, 0 bytes, Stack size unknown bytes, entry5.o(.ARM.Collect$$$$00000004))
<BR><BR>[Calls]<UL><LI><a href="#[aa]">&gt;&gt;</a>&nbsp;&nbsp;&nbsp;__scatterload
</UL>

<P><STRONG><a name="[c0]"></a>__main_after_scatterload</STRONG> (Thumb, 0 bytes, Stack size unknown bytes, entry5.o(.ARM.Collect$$$$00000004))
<BR><BR>[Called By]<UL><LI><a href="#[aa]">&gt;&gt;</a>&nbsp;&nbsp;&nbsp;__scatterload
</UL>

<P><STRONG><a name="[1ff]"></a>_main_clock</STRONG> (Thumb, 0 bytes, Stack size unknown bytes, entry7b.o(.ARM.Collect$$$$00000008))

<P><STRONG><a name="[200]"></a>_main_cpp_init</STRONG> (Thumb, 0 bytes, Stack size unknown bytes, entry8b.o(.ARM.Collect$$$$0000000A))

<P><STRONG><a name="[201]"></a>_main_init</STRONG> (Thumb, 0 bytes, Stack size unknown bytes, entry9a.o(.ARM.Collect$$$$0000000B))

<P><STRONG><a name="[202]"></a>__rt_final_cpp</STRONG> (Thumb, 0 bytes, Stack size unknown bytes, entry10a.o(.ARM.Collect$$$$0000000D))

<P><STRONG><a name="[203]"></a>__rt_final_exit</STRONG> (Thumb, 0 bytes, Stack size unknown bytes, entry11a.o(.ARM.Collect$$$$0000000F))

<P><STRONG><a name="[4d]"></a>Reset_Handler</STRONG> (Thumb, 8 bytes, Stack size 0 bytes, startup_stm32f401xe.o(.text))
<BR>[Address Reference Count : 1]<UL><LI> startup_stm32f401xe.o(RESET)
</UL>
<P><STRONG><a name="[69]"></a>ADC_IRQHandler</STRONG> (Thumb, 0 bytes, Stack size 0 bytes, startup_stm32f401xe.o(.text))
<BR><BR>[Calls]<UL><LI><a href="#[69]">&gt;&gt;</a>&nbsp;&nbsp;&nbsp;ADC_IRQHandler
</UL>
<BR>[Called By]<UL><LI><a href="#[69]">&gt;&gt;</a>&nbsp;&nbsp;&nbsp;ADC_IRQHandler
</UL>
<BR>[Address Reference Count : 1]<UL><LI> startup_stm32f401xe.o(RESET)
</UL>
<P><STRONG><a name="[62]"></a>DMA1_Stream0_IRQHandler</STRONG> (Thumb, 0 bytes, Stack size 0 bytes, startup_stm32f401xe.o(.text))
<BR>[Address Reference Count : 1]<UL><LI> startup_stm32f401xe.o(RESET)
</UL>
<P><STRONG><a name="[63]"></a>DMA1_Stream1_IRQHandler</STRONG> (Thumb, 0 bytes, Stack size 0 bytes, startup_stm32f401xe.o(.text))
<BR>[Address Reference Count : 1]<UL><LI> startup_stm32f401xe.o(RESET)
</UL>
<P><STRONG><a name="[64]"></a>DMA1_Stream2_IRQHandler</STRONG> (Thumb, 0 bytes, Stack size 0 bytes, startup_stm32f401xe.o(.text))
<BR>[Address Reference Count : 1]<UL><LI> startup_stm32f401xe.o(RESET)
</UL>
<P><STRONG><a name="[65]"></a>DMA1_Stream3_IRQHandler</STRONG> (Thumb, 0 bytes, Stack size 0 bytes, startup_stm32f401xe.o(.text))
<BR>[Address Reference Count : 1]<UL><LI> startup_stm32f401xe.o(RESET)
</UL>
<P><STRONG><a name="[66]"></a>DMA1_Stream4_IRQHandler</STRONG> (Thumb, 0 bytes, Stack size 0 bytes, startup_stm32f401xe.o(.text))
<BR>[Address Reference Count : 1]<UL><LI> startup_stm32f401xe.o(RESET)
</UL>
<P><STRONG><a name="[7d]"></a>DMA1_Stream7_IRQHandler</STRONG> (Thumb, 0 bytes, Stack size 0 bytes, startup_stm32f401xe.o(.text))
<BR>[Address Reference Count : 1]<UL><LI> startup_stm32f401xe.o(RESET)
</UL>
<P><STRONG><a name="[81]"></a>DMA2_Stream0_IRQHandler</STRONG> (Thumb, 0 bytes, Stack size 0 bytes, startup_stm32f401xe.o(.text))
<BR>[Address Reference Count : 1]<UL><LI> startup_stm32f401xe.o(RESET)
</UL>
<P><STRONG><a name="[83]"></a>DMA2_Stream2_IRQHandler</STRONG> (Thumb, 0 bytes, Stack size 0 bytes, startup_stm32f401xe.o(.text))
<BR>[Address Reference Count : 1]<UL><LI> startup_stm32f401xe.o(RESET)
</UL>
<P><STRONG><a name="[84]"></a>DMA2_Stream3_IRQHandler</STRONG> (Thumb, 0 bytes, Stack size 0 bytes, startup_stm32f401xe.o(.text))
<BR>[Address Reference Count : 1]<UL><LI> startup_stm32f401xe.o(RESET)
</UL>
<P><STRONG><a name="[85]"></a>DMA2_Stream4_IRQHandler</STRONG> (Thumb, 0 bytes, Stack size 0 bytes, startup_stm32f401xe.o(.text))
<BR>[Address Reference Count : 1]<UL><LI> startup_stm32f401xe.o(RESET)
</UL>
<P><STRONG><a name="[87]"></a>DMA2_Stream5_IRQHandler</STRONG> (Thumb, 0 bytes, Stack size 0 bytes, startup_stm32f401xe.o(.text))
<BR>[Address Reference Count : 1]<UL><LI> startup_stm32f401xe.o(RESET)
</UL>
<P><STRONG><a name="[89]"></a>DMA2_Stream7_IRQHandler</STRONG> (Thumb, 0 bytes, Stack size 0 bytes, startup_stm32f401xe.o(.text))
<BR>[Address Reference Count : 1]<UL><LI> startup_stm32f401xe.o(RESET)
</UL>
<P><STRONG><a name="[5d]"></a>EXTI0_IRQHandler</STRONG> (Thumb, 0 bytes, Stack size 0 bytes, startup_stm32f401xe.o(.text))
<BR>[Address Reference Count : 1]<UL><LI> startup_stm32f401xe.o(RESET)
</UL>
<P><STRONG><a name="[7a]"></a>EXTI15_10_IRQHandler</STRONG> (Thumb, 0 bytes, Stack size 0 bytes, startup_stm32f401xe.o(.text))
<BR>[Address Reference Count : 1]<UL><LI> startup_stm32f401xe.o(RESET)
</UL>
<P><STRONG><a name="[5e]"></a>EXTI1_IRQHandler</STRONG> (Thumb, 0 bytes, Stack size 0 bytes, startup_stm32f401xe.o(.text))
<BR>[Address Reference Count : 1]<UL><LI> startup_stm32f401xe.o(RESET)
</UL>
<P><STRONG><a name="[5f]"></a>EXTI2_IRQHandler</STRONG> (Thumb, 0 bytes, Stack size 0 bytes, startup_stm32f401xe.o(.text))
<BR>[Address Reference Count : 1]<UL><LI> startup_stm32f401xe.o(RESET)
</UL>
<P><STRONG><a name="[60]"></a>EXTI3_IRQHandler</STRONG> (Thumb, 0 bytes, Stack size 0 bytes, startup_stm32f401xe.o(.text))
<BR>[Address Reference Count : 1]<UL><LI> startup_stm32f401xe.o(RESET)
</UL>
<P><STRONG><a name="[61]"></a>EXTI4_IRQHandler</STRONG> (Thumb, 0 bytes, Stack size 0 bytes, startup_stm32f401xe.o(.text))
<BR>[Address Reference Count : 1]<UL><LI> startup_stm32f401xe.o(RESET)
</UL>
<P><STRONG><a name="[6a]"></a>EXTI9_5_IRQHandler</STRONG> (Thumb, 0 bytes, Stack size 0 bytes, startup_stm32f401xe.o(.text))
<BR>[Address Reference Count : 1]<UL><LI> startup_stm32f401xe.o(RESET)
</UL>
<P><STRONG><a name="[5b]"></a>FLASH_IRQHandler</STRONG> (Thumb, 0 bytes, Stack size 0 bytes, startup_stm32f401xe.o(.text))
<BR>[Address Reference Count : 1]<UL><LI> startup_stm32f401xe.o(RESET)
</UL>
<P><STRONG><a name="[8d]"></a>FPU_IRQHandler</STRONG> (Thumb, 0 bytes, Stack size 0 bytes, startup_stm32f401xe.o(.text))
<BR>[Address Reference Count : 1]<UL><LI> startup_stm32f401xe.o(RESET)
</UL>
<P><STRONG><a name="[73]"></a>I2C1_ER_IRQHandler</STRONG> (Thumb, 0 bytes, Stack size 0 bytes, startup_stm32f401xe.o(.text))
<BR>[Address Reference Count : 1]<UL><LI> startup_stm32f401xe.o(RESET)
</UL>
<P><STRONG><a name="[72]"></a>I2C1_EV_IRQHandler</STRONG> (Thumb, 0 bytes, Stack size 0 bytes, startup_stm32f401xe.o(.text))
<BR>[Address Reference Count : 1]<UL><LI> startup_stm32f401xe.o(RESET)
</UL>
<P><STRONG><a name="[75]"></a>I2C2_ER_IRQHandler</STRONG> (Thumb, 0 bytes, Stack size 0 bytes, startup_stm32f401xe.o(.text))
<BR>[Address Reference Count : 1]<UL><LI> startup_stm32f401xe.o(RESET)
</UL>
<P><STRONG><a name="[74]"></a>I2C2_EV_IRQHandler</STRONG> (Thumb, 0 bytes, Stack size 0 bytes, startup_stm32f401xe.o(.text))
<BR>[Address Reference Count : 1]<UL><LI> startup_stm32f401xe.o(RESET)
</UL>
<P><STRONG><a name="[8c]"></a>I2C3_ER_IRQHandler</STRONG> (Thumb, 0 bytes, Stack size 0 bytes, startup_stm32f401xe.o(.text))
<BR>[Address Reference Count : 1]<UL><LI> startup_stm32f401xe.o(RESET)
</UL>
<P><STRONG><a name="[8b]"></a>I2C3_EV_IRQHandler</STRONG> (Thumb, 0 bytes, Stack size 0 bytes, startup_stm32f401xe.o(.text))
<BR>[Address Reference Count : 1]<UL><LI> startup_stm32f401xe.o(RESET)
</UL>
<P><STRONG><a name="[86]"></a>OTG_FS_IRQHandler</STRONG> (Thumb, 0 bytes, Stack size 0 bytes, startup_stm32f401xe.o(.text))
<BR>[Address Reference Count : 1]<UL><LI> startup_stm32f401xe.o(RESET)
</UL>
<P><STRONG><a name="[7c]"></a>OTG_FS_WKUP_IRQHandler</STRONG> (Thumb, 0 bytes, Stack size 0 bytes, startup_stm32f401xe.o(.text))
<BR>[Address Reference Count : 1]<UL><LI> startup_stm32f401xe.o(RESET)
</UL>
<P><STRONG><a name="[58]"></a>PVD_IRQHandler</STRONG> (Thumb, 0 bytes, Stack size 0 bytes, startup_stm32f401xe.o(.text))
<BR>[Address Reference Count : 1]<UL><LI> startup_stm32f401xe.o(RESET)
</UL>
<P><STRONG><a name="[5c]"></a>RCC_IRQHandler</STRONG> (Thumb, 0 bytes, Stack size 0 bytes, startup_stm32f401xe.o(.text))
<BR>[Address Reference Count : 1]<UL><LI> startup_stm32f401xe.o(RESET)
</UL>
<P><STRONG><a name="[7b]"></a>RTC_Alarm_IRQHandler</STRONG> (Thumb, 0 bytes, Stack size 0 bytes, startup_stm32f401xe.o(.text))
<BR>[Address Reference Count : 1]<UL><LI> startup_stm32f401xe.o(RESET)
</UL>
<P><STRONG><a name="[5a]"></a>RTC_WKUP_IRQHandler</STRONG> (Thumb, 0 bytes, Stack size 0 bytes, startup_stm32f401xe.o(.text))
<BR>[Address Reference Count : 1]<UL><LI> startup_stm32f401xe.o(RESET)
</UL>
<P><STRONG><a name="[7e]"></a>SDIO_IRQHandler</STRONG> (Thumb, 0 bytes, Stack size 0 bytes, startup_stm32f401xe.o(.text))
<BR>[Address Reference Count : 1]<UL><LI> startup_stm32f401xe.o(RESET)
</UL>
<P><STRONG><a name="[76]"></a>SPI1_IRQHandler</STRONG> (Thumb, 0 bytes, Stack size 0 bytes, startup_stm32f401xe.o(.text))
<BR>[Address Reference Count : 1]<UL><LI> startup_stm32f401xe.o(RESET)
</UL>
<P><STRONG><a name="[77]"></a>SPI2_IRQHandler</STRONG> (Thumb, 0 bytes, Stack size 0 bytes, startup_stm32f401xe.o(.text))
<BR>[Address Reference Count : 1]<UL><LI> startup_stm32f401xe.o(RESET)
</UL>
<P><STRONG><a name="[80]"></a>SPI3_IRQHandler</STRONG> (Thumb, 0 bytes, Stack size 0 bytes, startup_stm32f401xe.o(.text))
<BR>[Address Reference Count : 1]<UL><LI> startup_stm32f401xe.o(RESET)
</UL>
<P><STRONG><a name="[8e]"></a>SPI4_IRQHandler</STRONG> (Thumb, 0 bytes, Stack size 0 bytes, startup_stm32f401xe.o(.text))
<BR>[Address Reference Count : 1]<UL><LI> startup_stm32f401xe.o(RESET)
</UL>
<P><STRONG><a name="[59]"></a>TAMP_STAMP_IRQHandler</STRONG> (Thumb, 0 bytes, Stack size 0 bytes, startup_stm32f401xe.o(.text))
<BR>[Address Reference Count : 1]<UL><LI> startup_stm32f401xe.o(RESET)
</UL>
<P><STRONG><a name="[6b]"></a>TIM1_BRK_TIM9_IRQHandler</STRONG> (Thumb, 0 bytes, Stack size 0 bytes, startup_stm32f401xe.o(.text))
<BR>[Address Reference Count : 1]<UL><LI> startup_stm32f401xe.o(RESET)
</UL>
<P><STRONG><a name="[6e]"></a>TIM1_CC_IRQHandler</STRONG> (Thumb, 0 bytes, Stack size 0 bytes, startup_stm32f401xe.o(.text))
<BR>[Address Reference Count : 1]<UL><LI> startup_stm32f401xe.o(RESET)
</UL>
<P><STRONG><a name="[6d]"></a>TIM1_TRG_COM_TIM11_IRQHandler</STRONG> (Thumb, 0 bytes, Stack size 0 bytes, startup_stm32f401xe.o(.text))
<BR>[Address Reference Count : 1]<UL><LI> startup_stm32f401xe.o(RESET)
</UL>
<P><STRONG><a name="[6c]"></a>TIM1_UP_TIM10_IRQHandler</STRONG> (Thumb, 0 bytes, Stack size 0 bytes, startup_stm32f401xe.o(.text))
<BR>[Address Reference Count : 1]<UL><LI> startup_stm32f401xe.o(RESET)
</UL>
<P><STRONG><a name="[6f]"></a>TIM2_IRQHandler</STRONG> (Thumb, 0 bytes, Stack size 0 bytes, startup_stm32f401xe.o(.text))
<BR>[Address Reference Count : 1]<UL><LI> startup_stm32f401xe.o(RESET)
</UL>
<P><STRONG><a name="[71]"></a>TIM4_IRQHandler</STRONG> (Thumb, 0 bytes, Stack size 0 bytes, startup_stm32f401xe.o(.text))
<BR>[Address Reference Count : 1]<UL><LI> startup_stm32f401xe.o(RESET)
</UL>
<P><STRONG><a name="[7f]"></a>TIM5_IRQHandler</STRONG> (Thumb, 0 bytes, Stack size 0 bytes, startup_stm32f401xe.o(.text))
<BR>[Address Reference Count : 1]<UL><LI> startup_stm32f401xe.o(RESET)
</UL>
<P><STRONG><a name="[79]"></a>USART2_IRQHandler</STRONG> (Thumb, 0 bytes, Stack size 0 bytes, startup_stm32f401xe.o(.text))
<BR>[Address Reference Count : 1]<UL><LI> startup_stm32f401xe.o(RESET)
</UL>
<P><STRONG><a name="[57]"></a>WWDG_IRQHandler</STRONG> (Thumb, 0 bytes, Stack size 0 bytes, startup_stm32f401xe.o(.text))
<BR>[Address Reference Count : 1]<UL><LI> startup_stm32f401xe.o(RESET)
</UL>
<P><STRONG><a name="[ab]"></a>__aeabi_uldivmod</STRONG> (Thumb, 98 bytes, Stack size 40 bytes, uldiv.o(.text))
<BR><BR>[Stack]<UL><LI>Max Depth = 40<LI>Call Chain = __aeabi_uldivmod
</UL>
<BR>[Calls]<UL><LI><a href="#[ac]">&gt;&gt;</a>&nbsp;&nbsp;&nbsp;__aeabi_llsr
<LI><a href="#[ad]">&gt;&gt;</a>&nbsp;&nbsp;&nbsp;__aeabi_llsl
</UL>
<BR>[Called By]<UL><LI><a href="#[128]">&gt;&gt;</a>&nbsp;&nbsp;&nbsp;HAL_RCC_GetSysClockFreq
<LI><a href="#[1d5]">&gt;&gt;</a>&nbsp;&nbsp;&nbsp;_printf_core
</UL>

<P><STRONG><a name="[204]"></a>___aeabi_memcpy$ret</STRONG> (Thumb, 40 bytes, Stack size 8 bytes, memcpy.o(.text), UNUSED)

<P><STRONG><a name="[205]"></a>___aeabi_memcpy8$ret</STRONG> (Thumb, 0 bytes, Stack size 8 bytes, memcpy.o(.text), UNUSED)

<P><STRONG><a name="[14b]"></a>__aeabi_memcpy4</STRONG> (Thumb, 0 bytes, Stack size 8 bytes, memcpy.o(.text))
<BR><BR>[Stack]<UL><LI>Max Depth = 8<LI>Call Chain = __aeabi_memcpy4
</UL>
<BR>[Called By]<UL><LI><a href="#[14a]">&gt;&gt;</a>&nbsp;&nbsp;&nbsp;HAL_UART_RxCpltCallback
</UL>

<P><STRONG><a name="[e1]"></a>memcpy</STRONG> (Thumb, 0 bytes, Stack size 8 bytes, memcpy.o(.text))
<BR><BR>[Stack]<UL><LI>Max Depth = 8<LI>Call Chain = memcpy
</UL>
<BR>[Called By]<UL><LI><a href="#[d8]">&gt;&gt;</a>&nbsp;&nbsp;&nbsp;iNemo_update.constprop.35
<LI><a href="#[d7]">&gt;&gt;</a>&nbsp;&nbsp;&nbsp;iNemo_update_6X.constprop.34
<LI><a href="#[dd]">&gt;&gt;</a>&nbsp;&nbsp;&nbsp;m_kalman_3gyro.isra.6.constprop.36
</UL>

<P><STRONG><a name="[af]"></a>__aeabi_memset</STRONG> (Thumb, 14 bytes, Stack size 0 bytes, memseta.o(.text))
<BR><BR>[Called By]<UL><LI><a href="#[b0]">&gt;&gt;</a>&nbsp;&nbsp;&nbsp;memset
<LI><a href="#[ae]">&gt;&gt;</a>&nbsp;&nbsp;&nbsp;__aeabi_memclr
</UL>

<P><STRONG><a name="[206]"></a>__aeabi_memset4</STRONG> (Thumb, 0 bytes, Stack size 0 bytes, memseta.o(.text), UNUSED)

<P><STRONG><a name="[207]"></a>__aeabi_memset8</STRONG> (Thumb, 0 bytes, Stack size 0 bytes, memseta.o(.text), UNUSED)

<P><STRONG><a name="[ae]"></a>__aeabi_memclr</STRONG> (Thumb, 4 bytes, Stack size 0 bytes, memseta.o(.text), UNUSED)
<BR><BR>[Calls]<UL><LI><a href="#[af]">&gt;&gt;</a>&nbsp;&nbsp;&nbsp;__aeabi_memset
</UL>

<P><STRONG><a name="[147]"></a>__aeabi_memclr4</STRONG> (Thumb, 0 bytes, Stack size 0 bytes, memseta.o(.text))
<BR><BR>[Called By]<UL><LI><a href="#[1b2]">&gt;&gt;</a>&nbsp;&nbsp;&nbsp;MX_GPIO_Init
<LI><a href="#[1cf]">&gt;&gt;</a>&nbsp;&nbsp;&nbsp;SystemClock_Config
<LI><a href="#[145]">&gt;&gt;</a>&nbsp;&nbsp;&nbsp;HAL_UART_MspInit
</UL>

<P><STRONG><a name="[208]"></a>__aeabi_memclr8</STRONG> (Thumb, 0 bytes, Stack size 0 bytes, memseta.o(.text), UNUSED)

<P><STRONG><a name="[b0]"></a>memset</STRONG> (Thumb, 18 bytes, Stack size 8 bytes, memseta.o(.text))
<BR><BR>[Stack]<UL><LI>Max Depth = 8<LI>Call Chain = memset
</UL>
<BR>[Calls]<UL><LI><a href="#[af]">&gt;&gt;</a>&nbsp;&nbsp;&nbsp;__aeabi_memset
</UL>
<BR>[Called By]<UL><LI><a href="#[c9]">&gt;&gt;</a>&nbsp;&nbsp;&nbsp;MotionFX_MagCal_init
<LI><a href="#[dd]">&gt;&gt;</a>&nbsp;&nbsp;&nbsp;m_kalman_3gyro.isra.6.constprop.36
<LI><a href="#[de]">&gt;&gt;</a>&nbsp;&nbsp;&nbsp;m_q2dcm_eml
</UL>

<P><STRONG><a name="[1c3]"></a>strcpy</STRONG> (Thumb, 18 bytes, Stack size 0 bytes, strcpy.o(.text))
<BR><BR>[Called By]<UL><LI><a href="#[1c1]">&gt;&gt;</a>&nbsp;&nbsp;&nbsp;MotionFX_manager_init
</UL>

<P><STRONG><a name="[b1]"></a>__aeabi_dadd</STRONG> (Thumb, 322 bytes, Stack size 48 bytes, dadd.o(.text))
<BR><BR>[Stack]<UL><LI>Max Depth = 88<LI>Call Chain = __aeabi_dadd &rArr; _double_epilogue &rArr; _double_round
</UL>
<BR>[Calls]<UL><LI><a href="#[b4]">&gt;&gt;</a>&nbsp;&nbsp;&nbsp;_double_round
<LI><a href="#[b3]">&gt;&gt;</a>&nbsp;&nbsp;&nbsp;_double_epilogue
<LI><a href="#[b2]">&gt;&gt;</a>&nbsp;&nbsp;&nbsp;__aeabi_lasr
<LI><a href="#[ad]">&gt;&gt;</a>&nbsp;&nbsp;&nbsp;__aeabi_llsl
</UL>
<BR>[Called By]<UL><LI><a href="#[b6]">&gt;&gt;</a>&nbsp;&nbsp;&nbsp;__aeabi_drsub
<LI><a href="#[10b]">&gt;&gt;</a>&nbsp;&nbsp;&nbsp;Euler2Quaternionrotate
<LI><a href="#[108]">&gt;&gt;</a>&nbsp;&nbsp;&nbsp;Euler2Quaternion_rotate
<LI><a href="#[1cb]">&gt;&gt;</a>&nbsp;&nbsp;&nbsp;Quaternion_product
<LI><a href="#[b5]">&gt;&gt;</a>&nbsp;&nbsp;&nbsp;__aeabi_dsub
<LI><a href="#[1b7]">&gt;&gt;</a>&nbsp;&nbsp;&nbsp;floatToInt
<LI><a href="#[1cc]">&gt;&gt;</a>&nbsp;&nbsp;&nbsp;__hardfp_pow
<LI><a href="#[1e9]">&gt;&gt;</a>&nbsp;&nbsp;&nbsp;__hardfp_floor
<LI><a href="#[1ca]">&gt;&gt;</a>&nbsp;&nbsp;&nbsp;__hardfp_asin
<LI><a href="#[dd]">&gt;&gt;</a>&nbsp;&nbsp;&nbsp;m_kalman_3gyro.isra.6.constprop.36
<LI><a href="#[da]">&gt;&gt;</a>&nbsp;&nbsp;&nbsp;iNemo_quat2heading
<LI><a href="#[1e3]">&gt;&gt;</a>&nbsp;&nbsp;&nbsp;__kernel_sin
<LI><a href="#[1e2]">&gt;&gt;</a>&nbsp;&nbsp;&nbsp;__ieee754_rem_pio2
<LI><a href="#[1dd]">&gt;&gt;</a>&nbsp;&nbsp;&nbsp;__kernel_poly
<LI><a href="#[1e0]">&gt;&gt;</a>&nbsp;&nbsp;&nbsp;__mathlib_dbl_infnan2
<LI><a href="#[1d8]">&gt;&gt;</a>&nbsp;&nbsp;&nbsp;__mathlib_dbl_infnan
<LI><a href="#[1df]">&gt;&gt;</a>&nbsp;&nbsp;&nbsp;__hardfp_atan
<LI><a href="#[1f2]">&gt;&gt;</a>&nbsp;&nbsp;&nbsp;__hardfp_trunc
</UL>

<P><STRONG><a name="[b5]"></a>__aeabi_dsub</STRONG> (Thumb, 6 bytes, Stack size 0 bytes, dadd.o(.text))
<BR><BR>[Stack]<UL><LI>Max Depth = 88<LI>Call Chain = __aeabi_dsub &rArr; __aeabi_dadd &rArr; _double_epilogue &rArr; _double_round
</UL>
<BR>[Calls]<UL><LI><a href="#[b1]">&gt;&gt;</a>&nbsp;&nbsp;&nbsp;__aeabi_dadd
</UL>
<BR>[Called By]<UL><LI><a href="#[10b]">&gt;&gt;</a>&nbsp;&nbsp;&nbsp;Euler2Quaternionrotate
<LI><a href="#[108]">&gt;&gt;</a>&nbsp;&nbsp;&nbsp;Euler2Quaternion_rotate
<LI><a href="#[1cc]">&gt;&gt;</a>&nbsp;&nbsp;&nbsp;__hardfp_pow
<LI><a href="#[1c9]">&gt;&gt;</a>&nbsp;&nbsp;&nbsp;__hardfp_atan2
<LI><a href="#[1ca]">&gt;&gt;</a>&nbsp;&nbsp;&nbsp;__hardfp_asin
<LI><a href="#[dd]">&gt;&gt;</a>&nbsp;&nbsp;&nbsp;m_kalman_3gyro.isra.6.constprop.36
<LI><a href="#[da]">&gt;&gt;</a>&nbsp;&nbsp;&nbsp;iNemo_quat2heading
<LI><a href="#[1e3]">&gt;&gt;</a>&nbsp;&nbsp;&nbsp;__kernel_sin
<LI><a href="#[1e2]">&gt;&gt;</a>&nbsp;&nbsp;&nbsp;__ieee754_rem_pio2
<LI><a href="#[1e4]">&gt;&gt;</a>&nbsp;&nbsp;&nbsp;__kernel_cos
<LI><a href="#[1df]">&gt;&gt;</a>&nbsp;&nbsp;&nbsp;__hardfp_atan
<LI><a href="#[1f2]">&gt;&gt;</a>&nbsp;&nbsp;&nbsp;__hardfp_trunc
</UL>

<P><STRONG><a name="[b6]"></a>__aeabi_drsub</STRONG> (Thumb, 6 bytes, Stack size 0 bytes, dadd.o(.text))
<BR><BR>[Stack]<UL><LI>Max Depth = 88<LI>Call Chain = __aeabi_drsub &rArr; __aeabi_dadd &rArr; _double_epilogue &rArr; _double_round
</UL>
<BR>[Calls]<UL><LI><a href="#[b1]">&gt;&gt;</a>&nbsp;&nbsp;&nbsp;__aeabi_dadd
</UL>
<BR>[Called By]<UL><LI><a href="#[1cc]">&gt;&gt;</a>&nbsp;&nbsp;&nbsp;__hardfp_pow
<LI><a href="#[1e9]">&gt;&gt;</a>&nbsp;&nbsp;&nbsp;__hardfp_floor
<LI><a href="#[1c9]">&gt;&gt;</a>&nbsp;&nbsp;&nbsp;__hardfp_atan2
<LI><a href="#[1ca]">&gt;&gt;</a>&nbsp;&nbsp;&nbsp;__hardfp_asin
<LI><a href="#[1e3]">&gt;&gt;</a>&nbsp;&nbsp;&nbsp;__kernel_sin
<LI><a href="#[1e2]">&gt;&gt;</a>&nbsp;&nbsp;&nbsp;__ieee754_rem_pio2
<LI><a href="#[1e4]">&gt;&gt;</a>&nbsp;&nbsp;&nbsp;__kernel_cos
<LI><a href="#[1df]">&gt;&gt;</a>&nbsp;&nbsp;&nbsp;__hardfp_atan
</UL>

<P><STRONG><a name="[b7]"></a>__aeabi_dmul</STRONG> (Thumb, 228 bytes, Stack size 48 bytes, dmul.o(.text))
<BR><BR>[Stack]<UL><LI>Max Depth = 88<LI>Call Chain = __aeabi_dmul &rArr; _double_epilogue &rArr; _double_round
</UL>
<BR>[Calls]<UL><LI><a href="#[b3]">&gt;&gt;</a>&nbsp;&nbsp;&nbsp;_double_epilogue
</UL>
<BR>[Called By]<UL><LI><a href="#[1c7]">&gt;&gt;</a>&nbsp;&nbsp;&nbsp;Quaternion2Angles
<LI><a href="#[10b]">&gt;&gt;</a>&nbsp;&nbsp;&nbsp;Euler2Quaternionrotate
<LI><a href="#[108]">&gt;&gt;</a>&nbsp;&nbsp;&nbsp;Euler2Quaternion_rotate
<LI><a href="#[1b7]">&gt;&gt;</a>&nbsp;&nbsp;&nbsp;floatToInt
<LI><a href="#[1cc]">&gt;&gt;</a>&nbsp;&nbsp;&nbsp;__hardfp_pow
<LI><a href="#[1ca]">&gt;&gt;</a>&nbsp;&nbsp;&nbsp;__hardfp_asin
<LI><a href="#[dd]">&gt;&gt;</a>&nbsp;&nbsp;&nbsp;m_kalman_3gyro.isra.6.constprop.36
<LI><a href="#[da]">&gt;&gt;</a>&nbsp;&nbsp;&nbsp;iNemo_quat2heading
<LI><a href="#[1e3]">&gt;&gt;</a>&nbsp;&nbsp;&nbsp;__kernel_sin
<LI><a href="#[1e2]">&gt;&gt;</a>&nbsp;&nbsp;&nbsp;__ieee754_rem_pio2
<LI><a href="#[1dd]">&gt;&gt;</a>&nbsp;&nbsp;&nbsp;__kernel_poly
<LI><a href="#[1dc]">&gt;&gt;</a>&nbsp;&nbsp;&nbsp;__mathlib_dbl_underflow
<LI><a href="#[1ec]">&gt;&gt;</a>&nbsp;&nbsp;&nbsp;__mathlib_dbl_overflow
<LI><a href="#[1e4]">&gt;&gt;</a>&nbsp;&nbsp;&nbsp;__kernel_cos
<LI><a href="#[1df]">&gt;&gt;</a>&nbsp;&nbsp;&nbsp;__hardfp_atan
</UL>

<P><STRONG><a name="[b8]"></a>__aeabi_ddiv</STRONG> (Thumb, 222 bytes, Stack size 32 bytes, ddiv.o(.text))
<BR><BR>[Stack]<UL><LI>Max Depth = 40<LI>Call Chain = __aeabi_ddiv &rArr; _double_round
</UL>
<BR>[Calls]<UL><LI><a href="#[b4]">&gt;&gt;</a>&nbsp;&nbsp;&nbsp;_double_round
</UL>
<BR>[Called By]<UL><LI><a href="#[1b7]">&gt;&gt;</a>&nbsp;&nbsp;&nbsp;floatToInt
<LI><a href="#[1cc]">&gt;&gt;</a>&nbsp;&nbsp;&nbsp;__hardfp_pow
<LI><a href="#[1c9]">&gt;&gt;</a>&nbsp;&nbsp;&nbsp;__hardfp_atan2
<LI><a href="#[1ca]">&gt;&gt;</a>&nbsp;&nbsp;&nbsp;__hardfp_asin
<LI><a href="#[dd]">&gt;&gt;</a>&nbsp;&nbsp;&nbsp;m_kalman_3gyro.isra.6.constprop.36
<LI><a href="#[1da]">&gt;&gt;</a>&nbsp;&nbsp;&nbsp;__mathlib_dbl_invalid
<LI><a href="#[1eb]">&gt;&gt;</a>&nbsp;&nbsp;&nbsp;__mathlib_dbl_divzero
<LI><a href="#[1df]">&gt;&gt;</a>&nbsp;&nbsp;&nbsp;__hardfp_atan
</UL>

<P><STRONG><a name="[e4]"></a>__aeabi_dcmple</STRONG> (Thumb, 54 bytes, Stack size 12 bytes, dcmple.o(.text))
<BR><BR>[Stack]<UL><LI>Max Depth = 12<LI>Call Chain = __aeabi_dcmple
</UL>
<BR>[Called By]<UL><LI><a href="#[dd]">&gt;&gt;</a>&nbsp;&nbsp;&nbsp;m_kalman_3gyro.isra.6.constprop.36
<LI><a href="#[d9]">&gt;&gt;</a>&nbsp;&nbsp;&nbsp;quatErr2EulerErr
</UL>

<P><STRONG><a name="[d1]"></a>__aeabi_dcmplt</STRONG> (Thumb, 54 bytes, Stack size 12 bytes, dcmplt.o(.text))
<BR><BR>[Stack]<UL><LI>Max Depth = 12<LI>Call Chain = __aeabi_dcmplt
</UL>
<BR>[Called By]<UL><LI><a href="#[ce]">&gt;&gt;</a>&nbsp;&nbsp;&nbsp;MotionFX_propagate
<LI><a href="#[dd]">&gt;&gt;</a>&nbsp;&nbsp;&nbsp;m_kalman_3gyro.isra.6.constprop.36
<LI><a href="#[da]">&gt;&gt;</a>&nbsp;&nbsp;&nbsp;iNemo_quat2heading
</UL>

<P><STRONG><a name="[e6]"></a>__aeabi_dcmpge</STRONG> (Thumb, 54 bytes, Stack size 12 bytes, dcmpge.o(.text))
<BR><BR>[Stack]<UL><LI>Max Depth = 12<LI>Call Chain = __aeabi_dcmpge
</UL>
<BR>[Called By]<UL><LI><a href="#[dd]">&gt;&gt;</a>&nbsp;&nbsp;&nbsp;m_kalman_3gyro.isra.6.constprop.36
<LI><a href="#[d9]">&gt;&gt;</a>&nbsp;&nbsp;&nbsp;quatErr2EulerErr
</UL>

<P><STRONG><a name="[df]"></a>__aeabi_dcmpgt</STRONG> (Thumb, 54 bytes, Stack size 12 bytes, dcmpgt.o(.text))
<BR><BR>[Stack]<UL><LI>Max Depth = 12<LI>Call Chain = __aeabi_dcmpgt
</UL>
<BR>[Called By]<UL><LI><a href="#[dd]">&gt;&gt;</a>&nbsp;&nbsp;&nbsp;m_kalman_3gyro.isra.6.constprop.36
<LI><a href="#[da]">&gt;&gt;</a>&nbsp;&nbsp;&nbsp;iNemo_quat2heading
</UL>

<P><STRONG><a name="[dc]"></a>__aeabi_dcmpeq</STRONG> (Thumb, 56 bytes, Stack size 12 bytes, dcmpeq.o(.text))
<BR><BR>[Stack]<UL><LI>Max Depth = 12<LI>Call Chain = __aeabi_dcmpeq
</UL>
<BR>[Called By]<UL><LI><a href="#[db]">&gt;&gt;</a>&nbsp;&nbsp;&nbsp;SpacePointAlgorithm.isra.7
<LI><a href="#[dd]">&gt;&gt;</a>&nbsp;&nbsp;&nbsp;m_kalman_3gyro.isra.6.constprop.36
</UL>

<P><STRONG><a name="[b9]"></a>__aeabi_i2d</STRONG> (Thumb, 34 bytes, Stack size 16 bytes, dflti.o(.text))
<BR><BR>[Stack]<UL><LI>Max Depth = 56<LI>Call Chain = __aeabi_i2d &rArr; _double_epilogue &rArr; _double_round
</UL>
<BR>[Calls]<UL><LI><a href="#[b3]">&gt;&gt;</a>&nbsp;&nbsp;&nbsp;_double_epilogue
</UL>
<BR>[Called By]<UL><LI><a href="#[1b7]">&gt;&gt;</a>&nbsp;&nbsp;&nbsp;floatToInt
<LI><a href="#[1cc]">&gt;&gt;</a>&nbsp;&nbsp;&nbsp;__hardfp_pow
<LI><a href="#[1e2]">&gt;&gt;</a>&nbsp;&nbsp;&nbsp;__ieee754_rem_pio2
</UL>

<P><STRONG><a name="[ba]"></a>__aeabi_ui2d</STRONG> (Thumb, 26 bytes, Stack size 16 bytes, dfltui.o(.text))
<BR><BR>[Stack]<UL><LI>Max Depth = 56<LI>Call Chain = __aeabi_ui2d &rArr; _double_epilogue &rArr; _double_round
</UL>
<BR>[Calls]<UL><LI><a href="#[b3]">&gt;&gt;</a>&nbsp;&nbsp;&nbsp;_double_epilogue
</UL>
<BR>[Called By]<UL><LI><a href="#[d8]">&gt;&gt;</a>&nbsp;&nbsp;&nbsp;iNemo_update.constprop.35
<LI><a href="#[d7]">&gt;&gt;</a>&nbsp;&nbsp;&nbsp;iNemo_update_6X.constprop.34
<LI><a href="#[1e2]">&gt;&gt;</a>&nbsp;&nbsp;&nbsp;__ieee754_rem_pio2
</UL>

<P><STRONG><a name="[bb]"></a>__aeabi_d2iz</STRONG> (Thumb, 62 bytes, Stack size 16 bytes, dfixi.o(.text))
<BR><BR>[Stack]<UL><LI>Max Depth = 16<LI>Call Chain = __aeabi_d2iz
</UL>
<BR>[Calls]<UL><LI><a href="#[ac]">&gt;&gt;</a>&nbsp;&nbsp;&nbsp;__aeabi_llsr
</UL>
<BR>[Called By]<UL><LI><a href="#[1b7]">&gt;&gt;</a>&nbsp;&nbsp;&nbsp;floatToInt
<LI><a href="#[dd]">&gt;&gt;</a>&nbsp;&nbsp;&nbsp;m_kalman_3gyro.isra.6.constprop.36
<LI><a href="#[1e2]">&gt;&gt;</a>&nbsp;&nbsp;&nbsp;__ieee754_rem_pio2
<LI><a href="#[1e4]">&gt;&gt;</a>&nbsp;&nbsp;&nbsp;__kernel_cos
</UL>

<P><STRONG><a name="[cf]"></a>__aeabi_f2d</STRONG> (Thumb, 38 bytes, Stack size 0 bytes, f2d.o(.text))
<BR><BR>[Called By]<UL><LI><a href="#[1c7]">&gt;&gt;</a>&nbsp;&nbsp;&nbsp;Quaternion2Angles
<LI><a href="#[10b]">&gt;&gt;</a>&nbsp;&nbsp;&nbsp;Euler2Quaternionrotate
<LI><a href="#[108]">&gt;&gt;</a>&nbsp;&nbsp;&nbsp;Euler2Quaternion_rotate
<LI><a href="#[1cb]">&gt;&gt;</a>&nbsp;&nbsp;&nbsp;Quaternion_product
<LI><a href="#[1c8]">&gt;&gt;</a>&nbsp;&nbsp;&nbsp;oneOverSqrt
<LI><a href="#[ce]">&gt;&gt;</a>&nbsp;&nbsp;&nbsp;MotionFX_propagate
<LI><a href="#[1b7]">&gt;&gt;</a>&nbsp;&nbsp;&nbsp;floatToInt
<LI><a href="#[d8]">&gt;&gt;</a>&nbsp;&nbsp;&nbsp;iNemo_update.constprop.35
<LI><a href="#[d7]">&gt;&gt;</a>&nbsp;&nbsp;&nbsp;iNemo_update_6X.constprop.34
<LI><a href="#[db]">&gt;&gt;</a>&nbsp;&nbsp;&nbsp;SpacePointAlgorithm.isra.7
<LI><a href="#[dd]">&gt;&gt;</a>&nbsp;&nbsp;&nbsp;m_kalman_3gyro.isra.6.constprop.36
<LI><a href="#[d3]">&gt;&gt;</a>&nbsp;&nbsp;&nbsp;output_update
<LI><a href="#[da]">&gt;&gt;</a>&nbsp;&nbsp;&nbsp;iNemo_quat2heading
<LI><a href="#[d9]">&gt;&gt;</a>&nbsp;&nbsp;&nbsp;quatErr2EulerErr
<LI><a href="#[d4]">&gt;&gt;</a>&nbsp;&nbsp;&nbsp;SpacePointGyroProp
<LI><a href="#[e2]">&gt;&gt;</a>&nbsp;&nbsp;&nbsp;m_dcm2q_eml
</UL>

<P><STRONG><a name="[209]"></a>__aeabi_cdcmpeq</STRONG> (Thumb, 0 bytes, Stack size 0 bytes, cdcmple.o(.text), UNUSED)

<P><STRONG><a name="[1f3]"></a>__aeabi_cdcmple</STRONG> (Thumb, 48 bytes, Stack size 0 bytes, cdcmple.o(.text))
<BR><BR>[Called By]<UL><LI><a href="#[1f2]">&gt;&gt;</a>&nbsp;&nbsp;&nbsp;__hardfp_trunc
</UL>

<P><STRONG><a name="[1ea]"></a>__aeabi_cdrcmple</STRONG> (Thumb, 48 bytes, Stack size 0 bytes, cdrcmple.o(.text))
<BR><BR>[Called By]<UL><LI><a href="#[1cc]">&gt;&gt;</a>&nbsp;&nbsp;&nbsp;__hardfp_pow
<LI><a href="#[1e9]">&gt;&gt;</a>&nbsp;&nbsp;&nbsp;__hardfp_floor
<LI><a href="#[1f2]">&gt;&gt;</a>&nbsp;&nbsp;&nbsp;__hardfp_trunc
</UL>

<P><STRONG><a name="[bc]"></a>__aeabi_d2f</STRONG> (Thumb, 56 bytes, Stack size 8 bytes, d2f.o(.text))
<BR><BR>[Stack]<UL><LI>Max Depth = 8<LI>Call Chain = __aeabi_d2f
</UL>
<BR>[Calls]<UL><LI><a href="#[bd]">&gt;&gt;</a>&nbsp;&nbsp;&nbsp;_float_round
</UL>
<BR>[Called By]<UL><LI><a href="#[1c7]">&gt;&gt;</a>&nbsp;&nbsp;&nbsp;Quaternion2Angles
<LI><a href="#[10b]">&gt;&gt;</a>&nbsp;&nbsp;&nbsp;Euler2Quaternionrotate
<LI><a href="#[108]">&gt;&gt;</a>&nbsp;&nbsp;&nbsp;Euler2Quaternion_rotate
<LI><a href="#[1cb]">&gt;&gt;</a>&nbsp;&nbsp;&nbsp;Quaternion_product
<LI><a href="#[1c8]">&gt;&gt;</a>&nbsp;&nbsp;&nbsp;oneOverSqrt
<LI><a href="#[ce]">&gt;&gt;</a>&nbsp;&nbsp;&nbsp;MotionFX_propagate
<LI><a href="#[1b7]">&gt;&gt;</a>&nbsp;&nbsp;&nbsp;floatToInt
<LI><a href="#[d8]">&gt;&gt;</a>&nbsp;&nbsp;&nbsp;iNemo_update.constprop.35
<LI><a href="#[d7]">&gt;&gt;</a>&nbsp;&nbsp;&nbsp;iNemo_update_6X.constprop.34
<LI><a href="#[db]">&gt;&gt;</a>&nbsp;&nbsp;&nbsp;SpacePointAlgorithm.isra.7
<LI><a href="#[dd]">&gt;&gt;</a>&nbsp;&nbsp;&nbsp;m_kalman_3gyro.isra.6.constprop.36
<LI><a href="#[d3]">&gt;&gt;</a>&nbsp;&nbsp;&nbsp;output_update
<LI><a href="#[da]">&gt;&gt;</a>&nbsp;&nbsp;&nbsp;iNemo_quat2heading
<LI><a href="#[d9]">&gt;&gt;</a>&nbsp;&nbsp;&nbsp;quatErr2EulerErr
<LI><a href="#[d4]">&gt;&gt;</a>&nbsp;&nbsp;&nbsp;SpacePointGyroProp
<LI><a href="#[e2]">&gt;&gt;</a>&nbsp;&nbsp;&nbsp;m_dcm2q_eml
</UL>

<P><STRONG><a name="[ad]"></a>__aeabi_llsl</STRONG> (Thumb, 30 bytes, Stack size 0 bytes, llshl.o(.text))
<BR><BR>[Called By]<UL><LI><a href="#[b1]">&gt;&gt;</a>&nbsp;&nbsp;&nbsp;__aeabi_dadd
<LI><a href="#[b3]">&gt;&gt;</a>&nbsp;&nbsp;&nbsp;_double_epilogue
<LI><a href="#[ab]">&gt;&gt;</a>&nbsp;&nbsp;&nbsp;__aeabi_uldivmod
<LI><a href="#[bf]">&gt;&gt;</a>&nbsp;&nbsp;&nbsp;_drnd
</UL>

<P><STRONG><a name="[20a]"></a>_ll_shift_l</STRONG> (Thumb, 0 bytes, Stack size 0 bytes, llshl.o(.text), UNUSED)

<P><STRONG><a name="[ac]"></a>__aeabi_llsr</STRONG> (Thumb, 32 bytes, Stack size 0 bytes, llushr.o(.text))
<BR><BR>[Called By]<UL><LI><a href="#[bb]">&gt;&gt;</a>&nbsp;&nbsp;&nbsp;__aeabi_d2iz
<LI><a href="#[be]">&gt;&gt;</a>&nbsp;&nbsp;&nbsp;_dsqrt
<LI><a href="#[b3]">&gt;&gt;</a>&nbsp;&nbsp;&nbsp;_double_epilogue
<LI><a href="#[ab]">&gt;&gt;</a>&nbsp;&nbsp;&nbsp;__aeabi_uldivmod
<LI><a href="#[bf]">&gt;&gt;</a>&nbsp;&nbsp;&nbsp;_drnd
</UL>

<P><STRONG><a name="[20b]"></a>_ll_ushift_r</STRONG> (Thumb, 0 bytes, Stack size 0 bytes, llushr.o(.text), UNUSED)

<P><STRONG><a name="[b2]"></a>__aeabi_lasr</STRONG> (Thumb, 36 bytes, Stack size 0 bytes, llsshr.o(.text))
<BR><BR>[Called By]<UL><LI><a href="#[b1]">&gt;&gt;</a>&nbsp;&nbsp;&nbsp;__aeabi_dadd
</UL>

<P><STRONG><a name="[20c]"></a>_ll_sshift_r</STRONG> (Thumb, 0 bytes, Stack size 0 bytes, llsshr.o(.text), UNUSED)

<P><STRONG><a name="[20d]"></a>__I$use$fp</STRONG> (Thumb, 0 bytes, Stack size 0 bytes, iusefp.o(.text), UNUSED)

<P><STRONG><a name="[bd]"></a>_float_round</STRONG> (Thumb, 18 bytes, Stack size 0 bytes, fepilogue.o(.text))
<BR><BR>[Called By]<UL><LI><a href="#[bc]">&gt;&gt;</a>&nbsp;&nbsp;&nbsp;__aeabi_d2f
</UL>

<P><STRONG><a name="[20e]"></a>_float_epilogue</STRONG> (Thumb, 92 bytes, Stack size 4 bytes, fepilogue.o(.text), UNUSED)

<P><STRONG><a name="[b4]"></a>_double_round</STRONG> (Thumb, 30 bytes, Stack size 8 bytes, depilogue.o(.text))
<BR><BR>[Stack]<UL><LI>Max Depth = 8<LI>Call Chain = _double_round
</UL>
<BR>[Called By]<UL><LI><a href="#[b8]">&gt;&gt;</a>&nbsp;&nbsp;&nbsp;__aeabi_ddiv
<LI><a href="#[b1]">&gt;&gt;</a>&nbsp;&nbsp;&nbsp;__aeabi_dadd
<LI><a href="#[be]">&gt;&gt;</a>&nbsp;&nbsp;&nbsp;_dsqrt
<LI><a href="#[b3]">&gt;&gt;</a>&nbsp;&nbsp;&nbsp;_double_epilogue
<LI><a href="#[bf]">&gt;&gt;</a>&nbsp;&nbsp;&nbsp;_drnd
</UL>

<P><STRONG><a name="[b3]"></a>_double_epilogue</STRONG> (Thumb, 156 bytes, Stack size 32 bytes, depilogue.o(.text))
<BR><BR>[Stack]<UL><LI>Max Depth = 40<LI>Call Chain = _double_epilogue &rArr; _double_round
</UL>
<BR>[Calls]<UL><LI><a href="#[b4]">&gt;&gt;</a>&nbsp;&nbsp;&nbsp;_double_round
<LI><a href="#[ac]">&gt;&gt;</a>&nbsp;&nbsp;&nbsp;__aeabi_llsr
<LI><a href="#[ad]">&gt;&gt;</a>&nbsp;&nbsp;&nbsp;__aeabi_llsl
</UL>
<BR>[Called By]<UL><LI><a href="#[b7]">&gt;&gt;</a>&nbsp;&nbsp;&nbsp;__aeabi_dmul
<LI><a href="#[b1]">&gt;&gt;</a>&nbsp;&nbsp;&nbsp;__aeabi_dadd
<LI><a href="#[b9]">&gt;&gt;</a>&nbsp;&nbsp;&nbsp;__aeabi_i2d
<LI><a href="#[ba]">&gt;&gt;</a>&nbsp;&nbsp;&nbsp;__aeabi_ui2d
</UL>

<P><STRONG><a name="[1ed]"></a>__ARM_scalbn</STRONG> (Thumb, 46 bytes, Stack size 16 bytes, dscalb.o(.text))
<BR><BR>[Stack]<UL><LI>Max Depth = 16<LI>Call Chain = __ARM_scalbn
</UL>
<BR>[Called By]<UL><LI><a href="#[1cc]">&gt;&gt;</a>&nbsp;&nbsp;&nbsp;__hardfp_pow
</UL>

<P><STRONG><a name="[20f]"></a>scalbn</STRONG> (Thumb, 0 bytes, Stack size 16 bytes, dscalb.o(.text), UNUSED)

<P><STRONG><a name="[be]"></a>_dsqrt</STRONG> (Thumb, 162 bytes, Stack size 32 bytes, dsqrt.o(.text))
<BR><BR>[Stack]<UL><LI>Max Depth = 40<LI>Call Chain = _dsqrt &rArr; _double_round
</UL>
<BR>[Calls]<UL><LI><a href="#[b4]">&gt;&gt;</a>&nbsp;&nbsp;&nbsp;_double_round
<LI><a href="#[ac]">&gt;&gt;</a>&nbsp;&nbsp;&nbsp;__aeabi_llsr
</UL>
<BR>[Called By]<UL><LI><a href="#[d0]">&gt;&gt;</a>&nbsp;&nbsp;&nbsp;sqrt
<LI><a href="#[1cd]">&gt;&gt;</a>&nbsp;&nbsp;&nbsp;__hardfp_sqrt
</UL>

<P><STRONG><a name="[bf]"></a>_drnd</STRONG> (Thumb, 132 bytes, Stack size 24 bytes, drnd.o(.text))
<BR><BR>[Stack]<UL><LI>Max Depth = 32<LI>Call Chain = _drnd &rArr; _double_round
</UL>
<BR>[Calls]<UL><LI><a href="#[b4]">&gt;&gt;</a>&nbsp;&nbsp;&nbsp;_double_round
<LI><a href="#[ac]">&gt;&gt;</a>&nbsp;&nbsp;&nbsp;__aeabi_llsr
<LI><a href="#[ad]">&gt;&gt;</a>&nbsp;&nbsp;&nbsp;__aeabi_llsl
</UL>
<BR>[Called By]<UL><LI><a href="#[1f2]">&gt;&gt;</a>&nbsp;&nbsp;&nbsp;__hardfp_trunc
</UL>

<P><STRONG><a name="[aa]"></a>__scatterload</STRONG> (Thumb, 28 bytes, Stack size 0 bytes, init.o(.text))
<BR><BR>[Calls]<UL><LI><a href="#[c0]">&gt;&gt;</a>&nbsp;&nbsp;&nbsp;__main_after_scatterload
</UL>
<BR>[Called By]<UL><LI><a href="#[a9]">&gt;&gt;</a>&nbsp;&nbsp;&nbsp;_main_scatterload
</UL>

<P><STRONG><a name="[210]"></a>__scatterload_rt2</STRONG> (Thumb, 0 bytes, Stack size 0 bytes, init.o(.text), UNUSED)

<P><STRONG><a name="[211]"></a>__decompress</STRONG> (Thumb, 0 bytes, Stack size unknown bytes, __dczerorl2.o(.text), UNUSED)

<P><STRONG><a name="[212]"></a>__decompress1</STRONG> (Thumb, 86 bytes, Stack size unknown bytes, __dczerorl2.o(.text), UNUSED)

<P><STRONG><a name="[1c0]"></a>MotionFX_GetLibVersion</STRONG> (Thumb, 76 bytes, Stack size unknown bytes, motion_fx.o(.text.MotionFX_GetLibVersion))
<BR><BR>[Called By]<UL><LI><a href="#[1bf]">&gt;&gt;</a>&nbsp;&nbsp;&nbsp;MotionFX_manager_get_version
</UL>

<P><STRONG><a name="[c9]"></a>MotionFX_MagCal_init</STRONG> (Thumb, 352 bytes, Stack size unknown bytes, motion_fx.o(.text.MotionFX_MagCal_init))
<BR><BR>[Stack]<UL><LI>Max Depth = 8 + Unknown Stack Size
<LI>Call Chain = MotionFX_MagCal_init &rArr; memset
</UL>
<BR>[Calls]<UL><LI><a href="#[c3]">&gt;&gt;</a>&nbsp;&nbsp;&nbsp;MEMSSaveMagCalNVM
<LI><a href="#[c1]">&gt;&gt;</a>&nbsp;&nbsp;&nbsp;MEMSLoadMagCalNVM
<LI><a href="#[c5]">&gt;&gt;</a>&nbsp;&nbsp;&nbsp;MEMS_DataBuffInit
<LI><a href="#[c6]">&gt;&gt;</a>&nbsp;&nbsp;&nbsp;MEMS_EmptyDataFrame
<LI><a href="#[b0]">&gt;&gt;</a>&nbsp;&nbsp;&nbsp;memset
</UL>
<BR>[Called By]<UL><LI><a href="#[1be]">&gt;&gt;</a>&nbsp;&nbsp;&nbsp;MotionFX_manager_MagCal_start
</UL>

<P><STRONG><a name="[1c4]"></a>MotionFX_enable_6X</STRONG> (Thumb, 64 bytes, Stack size unknown bytes, motion_fx.o(.text.MotionFX_enable_6X))
<BR><BR>[Called By]<UL><LI><a href="#[1c6]">&gt;&gt;</a>&nbsp;&nbsp;&nbsp;MotionFX_manager_start_6X
<LI><a href="#[1c1]">&gt;&gt;</a>&nbsp;&nbsp;&nbsp;MotionFX_manager_init
</UL>

<P><STRONG><a name="[1c5]"></a>MotionFX_enable_9X</STRONG> (Thumb, 68 bytes, Stack size unknown bytes, motion_fx.o(.text.MotionFX_enable_9X))
<BR><BR>[Called By]<UL><LI><a href="#[1c1]">&gt;&gt;</a>&nbsp;&nbsp;&nbsp;MotionFX_manager_init
</UL>

<P><STRONG><a name="[1c2]"></a>MotionFX_getKnobs</STRONG> (Thumb, 172 bytes, Stack size unknown bytes, motion_fx.o(.text.MotionFX_getKnobs))
<BR><BR>[Called By]<UL><LI><a href="#[1c1]">&gt;&gt;</a>&nbsp;&nbsp;&nbsp;MotionFX_manager_init
</UL>

<P><STRONG><a name="[ca]"></a>MotionFX_initialize</STRONG> (Thumb, 1092 bytes, Stack size unknown bytes, motion_fx.o(.text.MotionFX_initialize))
<BR><BR>[Calls]<UL><LI><a href="#[cd]">&gt;&gt;</a>&nbsp;&nbsp;&nbsp;iNemo_setOrientation_6X.constprop.41
<LI><a href="#[cc]">&gt;&gt;</a>&nbsp;&nbsp;&nbsp;iNemo_setOrientation.constprop.40
<LI><a href="#[cb]">&gt;&gt;</a>&nbsp;&nbsp;&nbsp;rt_InitInfAndNaN.isra.3
</UL>
<BR>[Called By]<UL><LI><a href="#[1c1]">&gt;&gt;</a>&nbsp;&nbsp;&nbsp;MotionFX_manager_init
</UL>

<P><STRONG><a name="[ce]"></a>MotionFX_propagate</STRONG> (Thumb, 2794 bytes, Stack size unknown bytes, motion_fx.o(.text.MotionFX_propagate))
<BR><BR>[Stack]<UL><LI>Max Depth = 224 + Unknown Stack Size
<LI>Call Chain = MotionFX_propagate &rArr; output_update &rArr; atan2 &rArr; __hardfp_atan2 &rArr; atan &rArr; __hardfp_atan &rArr; __kernel_poly &rArr; __aeabi_dmul &rArr; _double_epilogue &rArr; _double_round
</UL>
<BR>[Calls]<UL><LI><a href="#[cf]">&gt;&gt;</a>&nbsp;&nbsp;&nbsp;__aeabi_f2d
<LI><a href="#[bc]">&gt;&gt;</a>&nbsp;&nbsp;&nbsp;__aeabi_d2f
<LI><a href="#[d0]">&gt;&gt;</a>&nbsp;&nbsp;&nbsp;sqrt
<LI><a href="#[d1]">&gt;&gt;</a>&nbsp;&nbsp;&nbsp;__aeabi_dcmplt
<LI><a href="#[d3]">&gt;&gt;</a>&nbsp;&nbsp;&nbsp;output_update
<LI><a href="#[d4]">&gt;&gt;</a>&nbsp;&nbsp;&nbsp;SpacePointGyroProp
<LI><a href="#[d2]">&gt;&gt;</a>&nbsp;&nbsp;&nbsp;m_qmult_eml
</UL>
<BR>[Called By]<UL><LI><a href="#[10d]">&gt;&gt;</a>&nbsp;&nbsp;&nbsp;MotionFX_manager_run
</UL>

<P><STRONG><a name="[d5]"></a>MotionFX_setKnobs</STRONG> (Thumb, 200 bytes, Stack size unknown bytes, motion_fx.o(.text.MotionFX_setKnobs))
<BR><BR>[Calls]<UL><LI><a href="#[cd]">&gt;&gt;</a>&nbsp;&nbsp;&nbsp;iNemo_setOrientation_6X.constprop.41
<LI><a href="#[cc]">&gt;&gt;</a>&nbsp;&nbsp;&nbsp;iNemo_setOrientation.constprop.40
</UL>
<BR>[Called By]<UL><LI><a href="#[1c1]">&gt;&gt;</a>&nbsp;&nbsp;&nbsp;MotionFX_manager_init
</UL>

<P><STRONG><a name="[d6]"></a>MotionFX_update</STRONG> (Thumb, 900 bytes, Stack size unknown bytes, motion_fx.o(.text.MotionFX_update))
<BR><BR>[Stack]<UL><LI>Max Depth = 224 + Unknown Stack Size
<LI>Call Chain = MotionFX_update &rArr; iNemo_quat2heading &rArr; atan2 &rArr; __hardfp_atan2 &rArr; atan &rArr; __hardfp_atan &rArr; __kernel_poly &rArr; __aeabi_dmul &rArr; _double_epilogue &rArr; _double_round
</UL>
<BR>[Calls]<UL><LI><a href="#[d8]">&gt;&gt;</a>&nbsp;&nbsp;&nbsp;iNemo_update.constprop.35
<LI><a href="#[d7]">&gt;&gt;</a>&nbsp;&nbsp;&nbsp;iNemo_update_6X.constprop.34
<LI><a href="#[da]">&gt;&gt;</a>&nbsp;&nbsp;&nbsp;iNemo_quat2heading
<LI><a href="#[d9]">&gt;&gt;</a>&nbsp;&nbsp;&nbsp;quatErr2EulerErr
</UL>
<BR>[Called By]<UL><LI><a href="#[10d]">&gt;&gt;</a>&nbsp;&nbsp;&nbsp;MotionFX_manager_run
</UL>

<P><STRONG><a name="[eb]"></a>Accelero_Sensor_Handler</STRONG> (Thumb, 16 bytes, Stack size 8 bytes, sensor.o(i.Accelero_Sensor_Handler))
<BR><BR>[Stack]<UL><LI>Max Depth = 32<LI>Call Chain = Accelero_Sensor_Handler &rArr; IKS01A2_MOTION_SENSOR_GetAxes
</UL>
<BR>[Calls]<UL><LI><a href="#[ec]">&gt;&gt;</a>&nbsp;&nbsp;&nbsp;IKS01A2_MOTION_SENSOR_GetAxes
</UL>
<BR>[Called By]<UL><LI><a href="#[1ad]">&gt;&gt;</a>&nbsp;&nbsp;&nbsp;Lib_Process
</UL>

<P><STRONG><a name="[ed]"></a>BSP_COM_Init</STRONG> (Thumb, 58 bytes, Stack size 16 bytes, stm32f4xx_nucleo.o(i.BSP_COM_Init))
<BR><BR>[Stack]<UL><LI>Max Depth = 120<LI>Call Chain = BSP_COM_Init &rArr; MX_USART2_UART_Init &rArr; HAL_UART_Init &rArr; HAL_UART_MspInit &rArr; HAL_NVIC_SetPriority &rArr; __NVIC_SetPriority
</UL>
<BR>[Calls]<UL><LI><a href="#[ef]">&gt;&gt;</a>&nbsp;&nbsp;&nbsp;MX_USART2_UART_Init
<LI><a href="#[ee]">&gt;&gt;</a>&nbsp;&nbsp;&nbsp;USART2_MspInit
</UL>
<BR>[Called By]<UL><LI><a href="#[1b3]">&gt;&gt;</a>&nbsp;&nbsp;&nbsp;MX_IKS01A2_DataLogTerminal_Init
</UL>

<P><STRONG><a name="[9a]"></a>BSP_GetTick</STRONG> (Thumb, 8 bytes, Stack size 8 bytes, stm32f4xx_nucleo_bus.o(i.BSP_GetTick))
<BR><BR>[Stack]<UL><LI>Max Depth = 8<LI>Call Chain = BSP_GetTick
</UL>
<BR>[Calls]<UL><LI><a href="#[f0]">&gt;&gt;</a>&nbsp;&nbsp;&nbsp;HAL_GetTick
</UL>
<BR>[Address Reference Count : 5]<UL><LI> iks01a2_env_sensors.o(i.HTS221_0_Probe)
<LI> iks01a2_env_sensors.o(i.LPS22HB_0_Probe)
<LI> iks01a2_motion_sensors.o(i.LSM303AGR_ACC_0_Probe)
<LI> iks01a2_motion_sensors.o(i.LSM303AGR_MAG_0_Probe)
<LI> iks01a2_motion_sensors.o(i.LSM6DSL_0_Probe)
</UL>
<P><STRONG><a name="[97]"></a>BSP_I2C1_DeInit</STRONG> (Thumb, 44 bytes, Stack size 8 bytes, stm32f4xx_nucleo_bus.o(i.BSP_I2C1_DeInit))
<BR><BR>[Stack]<UL><LI>Max Depth = 36<LI>Call Chain = BSP_I2C1_DeInit &rArr; I2C1_MspDeInit &rArr; HAL_GPIO_DeInit
</UL>
<BR>[Calls]<UL><LI><a href="#[f2]">&gt;&gt;</a>&nbsp;&nbsp;&nbsp;HAL_I2C_DeInit
<LI><a href="#[f1]">&gt;&gt;</a>&nbsp;&nbsp;&nbsp;I2C1_MspDeInit
</UL>
<BR>[Address Reference Count : 5]<UL><LI> iks01a2_env_sensors.o(i.HTS221_0_Probe)
<LI> iks01a2_env_sensors.o(i.LPS22HB_0_Probe)
<LI> iks01a2_motion_sensors.o(i.LSM303AGR_ACC_0_Probe)
<LI> iks01a2_motion_sensors.o(i.LSM303AGR_MAG_0_Probe)
<LI> iks01a2_motion_sensors.o(i.LSM6DSL_0_Probe)
</UL>
<P><STRONG><a name="[96]"></a>BSP_I2C1_Init</STRONG> (Thumb, 76 bytes, Stack size 8 bytes, stm32f4xx_nucleo_bus.o(i.BSP_I2C1_Init))
<BR><BR>[Stack]<UL><LI>Max Depth = 64<LI>Call Chain = BSP_I2C1_Init &rArr; I2C1_MspInit &rArr; HAL_GPIO_Init
</UL>
<BR>[Calls]<UL><LI><a href="#[f5]">&gt;&gt;</a>&nbsp;&nbsp;&nbsp;MX_I2C1_Init
<LI><a href="#[f3]">&gt;&gt;</a>&nbsp;&nbsp;&nbsp;HAL_I2C_GetState
<LI><a href="#[f6]">&gt;&gt;</a>&nbsp;&nbsp;&nbsp;HAL_I2CEx_ConfigAnalogFilter
<LI><a href="#[f4]">&gt;&gt;</a>&nbsp;&nbsp;&nbsp;I2C1_MspInit
</UL>
<BR>[Address Reference Count : 5]<UL><LI> iks01a2_env_sensors.o(i.HTS221_0_Probe)
<LI> iks01a2_env_sensors.o(i.LPS22HB_0_Probe)
<LI> iks01a2_motion_sensors.o(i.LSM303AGR_ACC_0_Probe)
<LI> iks01a2_motion_sensors.o(i.LSM303AGR_MAG_0_Probe)
<LI> iks01a2_motion_sensors.o(i.LSM6DSL_0_Probe)
</UL>
<P><STRONG><a name="[98]"></a>BSP_I2C1_ReadReg</STRONG> (Thumb, 66 bytes, Stack size 40 bytes, stm32f4xx_nucleo_bus.o(i.BSP_I2C1_ReadReg))
<BR><BR>[Stack]<UL><LI>Max Depth = 144<LI>Call Chain = BSP_I2C1_ReadReg &rArr; HAL_I2C_Mem_Read &rArr; I2C_RequestMemoryRead &rArr; I2C_WaitOnMasterAddressFlagUntilTimeout
</UL>
<BR>[Calls]<UL><LI><a href="#[f7]">&gt;&gt;</a>&nbsp;&nbsp;&nbsp;HAL_I2C_Mem_Read
<LI><a href="#[f8]">&gt;&gt;</a>&nbsp;&nbsp;&nbsp;HAL_I2C_GetError
</UL>
<BR>[Address Reference Count : 5]<UL><LI> iks01a2_env_sensors.o(i.HTS221_0_Probe)
<LI> iks01a2_env_sensors.o(i.LPS22HB_0_Probe)
<LI> iks01a2_motion_sensors.o(i.LSM303AGR_ACC_0_Probe)
<LI> iks01a2_motion_sensors.o(i.LSM303AGR_MAG_0_Probe)
<LI> iks01a2_motion_sensors.o(i.LSM6DSL_0_Probe)
</UL>
<P><STRONG><a name="[99]"></a>BSP_I2C1_WriteReg</STRONG> (Thumb, 66 bytes, Stack size 40 bytes, stm32f4xx_nucleo_bus.o(i.BSP_I2C1_WriteReg))
<BR><BR>[Stack]<UL><LI>Max Depth = 144<LI>Call Chain = BSP_I2C1_WriteReg &rArr; HAL_I2C_Mem_Write &rArr; I2C_RequestMemoryWrite &rArr; I2C_WaitOnMasterAddressFlagUntilTimeout
</UL>
<BR>[Calls]<UL><LI><a href="#[f9]">&gt;&gt;</a>&nbsp;&nbsp;&nbsp;HAL_I2C_Mem_Write
<LI><a href="#[f8]">&gt;&gt;</a>&nbsp;&nbsp;&nbsp;HAL_I2C_GetError
</UL>
<BR>[Address Reference Count : 5]<UL><LI> iks01a2_env_sensors.o(i.HTS221_0_Probe)
<LI> iks01a2_env_sensors.o(i.LPS22HB_0_Probe)
<LI> iks01a2_motion_sensors.o(i.LSM303AGR_ACC_0_Probe)
<LI> iks01a2_motion_sensors.o(i.LSM303AGR_MAG_0_Probe)
<LI> iks01a2_motion_sensors.o(i.LSM6DSL_0_Probe)
</UL>
<P><STRONG><a name="[fa]"></a>BSP_LED_Init</STRONG> (Thumb, 92 bytes, Stack size 32 bytes, stm32f4xx_nucleo.o(i.BSP_LED_Init))
<BR><BR>[Stack]<UL><LI>Max Depth = 56<LI>Call Chain = BSP_LED_Init &rArr; HAL_GPIO_Init
</UL>
<BR>[Calls]<UL><LI><a href="#[fc]">&gt;&gt;</a>&nbsp;&nbsp;&nbsp;HAL_GPIO_WritePin
<LI><a href="#[fb]">&gt;&gt;</a>&nbsp;&nbsp;&nbsp;HAL_GPIO_Init
</UL>
<BR>[Called By]<UL><LI><a href="#[1b3]">&gt;&gt;</a>&nbsp;&nbsp;&nbsp;MX_IKS01A2_DataLogTerminal_Init
</UL>

<P><STRONG><a name="[fd]"></a>BSP_LED_Off</STRONG> (Thumb, 26 bytes, Stack size 8 bytes, stm32f4xx_nucleo.o(i.BSP_LED_Off))
<BR><BR>[Stack]<UL><LI>Max Depth = 8<LI>Call Chain = BSP_LED_Off
</UL>
<BR>[Calls]<UL><LI><a href="#[fc]">&gt;&gt;</a>&nbsp;&nbsp;&nbsp;HAL_GPIO_WritePin
</UL>
<BR>[Called By]<UL><LI><a href="#[1ad]">&gt;&gt;</a>&nbsp;&nbsp;&nbsp;Lib_Process
</UL>

<P><STRONG><a name="[fe]"></a>BSP_LED_On</STRONG> (Thumb, 26 bytes, Stack size 8 bytes, stm32f4xx_nucleo.o(i.BSP_LED_On))
<BR><BR>[Stack]<UL><LI>Max Depth = 8<LI>Call Chain = BSP_LED_On
</UL>
<BR>[Calls]<UL><LI><a href="#[fc]">&gt;&gt;</a>&nbsp;&nbsp;&nbsp;HAL_GPIO_WritePin
</UL>
<BR>[Called By]<UL><LI><a href="#[1ad]">&gt;&gt;</a>&nbsp;&nbsp;&nbsp;Lib_Process
</UL>

<P><STRONG><a name="[106]"></a>BSP_PB_Callback</STRONG> (Thumb, 8 bytes, Stack size 0 bytes, app_x-cube-mems1.o(i.BSP_PB_Callback))
<BR><BR>[Called By]<UL><LI><a href="#[a8]">&gt;&gt;</a>&nbsp;&nbsp;&nbsp;BUTTON_USER_EXTI_Callback
</UL>

<P><STRONG><a name="[ff]"></a>BSP_PB_GetState</STRONG> (Thumb, 30 bytes, Stack size 8 bytes, stm32f4xx_nucleo.o(i.BSP_PB_GetState))
<BR><BR>[Stack]<UL><LI>Max Depth = 8<LI>Call Chain = BSP_PB_GetState
</UL>
<BR>[Calls]<UL><LI><a href="#[100]">&gt;&gt;</a>&nbsp;&nbsp;&nbsp;HAL_GPIO_ReadPin
</UL>
<BR>[Called By]<UL><LI><a href="#[1b3]">&gt;&gt;</a>&nbsp;&nbsp;&nbsp;MX_IKS01A2_DataLogTerminal_Init
</UL>

<P><STRONG><a name="[101]"></a>BSP_PB_Init</STRONG> (Thumb, 180 bytes, Stack size 40 bytes, stm32f4xx_nucleo.o(i.BSP_PB_Init))
<BR><BR>[Stack]<UL><LI>Max Depth = 88<LI>Call Chain = BSP_PB_Init &rArr; HAL_NVIC_SetPriority &rArr; __NVIC_SetPriority
</UL>
<BR>[Calls]<UL><LI><a href="#[fb]">&gt;&gt;</a>&nbsp;&nbsp;&nbsp;HAL_GPIO_Init
<LI><a href="#[103]">&gt;&gt;</a>&nbsp;&nbsp;&nbsp;HAL_EXTI_RegisterCallback
<LI><a href="#[102]">&gt;&gt;</a>&nbsp;&nbsp;&nbsp;HAL_EXTI_GetHandle
<LI><a href="#[104]">&gt;&gt;</a>&nbsp;&nbsp;&nbsp;HAL_NVIC_SetPriority
<LI><a href="#[105]">&gt;&gt;</a>&nbsp;&nbsp;&nbsp;HAL_NVIC_EnableIRQ
</UL>
<BR>[Called By]<UL><LI><a href="#[1b3]">&gt;&gt;</a>&nbsp;&nbsp;&nbsp;MX_IKS01A2_DataLogTerminal_Init
</UL>

<P><STRONG><a name="[51]"></a>BusFault_Handler</STRONG> (Thumb, 4 bytes, Stack size 0 bytes, stm32f4xx_it.o(i.BusFault_Handler))
<BR>[Address Reference Count : 1]<UL><LI> startup_stm32f401xe.o(RESET)
</UL>
<P><STRONG><a name="[67]"></a>DMA1_Stream5_IRQHandler</STRONG> (Thumb, 10 bytes, Stack size 8 bytes, stm32f4xx_it.o(i.DMA1_Stream5_IRQHandler))
<BR><BR>[Stack]<UL><LI>Max Depth = 32<LI>Call Chain = DMA1_Stream5_IRQHandler &rArr; HAL_DMA_IRQHandler
</UL>
<BR>[Calls]<UL><LI><a href="#[107]">&gt;&gt;</a>&nbsp;&nbsp;&nbsp;HAL_DMA_IRQHandler
</UL>
<BR>[Address Reference Count : 1]<UL><LI> startup_stm32f401xe.o(RESET)
</UL>
<P><STRONG><a name="[68]"></a>DMA1_Stream6_IRQHandler</STRONG> (Thumb, 10 bytes, Stack size 8 bytes, stm32f4xx_it.o(i.DMA1_Stream6_IRQHandler))
<BR><BR>[Stack]<UL><LI>Max Depth = 32<LI>Call Chain = DMA1_Stream6_IRQHandler &rArr; HAL_DMA_IRQHandler
</UL>
<BR>[Calls]<UL><LI><a href="#[107]">&gt;&gt;</a>&nbsp;&nbsp;&nbsp;HAL_DMA_IRQHandler
</UL>
<BR>[Address Reference Count : 1]<UL><LI> startup_stm32f401xe.o(RESET)
</UL>
<P><STRONG><a name="[82]"></a>DMA2_Stream1_IRQHandler</STRONG> (Thumb, 10 bytes, Stack size 8 bytes, stm32f4xx_it.o(i.DMA2_Stream1_IRQHandler))
<BR><BR>[Stack]<UL><LI>Max Depth = 32<LI>Call Chain = DMA2_Stream1_IRQHandler &rArr; HAL_DMA_IRQHandler
</UL>
<BR>[Calls]<UL><LI><a href="#[107]">&gt;&gt;</a>&nbsp;&nbsp;&nbsp;HAL_DMA_IRQHandler
</UL>
<BR>[Address Reference Count : 1]<UL><LI> startup_stm32f401xe.o(RESET)
</UL>
<P><STRONG><a name="[88]"></a>DMA2_Stream6_IRQHandler</STRONG> (Thumb, 10 bytes, Stack size 8 bytes, stm32f4xx_it.o(i.DMA2_Stream6_IRQHandler))
<BR><BR>[Stack]<UL><LI>Max Depth = 32<LI>Call Chain = DMA2_Stream6_IRQHandler &rArr; HAL_DMA_IRQHandler
</UL>
<BR>[Calls]<UL><LI><a href="#[107]">&gt;&gt;</a>&nbsp;&nbsp;&nbsp;HAL_DMA_IRQHandler
</UL>
<BR>[Address Reference Count : 1]<UL><LI> startup_stm32f401xe.o(RESET)
</UL>
<P><STRONG><a name="[54]"></a>DebugMon_Handler</STRONG> (Thumb, 2 bytes, Stack size 0 bytes, stm32f4xx_it.o(i.DebugMon_Handler))
<BR>[Address Reference Count : 1]<UL><LI> startup_stm32f401xe.o(RESET)
</UL>
<P><STRONG><a name="[148]"></a>Error_Handler</STRONG> (Thumb, 2 bytes, Stack size 0 bytes, main.o(i.Error_Handler))
<BR><BR>[Called By]<UL><LI><a href="#[1bd]">&gt;&gt;</a>&nbsp;&nbsp;&nbsp;MX_USART6_UART_Init
<LI><a href="#[1bc]">&gt;&gt;</a>&nbsp;&nbsp;&nbsp;MX_USART1_UART_Init
<LI><a href="#[1ba]">&gt;&gt;</a>&nbsp;&nbsp;&nbsp;MX_TIM3_Init
<LI><a href="#[1b0]">&gt;&gt;</a>&nbsp;&nbsp;&nbsp;MX_CRC_Init
<LI><a href="#[1cf]">&gt;&gt;</a>&nbsp;&nbsp;&nbsp;SystemClock_Config
<LI><a href="#[ee]">&gt;&gt;</a>&nbsp;&nbsp;&nbsp;USART2_MspInit
<LI><a href="#[145]">&gt;&gt;</a>&nbsp;&nbsp;&nbsp;HAL_UART_MspInit
</UL>

<P><STRONG><a name="[108]"></a>Euler2Quaternion_rotate</STRONG> (Thumb, 710 bytes, Stack size 112 bytes, oth_dev.o(i.Euler2Quaternion_rotate))
<BR><BR>[Stack]<UL><LI>Max Depth = 352<LI>Call Chain = Euler2Quaternion_rotate &rArr; __hardfp_sin &rArr; __ieee754_rem_pio2 &rArr; __aeabi_drsub &rArr; __aeabi_dadd &rArr; _double_epilogue &rArr; _double_round
</UL>
<BR>[Calls]<UL><LI><a href="#[b5]">&gt;&gt;</a>&nbsp;&nbsp;&nbsp;__aeabi_dsub
<LI><a href="#[b7]">&gt;&gt;</a>&nbsp;&nbsp;&nbsp;__aeabi_dmul
<LI><a href="#[b1]">&gt;&gt;</a>&nbsp;&nbsp;&nbsp;__aeabi_dadd
<LI><a href="#[cf]">&gt;&gt;</a>&nbsp;&nbsp;&nbsp;__aeabi_f2d
<LI><a href="#[bc]">&gt;&gt;</a>&nbsp;&nbsp;&nbsp;__aeabi_d2f
<LI><a href="#[10a]">&gt;&gt;</a>&nbsp;&nbsp;&nbsp;__hardfp_sin
<LI><a href="#[109]">&gt;&gt;</a>&nbsp;&nbsp;&nbsp;__hardfp_cos
</UL>
<BR>[Called By]<UL><LI><a href="#[1ae]">&gt;&gt;</a>&nbsp;&nbsp;&nbsp;calculate_attitude
</UL>

<P><STRONG><a name="[10b]"></a>Euler2Quaternionrotate</STRONG> (Thumb, 710 bytes, Stack size 112 bytes, oth_dev.o(i.Euler2Quaternionrotate))
<BR><BR>[Stack]<UL><LI>Max Depth = 352<LI>Call Chain = Euler2Quaternionrotate &rArr; __hardfp_sin &rArr; __ieee754_rem_pio2 &rArr; __aeabi_drsub &rArr; __aeabi_dadd &rArr; _double_epilogue &rArr; _double_round
</UL>
<BR>[Calls]<UL><LI><a href="#[b5]">&gt;&gt;</a>&nbsp;&nbsp;&nbsp;__aeabi_dsub
<LI><a href="#[b7]">&gt;&gt;</a>&nbsp;&nbsp;&nbsp;__aeabi_dmul
<LI><a href="#[b1]">&gt;&gt;</a>&nbsp;&nbsp;&nbsp;__aeabi_dadd
<LI><a href="#[cf]">&gt;&gt;</a>&nbsp;&nbsp;&nbsp;__aeabi_f2d
<LI><a href="#[bc]">&gt;&gt;</a>&nbsp;&nbsp;&nbsp;__aeabi_d2f
<LI><a href="#[10a]">&gt;&gt;</a>&nbsp;&nbsp;&nbsp;__hardfp_sin
<LI><a href="#[109]">&gt;&gt;</a>&nbsp;&nbsp;&nbsp;__hardfp_cos
</UL>
<BR>[Called By]<UL><LI><a href="#[1ae]">&gt;&gt;</a>&nbsp;&nbsp;&nbsp;calculate_attitude
</UL>

<P><STRONG><a name="[10c]"></a>FX_Data_Handler</STRONG> (Thumb, 148 bytes, Stack size 48 bytes, sensor.o(i.FX_Data_Handler))
<BR><BR>[Stack]<UL><LI>Max Depth = 304 + Unknown Stack Size
<LI>Call Chain = FX_Data_Handler &rArr; MotionFX_manager_run &rArr; MotionFX_update &rArr; iNemo_quat2heading &rArr; atan2 &rArr; __hardfp_atan2 &rArr; atan &rArr; __hardfp_atan &rArr; __kernel_poly &rArr; __aeabi_dmul &rArr; _double_epilogue &rArr; _double_round
</UL>
<BR>[Calls]<UL><LI><a href="#[10d]">&gt;&gt;</a>&nbsp;&nbsp;&nbsp;MotionFX_manager_run
</UL>
<BR>[Called By]<UL><LI><a href="#[1ad]">&gt;&gt;</a>&nbsp;&nbsp;&nbsp;Lib_Process
</UL>

<P><STRONG><a name="[10e]"></a>Gyro_Sensor_Handler</STRONG> (Thumb, 16 bytes, Stack size 8 bytes, sensor.o(i.Gyro_Sensor_Handler))
<BR><BR>[Stack]<UL><LI>Max Depth = 32<LI>Call Chain = Gyro_Sensor_Handler &rArr; IKS01A2_MOTION_SENSOR_GetAxes
</UL>
<BR>[Calls]<UL><LI><a href="#[ec]">&gt;&gt;</a>&nbsp;&nbsp;&nbsp;IKS01A2_MOTION_SENSOR_GetAxes
</UL>
<BR>[Called By]<UL><LI><a href="#[1ad]">&gt;&gt;</a>&nbsp;&nbsp;&nbsp;Lib_Process
</UL>

<P><STRONG><a name="[10f]"></a>HAL_CRC_Init</STRONG> (Thumb, 36 bytes, Stack size 8 bytes, stm32f4xx_hal_crc.o(i.HAL_CRC_Init))
<BR><BR>[Stack]<UL><LI>Max Depth = 16<LI>Call Chain = HAL_CRC_Init &rArr; HAL_CRC_MspInit
</UL>
<BR>[Calls]<UL><LI><a href="#[110]">&gt;&gt;</a>&nbsp;&nbsp;&nbsp;HAL_CRC_MspInit
</UL>
<BR>[Called By]<UL><LI><a href="#[1b0]">&gt;&gt;</a>&nbsp;&nbsp;&nbsp;MX_CRC_Init
</UL>

<P><STRONG><a name="[110]"></a>HAL_CRC_MspInit</STRONG> (Thumb, 44 bytes, Stack size 8 bytes, crc.o(i.HAL_CRC_MspInit))
<BR><BR>[Stack]<UL><LI>Max Depth = 8<LI>Call Chain = HAL_CRC_MspInit
</UL>
<BR>[Called By]<UL><LI><a href="#[10f]">&gt;&gt;</a>&nbsp;&nbsp;&nbsp;HAL_CRC_Init
</UL>

<P><STRONG><a name="[140]"></a>HAL_DMA_Abort_IT</STRONG> (Thumb, 40 bytes, Stack size 0 bytes, stm32f4xx_hal_dma.o(i.HAL_DMA_Abort_IT))
<BR><BR>[Called By]<UL><LI><a href="#[13d]">&gt;&gt;</a>&nbsp;&nbsp;&nbsp;HAL_UART_IRQHandler
</UL>

<P><STRONG><a name="[107]"></a>HAL_DMA_IRQHandler</STRONG> (Thumb, 570 bytes, Stack size 24 bytes, stm32f4xx_hal_dma.o(i.HAL_DMA_IRQHandler))
<BR><BR>[Stack]<UL><LI>Max Depth = 24<LI>Call Chain = HAL_DMA_IRQHandler
</UL>
<BR>[Called By]<UL><LI><a href="#[88]">&gt;&gt;</a>&nbsp;&nbsp;&nbsp;DMA2_Stream6_IRQHandler
<LI><a href="#[82]">&gt;&gt;</a>&nbsp;&nbsp;&nbsp;DMA2_Stream1_IRQHandler
<LI><a href="#[68]">&gt;&gt;</a>&nbsp;&nbsp;&nbsp;DMA1_Stream6_IRQHandler
<LI><a href="#[67]">&gt;&gt;</a>&nbsp;&nbsp;&nbsp;DMA1_Stream5_IRQHandler
</UL>

<P><STRONG><a name="[111]"></a>HAL_DMA_Init</STRONG> (Thumb, 232 bytes, Stack size 24 bytes, stm32f4xx_hal_dma.o(i.HAL_DMA_Init))
<BR><BR>[Stack]<UL><LI>Max Depth = 24<LI>Call Chain = HAL_DMA_Init
</UL>
<BR>[Calls]<UL><LI><a href="#[f0]">&gt;&gt;</a>&nbsp;&nbsp;&nbsp;HAL_GetTick
<LI><a href="#[112]">&gt;&gt;</a>&nbsp;&nbsp;&nbsp;DMA_CheckFifoParam
<LI><a href="#[113]">&gt;&gt;</a>&nbsp;&nbsp;&nbsp;DMA_CalcBaseAndBitshift
</UL>
<BR>[Called By]<UL><LI><a href="#[ee]">&gt;&gt;</a>&nbsp;&nbsp;&nbsp;USART2_MspInit
<LI><a href="#[145]">&gt;&gt;</a>&nbsp;&nbsp;&nbsp;HAL_UART_MspInit
</UL>

<P><STRONG><a name="[114]"></a>HAL_DMA_Start_IT</STRONG> (Thumb, 158 bytes, Stack size 32 bytes, stm32f4xx_hal_dma.o(i.HAL_DMA_Start_IT))
<BR><BR>[Stack]<UL><LI>Max Depth = 44<LI>Call Chain = HAL_DMA_Start_IT &rArr; DMA_SetConfig
</UL>
[...]
</UL>

<P><STRONG><a name="[185]"></a>LSM303AGR_ACC_GetSensitivityNM</STRONG> (Thumb, 96 bytes, Stack size 24 bytes, lsm303agr.o(i.LSM303AGR_ACC_GetSensitivityNM))
<BR><BR>[Stack]<UL><LI>Max Depth = 72<LI>Call Chain = LSM303AGR_ACC_GetSensitivityNM &rArr; lsm303agr_xl_full_scale_get &rArr; lsm303agr_read_reg
</UL>
<BR>[Calls]<UL><LI><a href="#[183]">&gt;&gt;</a>&nbsp;&nbsp;&nbsp;lsm303agr_xl_full_scale_get
</UL>
<BR>[Called By]<UL><LI><a href="#[39]">&gt;&gt;</a>&nbsp;&nbsp;&nbsp;LSM303AGR_ACC_GetSensitivity
</UL>

<P><STRONG><a name="[18d]"></a>LSM303AGR_ACC_SetOutputDataRate_When_Disabled</STRONG> (Thumb, 120 bytes, Stack size 0 bytes, lsm303agr.o(i.LSM303AGR_ACC_SetOutputDataRate_When_Disabled))
<BR><BR>[Called By]<UL><LI><a href="#[3b]">&gt;&gt;</a>&nbsp;&nbsp;&nbsp;LSM303AGR_ACC_SetOutputDataRate
</UL>

<P><STRONG><a name="[18c]"></a>LSM303AGR_ACC_SetOutputDataRate_When_Enabled</STRONG> (Thumb, 150 bytes, Stack size 24 bytes, lsm303agr.o(i.LSM303AGR_ACC_SetOutputDataRate_When_Enabled))
<BR><BR>[Stack]<UL><LI>Max Depth = 72<LI>Call Chain = LSM303AGR_ACC_SetOutputDataRate_When_Enabled &rArr; lsm303agr_xl_data_rate_set &rArr; lsm303agr_write_reg
</UL>
<BR>[Calls]<UL><LI><a href="#[180]">&gt;&gt;</a>&nbsp;&nbsp;&nbsp;lsm303agr_xl_data_rate_set
</UL>
<BR>[Called By]<UL><LI><a href="#[3b]">&gt;&gt;</a>&nbsp;&nbsp;&nbsp;LSM303AGR_ACC_SetOutputDataRate
</UL>

<P><STRONG><a name="[9f]"></a>ReadAccRegWrap</STRONG> (Thumb, 56 bytes, Stack size 24 bytes, lsm303agr.o(i.ReadAccRegWrap))
<BR><BR>[Stack]<UL><LI>Max Depth = 24<LI>Call Chain = ReadAccRegWrap
</UL>
<BR>[Address Reference Count : 1]<UL><LI> lsm303agr.o(i.LSM303AGR_ACC_RegisterBusIO)
</UL>
<P><STRONG><a name="[a1]"></a>ReadMagRegWrap</STRONG> (Thumb, 56 bytes, Stack size 24 bytes, lsm303agr.o(i.ReadMagRegWrap))
<BR><BR>[Stack]<UL><LI>Max Depth = 24<LI>Call Chain = ReadMagRegWrap
</UL>
<BR>[Address Reference Count : 1]<UL><LI> lsm303agr.o(i.LSM303AGR_MAG_RegisterBusIO)
</UL>
<P><STRONG><a name="[a0]"></a>WriteAccRegWrap</STRONG> (Thumb, 56 bytes, Stack size 24 bytes, lsm303agr.o(i.WriteAccRegWrap))
<BR><BR>[Stack]<UL><LI>Max Depth = 24<LI>Call Chain = WriteAccRegWrap
</UL>
<BR>[Address Reference Count : 1]<UL><LI> lsm303agr.o(i.LSM303AGR_ACC_RegisterBusIO)
</UL>
<P><STRONG><a name="[a2]"></a>WriteMagRegWrap</STRONG> (Thumb, 56 bytes, Stack size 24 bytes, lsm303agr.o(i.WriteMagRegWrap))
<BR><BR>[Stack]<UL><LI>Max Depth = 24<LI>Call Chain = WriteMagRegWrap
</UL>
<BR>[Address Reference Count : 1]<UL><LI> lsm303agr.o(i.LSM303AGR_MAG_RegisterBusIO)
</UL>
<P><STRONG><a name="[16a]"></a>LSM303AGR_ACC_0_Probe</STRONG> (Thumb, 208 bytes, Stack size 72 bytes, iks01a2_motion_sensors.o(i.LSM303AGR_ACC_0_Probe))
<BR><BR>[Stack]<UL><LI>Max Depth = 144<LI>Call Chain = LSM303AGR_ACC_0_Probe &rArr; LSM303AGR_ACC_RegisterBusIO &rArr; LSM303AGR_ACC_Write_Reg &rArr; lsm303agr_write_reg
</UL>
<BR>[Calls]<UL><LI><a href="#[17e]">&gt;&gt;</a>&nbsp;&nbsp;&nbsp;LSM303AGR_ACC_RegisterBusIO
<LI><a href="#[35]">&gt;&gt;</a>&nbsp;&nbsp;&nbsp;LSM303AGR_ACC_ReadID
<LI><a href="#[36]">&gt;&gt;</a>&nbsp;&nbsp;&nbsp;LSM303AGR_ACC_GetCapabilities
</UL>
<BR>[Called By]<UL><LI><a href="#[168]">&gt;&gt;</a>&nbsp;&nbsp;&nbsp;IKS01A2_MOTION_SENSOR_Init
</UL>

<P><STRONG><a name="[16b]"></a>LSM303AGR_MAG_0_Probe</STRONG> (Thumb, 208 bytes, Stack size 72 bytes, iks01a2_motion_sensors.o(i.LSM303AGR_MAG_0_Probe))
<BR><BR>[Stack]<UL><LI>Max Depth = 136<LI>Call Chain = LSM303AGR_MAG_0_Probe &rArr; LSM303AGR_MAG_RegisterBusIO &rArr; lsm303agr_mag_i2c_interface_set &rArr; lsm303agr_write_reg
</UL>
<BR>[Calls]<UL><LI><a href="#[18f]">&gt;&gt;</a>&nbsp;&nbsp;&nbsp;LSM303AGR_MAG_RegisterBusIO
<LI><a href="#[42]">&gt;&gt;</a>&nbsp;&nbsp;&nbsp;LSM303AGR_MAG_ReadID
<LI><a href="#[43]">&gt;&gt;</a>&nbsp;&nbsp;&nbsp;LSM303AGR_MAG_GetCapabilities
</UL>
<BR>[Called By]<UL><LI><a href="#[168]">&gt;&gt;</a>&nbsp;&nbsp;&nbsp;IKS01A2_MOTION_SENSOR_Init
</UL>

<P><STRONG><a name="[169]"></a>LSM6DSL_0_Probe</STRONG> (Thumb, 246 bytes, Stack size 72 bytes, iks01a2_motion_sensors.o(i.LSM6DSL_0_Probe))
<BR><BR>[Stack]<UL><LI>Max Depth = 144<LI>Call Chain = LSM6DSL_0_Probe &rArr; LSM6DSL_RegisterBusIO &rArr; LSM6DSL_Write_Reg &rArr; lsm6dsl_write_reg
</UL>
<BR>[Calls]<UL><LI><a href="#[198]">&gt;&gt;</a>&nbsp;&nbsp;&nbsp;LSM6DSL_RegisterBusIO
<LI><a href="#[1f]">&gt;&gt;</a>&nbsp;&nbsp;&nbsp;LSM6DSL_ReadID
<LI><a href="#[20]">&gt;&gt;</a>&nbsp;&nbsp;&nbsp;LSM6DSL_GetCapabilities
</UL>
<BR>[Called By]<UL><LI><a href="#[168]">&gt;&gt;</a>&nbsp;&nbsp;&nbsp;IKS01A2_MOTION_SENSOR_Init
</UL>

<P><STRONG><a name="[14e]"></a>HTS221_0_Probe</STRONG> (Thumb, 246 bytes, Stack size 64 bytes, iks01a2_env_sensors.o(i.HTS221_0_Probe))
<BR><BR>[Stack]<UL><LI>Max Depth = 120<LI>Call Chain = HTS221_0_Probe &rArr; HTS221_ReadID &rArr; hts221_device_id_get &rArr; hts221_read_reg
</UL>
<BR>[Calls]<UL><LI><a href="#[14f]">&gt;&gt;</a>&nbsp;&nbsp;&nbsp;HTS221_RegisterBusIO
<LI><a href="#[3]">&gt;&gt;</a>&nbsp;&nbsp;&nbsp;HTS221_ReadID
<LI><a href="#[4]">&gt;&gt;</a>&nbsp;&nbsp;&nbsp;HTS221_GetCapabilities
</UL>
<BR>[Called By]<UL><LI><a href="#[166]">&gt;&gt;</a>&nbsp;&nbsp;&nbsp;IKS01A2_ENV_SENSOR_Init
</UL>

<P><STRONG><a name="[167]"></a>LPS22HB_0_Probe</STRONG> (Thumb, 246 bytes, Stack size 64 bytes, iks01a2_env_sensors.o(i.LPS22HB_0_Probe))
<BR><BR>[Stack]<UL><LI>Max Depth = 136<LI>Call Chain = LPS22HB_0_Probe &rArr; LPS22HB_RegisterBusIO &rArr; LPS22HB_Write_Reg &rArr; lps22hb_write_reg
</UL>
<BR>[Calls]<UL><LI><a href="#[16c]">&gt;&gt;</a>&nbsp;&nbsp;&nbsp;LPS22HB_RegisterBusIO
<LI><a href="#[11]">&gt;&gt;</a>&nbsp;&nbsp;&nbsp;LPS22HB_ReadID
<LI><a href="#[12]">&gt;&gt;</a>&nbsp;&nbsp;&nbsp;LPS22HB_GetCapabilities
</UL>
<BR>[Called By]<UL><LI><a href="#[166]">&gt;&gt;</a>&nbsp;&nbsp;&nbsp;IKS01A2_ENV_SENSOR_Init
</UL>

<P><STRONG><a name="[e3]"></a>m_mldivide</STRONG> (Thumb, 892 bytes, Stack size unknown bytes, motion_fx.o(.text.m_mldivide))
<BR><BR>[Called By]<UL><LI><a href="#[dd]">&gt;&gt;</a>&nbsp;&nbsp;&nbsp;m_kalman_3gyro.isra.6.constprop.36
</UL>

<P><STRONG><a name="[d2]"></a>m_qmult_eml</STRONG> (Thumb, 126 bytes, Stack size unknown bytes, motion_fx.o(.text.m_qmult_eml))
<BR><BR>[Called By]<UL><LI><a href="#[ce]">&gt;&gt;</a>&nbsp;&nbsp;&nbsp;MotionFX_propagate
<LI><a href="#[dd]">&gt;&gt;</a>&nbsp;&nbsp;&nbsp;m_kalman_3gyro.isra.6.constprop.36
<LI><a href="#[d4]">&gt;&gt;</a>&nbsp;&nbsp;&nbsp;SpacePointGyroProp
</UL>

<P><STRONG><a name="[de]"></a>m_q2dcm_eml</STRONG> (Thumb, 212 bytes, Stack size unknown bytes, motion_fx.o(.text.m_q2dcm_eml))
<BR><BR>[Stack]<UL><LI>Max Depth = 8 + Unknown Stack Size
<LI>Call Chain = m_q2dcm_eml &rArr; memset
</UL>
<BR>[Calls]<UL><LI><a href="#[b0]">&gt;&gt;</a>&nbsp;&nbsp;&nbsp;memset
</UL>
<BR>[Called By]<UL><LI><a href="#[db]">&gt;&gt;</a>&nbsp;&nbsp;&nbsp;SpacePointAlgorithm.isra.7
<LI><a href="#[dd]">&gt;&gt;</a>&nbsp;&nbsp;&nbsp;m_kalman_3gyro.isra.6.constprop.36
</UL>

<P><STRONG><a name="[c6]"></a>MEMS_EmptyDataFrame</STRONG> (Thumb, 8 bytes, Stack size unknown bytes, motion_fx.o(.text.MEMS_EmptyDataFrame))
<BR><BR>[Called By]<UL><LI><a href="#[c9]">&gt;&gt;</a>&nbsp;&nbsp;&nbsp;MotionFX_MagCal_init
<LI><a href="#[c5]">&gt;&gt;</a>&nbsp;&nbsp;&nbsp;MEMS_DataBuffInit
</UL>

<P><STRONG><a name="[c5]"></a>MEMS_DataBuffInit</STRONG> (Thumb, 24 bytes, Stack size unknown bytes, motion_fx.o(.text.MEMS_DataBuffInit))
<BR><BR>[Calls]<UL><LI><a href="#[c6]">&gt;&gt;</a>&nbsp;&nbsp;&nbsp;MEMS_EmptyDataFrame
</UL>
<BR>[Called By]<UL><LI><a href="#[c9]">&gt;&gt;</a>&nbsp;&nbsp;&nbsp;MotionFX_MagCal_init
</UL>

<P><STRONG><a name="[e2]"></a>m_dcm2q_eml</STRONG> (Thumb, 432 bytes, Stack size unknown bytes, motion_fx.o(.text.m_dcm2q_eml))
<BR><BR>[Stack]<UL><LI>Max Depth = 72 + Unknown Stack Size
<LI>Call Chain = m_dcm2q_eml &rArr; sqrt &rArr; _dsqrt &rArr; _double_round
</UL>
<BR>[Calls]<UL><LI><a href="#[cf]">&gt;&gt;</a>&nbsp;&nbsp;&nbsp;__aeabi_f2d
<LI><a href="#[bc]">&gt;&gt;</a>&nbsp;&nbsp;&nbsp;__aeabi_d2f
<LI><a href="#[d0]">&gt;&gt;</a>&nbsp;&nbsp;&nbsp;sqrt
</UL>
<BR>[Called By]<UL><LI><a href="#[dd]">&gt;&gt;</a>&nbsp;&nbsp;&nbsp;m_kalman_3gyro.isra.6.constprop.36
</UL>

<P><STRONG><a name="[d4]"></a>SpacePointGyroProp</STRONG> (Thumb, 272 bytes, Stack size unknown bytes, motion_fx.o(.text.SpacePointGyroProp))
<BR><BR>[Stack]<UL><LI>Max Depth = 72 + Unknown Stack Size
<LI>Call Chain = SpacePointGyroProp &rArr; sqrt &rArr; _dsqrt &rArr; _double_round
</UL>
<BR>[Calls]<UL><LI><a href="#[cf]">&gt;&gt;</a>&nbsp;&nbsp;&nbsp;__aeabi_f2d
<LI><a href="#[bc]">&gt;&gt;</a>&nbsp;&nbsp;&nbsp;__aeabi_d2f
<LI><a href="#[d0]">&gt;&gt;</a>&nbsp;&nbsp;&nbsp;sqrt
<LI><a href="#[d2]">&gt;&gt;</a>&nbsp;&nbsp;&nbsp;m_qmult_eml
</UL>
<BR>[Called By]<UL><LI><a href="#[ce]">&gt;&gt;</a>&nbsp;&nbsp;&nbsp;MotionFX_propagate
</UL>

<P><STRONG><a name="[d9]"></a>quatErr2EulerErr</STRONG> (Thumb, 504 bytes, Stack size unknown bytes, motion_fx.o(.text.quatErr2EulerErr))
<BR><BR>[Stack]<UL><LI>Max Depth = 44 + Unknown Stack Size
<LI>Call Chain = quatErr2EulerErr &rArr; tanf &rArr; __hardfp_tanf &rArr; __mathlib_rredf2
</UL>
<BR>[Calls]<UL><LI><a href="#[cf]">&gt;&gt;</a>&nbsp;&nbsp;&nbsp;__aeabi_f2d
<LI><a href="#[bc]">&gt;&gt;</a>&nbsp;&nbsp;&nbsp;__aeabi_d2f
<LI><a href="#[ea]">&gt;&gt;</a>&nbsp;&nbsp;&nbsp;tanf
<LI><a href="#[e9]">&gt;&gt;</a>&nbsp;&nbsp;&nbsp;sinf
<LI><a href="#[e8]">&gt;&gt;</a>&nbsp;&nbsp;&nbsp;cosf
<LI><a href="#[e6]">&gt;&gt;</a>&nbsp;&nbsp;&nbsp;__aeabi_dcmpge
<LI><a href="#[e4]">&gt;&gt;</a>&nbsp;&nbsp;&nbsp;__aeabi_dcmple
</UL>
<BR>[Called By]<UL><LI><a href="#[d6]">&gt;&gt;</a>&nbsp;&nbsp;&nbsp;MotionFX_update
</UL>

<P><STRONG><a name="[cb]"></a>rt_InitInfAndNaN.isra.3</STRONG> (Thumb, 32 bytes, Stack size unknown bytes, motion_fx.o(.text.rt_InitInfAndNaN.isra.3))
<BR><BR>[Called By]<UL><LI><a href="#[ca]">&gt;&gt;</a>&nbsp;&nbsp;&nbsp;MotionFX_initialize
</UL>

<P><STRONG><a name="[c2]"></a>MEMSloadFromNVM.isra.10</STRONG> (Thumb, 4 bytes, Stack size unknown bytes, motion_fx.o(.text.MEMSloadFromNVM.isra.10))
<BR><BR>[Calls]<UL><LI><a href="#[c7]">&gt;&gt;</a>&nbsp;&nbsp;&nbsp;MotionFX_LoadMagCalFromNVM
</UL>
<BR>[Called By]<UL><LI><a href="#[c1]">&gt;&gt;</a>&nbsp;&nbsp;&nbsp;MEMSLoadMagCalNVM
</UL>

<P><STRONG><a name="[c1]"></a>MEMSLoadMagCalNVM</STRONG> (Thumb, 128 bytes, Stack size unknown bytes, motion_fx.o(.text.MEMSLoadMagCalNVM))
<BR><BR>[Calls]<UL><LI><a href="#[c2]">&gt;&gt;</a>&nbsp;&nbsp;&nbsp;MEMSloadFromNVM.isra.10
</UL>
<BR>[Called By]<UL><LI><a href="#[c9]">&gt;&gt;</a>&nbsp;&nbsp;&nbsp;MotionFX_MagCal_init
</UL>

<P><STRONG><a name="[c4]"></a>MEMSsaveInNVM.isra.11</STRONG> (Thumb, 4 bytes, Stack size unknown bytes, motion_fx.o(.text.MEMSsaveInNVM.isra.11))
<BR><BR>[Calls]<UL><LI><a href="#[c8]">&gt;&gt;</a>&nbsp;&nbsp;&nbsp;MotionFX_SaveMagCalInNVM
</UL>
<BR>[Called By]<UL><LI><a href="#[c3]">&gt;&gt;</a>&nbsp;&nbsp;&nbsp;MEMSSaveMagCalNVM
</UL>

<P><STRONG><a name="[c3]"></a>MEMSSaveMagCalNVM</STRONG> (Thumb, 82 bytes, Stack size unknown bytes, motion_fx.o(.text.MEMSSaveMagCalNVM))
<BR><BR>[Calls]<UL><LI><a href="#[c4]">&gt;&gt;</a>&nbsp;&nbsp;&nbsp;MEMSsaveInNVM.isra.11
</UL>
<BR>[Called By]<UL><LI><a href="#[c9]">&gt;&gt;</a>&nbsp;&nbsp;&nbsp;MotionFX_MagCal_init
</UL>

<P><STRONG><a name="[cc]"></a>iNemo_setOrientation.constprop.40</STRONG> (Thumb, 944 bytes, Stack size unknown bytes, motion_fx.o(.text.iNemo_setOrientation.constprop.40))
<BR><BR>[Called By]<UL><LI><a href="#[d5]">&gt;&gt;</a>&nbsp;&nbsp;&nbsp;MotionFX_setKnobs
<LI><a href="#[ca]">&gt;&gt;</a>&nbsp;&nbsp;&nbsp;MotionFX_initialize
</UL>

<P><STRONG><a name="[cd]"></a>iNemo_setOrientation_6X.constprop.41</STRONG> (Thumb, 944 bytes, Stack size unknown bytes, motion_fx.o(.text.iNemo_setOrientation_6X.constprop.41))
<BR><BR>[Called By]<UL><LI><a href="#[d5]">&gt;&gt;</a>&nbsp;&nbsp;&nbsp;MotionFX_setKnobs
<LI><a href="#[ca]">&gt;&gt;</a>&nbsp;&nbsp;&nbsp;MotionFX_initialize
</UL>

<P><STRONG><a name="[da]"></a>iNemo_quat2heading</STRONG> (Thumb, 1312 bytes, Stack size unknown bytes, motion_fx.o(.text.iNemo_quat2heading))
<BR><BR>[Stack]<UL><LI>Max Depth = 224 + Unknown Stack Size
<LI>Call Chain = iNemo_quat2heading &rArr; atan2 &rArr; __hardfp_atan2 &rArr; atan &rArr; __hardfp_atan &rArr; __kernel_poly &rArr; __aeabi_dmul &rArr; _double_epilogue &rArr; _double_round
</UL>
<BR>[Calls]<UL><LI><a href="#[b5]">&gt;&gt;</a>&nbsp;&nbsp;&nbsp;__aeabi_dsub
<LI><a href="#[b7]">&gt;&gt;</a>&nbsp;&nbsp;&nbsp;__aeabi_dmul
<LI><a href="#[b1]">&gt;&gt;</a>&nbsp;&nbsp;&nbsp;__aeabi_dadd
<LI><a href="#[cf]">&gt;&gt;</a>&nbsp;&nbsp;&nbsp;__aeabi_f2d
<LI><a href="#[bc]">&gt;&gt;</a>&nbsp;&nbsp;&nbsp;__aeabi_d2f
<LI><a href="#[e0]">&gt;&gt;</a>&nbsp;&nbsp;&nbsp;atan2
<LI><a href="#[d1]">&gt;&gt;</a>&nbsp;&nbsp;&nbsp;__aeabi_dcmplt
<LI><a href="#[df]">&gt;&gt;</a>&nbsp;&nbsp;&nbsp;__aeabi_dcmpgt
</UL>
<BR>[Called By]<UL><LI><a href="#[d6]">&gt;&gt;</a>&nbsp;&nbsp;&nbsp;MotionFX_update
</UL>

<P><STRONG><a name="[d3]"></a>output_update</STRONG> (Thumb, 1254 bytes, Stack size unknown bytes, motion_fx.o(.text.output_update))
<BR><BR>[Stack]<UL><LI>Max Depth = 224 + Unknown Stack Size
<LI>Call Chain = output_update &rArr; atan2 &rArr; __hardfp_atan2 &rArr; atan &rArr; __hardfp_atan &rArr; __kernel_poly &rArr; __aeabi_dmul &rArr; _double_epilogue &rArr; _double_round
</UL>
<BR>[Calls]<UL><LI><a href="#[cf]">&gt;&gt;</a>&nbsp;&nbsp;&nbsp;__aeabi_f2d
<LI><a href="#[bc]">&gt;&gt;</a>&nbsp;&nbsp;&nbsp;__aeabi_d2f
<LI><a href="#[e0]">&gt;&gt;</a>&nbsp;&nbsp;&nbsp;atan2
<LI><a href="#[e7]">&gt;&gt;</a>&nbsp;&nbsp;&nbsp;asin
</UL>
<BR>[Called By]<UL><LI><a href="#[ce]">&gt;&gt;</a>&nbsp;&nbsp;&nbsp;MotionFX_propagate
</UL>

<P><STRONG><a name="[dd]"></a>m_kalman_3gyro.isra.6.constprop.36</STRONG> (Thumb, 16252 bytes, Stack size unknown bytes, motion_fx.o(.text.m_kalman_3gyro.isra.6.constprop.36))
<BR><BR>[Stack]<UL><LI>Max Depth = 136 + Unknown Stack Size
<LI>Call Chain = m_kalman_3gyro.isra.6.constprop.36 &rArr; floor &rArr; __hardfp_floor &rArr; __aeabi_drsub &rArr; __aeabi_dadd &rArr; _double_epilogue &rArr; _double_round
</UL>
<BR>[Calls]<UL><LI><a href="#[b5]">&gt;&gt;</a>&nbsp;&nbsp;&nbsp;__aeabi_dsub
<LI><a href="#[b7]">&gt;&gt;</a>&nbsp;&nbsp;&nbsp;__aeabi_dmul
<LI><a href="#[b8]">&gt;&gt;</a>&nbsp;&nbsp;&nbsp;__aeabi_ddiv
<LI><a href="#[b1]">&gt;&gt;</a>&nbsp;&nbsp;&nbsp;__aeabi_dadd
<LI><a href="#[cf]">&gt;&gt;</a>&nbsp;&nbsp;&nbsp;__aeabi_f2d
<LI><a href="#[bc]">&gt;&gt;</a>&nbsp;&nbsp;&nbsp;__aeabi_d2f
<LI><a href="#[bb]">&gt;&gt;</a>&nbsp;&nbsp;&nbsp;__aeabi_d2iz
<LI><a href="#[d0]">&gt;&gt;</a>&nbsp;&nbsp;&nbsp;sqrt
<LI><a href="#[e5]">&gt;&gt;</a>&nbsp;&nbsp;&nbsp;floor
<LI><a href="#[dc]">&gt;&gt;</a>&nbsp;&nbsp;&nbsp;__aeabi_dcmpeq
<LI><a href="#[d1]">&gt;&gt;</a>&nbsp;&nbsp;&nbsp;__aeabi_dcmplt
<LI><a href="#[df]">&gt;&gt;</a>&nbsp;&nbsp;&nbsp;__aeabi_dcmpgt
<LI><a href="#[e6]">&gt;&gt;</a>&nbsp;&nbsp;&nbsp;__aeabi_dcmpge
<LI><a href="#[e4]">&gt;&gt;</a>&nbsp;&nbsp;&nbsp;__aeabi_dcmple
<LI><a href="#[e2]">&gt;&gt;</a>&nbsp;&nbsp;&nbsp;m_dcm2q_eml
<LI><a href="#[de]">&gt;&gt;</a>&nbsp;&nbsp;&nbsp;m_q2dcm_eml
<LI><a href="#[d2]">&gt;&gt;</a>&nbsp;&nbsp;&nbsp;m_qmult_eml
<LI><a href="#[e3]">&gt;&gt;</a>&nbsp;&nbsp;&nbsp;m_mldivide
<LI><a href="#[b0]">&gt;&gt;</a>&nbsp;&nbsp;&nbsp;memset
<LI><a href="#[e1]">&gt;&gt;</a>&nbsp;&nbsp;&nbsp;memcpy
</UL>
<BR>[Called By]<UL><LI><a href="#[db]">&gt;&gt;</a>&nbsp;&nbsp;&nbsp;SpacePointAlgorithm.isra.7
</UL>

<P><STRONG><a name="[db]"></a>SpacePointAlgorithm.isra.7</STRONG> (Thumb, 1000 bytes, Stack size unknown bytes, motion_fx.o(.text.SpacePointAlgorithm.isra.7))
<BR><BR>[Stack]<UL><LI>Max Depth = 136 + Unknown Stack Size
<LI>Call Chain = SpacePointAlgorithm.isra.7 &rArr; m_kalman_3gyro.isra.6.constprop.36 &rArr; floor &rArr; __hardfp_floor &rArr; __aeabi_drsub &rArr; __aeabi_dadd &rArr; _double_epilogue &rArr; _double_round
</UL>
<BR>[Calls]<UL><LI><a href="#[cf]">&gt;&gt;</a>&nbsp;&nbsp;&nbsp;__aeabi_f2d
<LI><a href="#[bc]">&gt;&gt;</a>&nbsp;&nbsp;&nbsp;__aeabi_d2f
<LI><a href="#[d0]">&gt;&gt;</a>&nbsp;&nbsp;&nbsp;sqrt
<LI><a href="#[dc]">&gt;&gt;</a>&nbsp;&nbsp;&nbsp;__aeabi_dcmpeq
<LI><a href="#[dd]">&gt;&gt;</a>&nbsp;&nbsp;&nbsp;m_kalman_3gyro.isra.6.constprop.36
<LI><a href="#[de]">&gt;&gt;</a>&nbsp;&nbsp;&nbsp;m_q2dcm_eml
</UL>
<BR>[Called By]<UL><LI><a href="#[d8]">&gt;&gt;</a>&nbsp;&nbsp;&nbsp;iNemo_update.constprop.35
<LI><a href="#[d7]">&gt;&gt;</a>&nbsp;&nbsp;&nbsp;iNemo_update_6X.constprop.34
</UL>

<P><STRONG><a name="[d7]"></a>iNemo_update_6X.constprop.34</STRONG> (Thumb, 1020 bytes, Stack size unknown bytes, motion_fx.o(.text.iNemo_update_6X.constprop.34))
<BR><BR>[Stack]<UL><LI>Max Depth = 136 + Unknown Stack Size
<LI>Call Chain = iNemo_update_6X.constprop.34 &rArr; SpacePointAlgorithm.isra.7 &rArr; m_kalman_3gyro.isra.6.constprop.36 &rArr; floor &rArr; __hardfp_floor &rArr; __aeabi_drsub &rArr; __aeabi_dadd &rArr; _double_epilogue &rArr; _double_round
</UL>
<BR>[Calls]<UL><LI><a href="#[cf]">&gt;&gt;</a>&nbsp;&nbsp;&nbsp;__aeabi_f2d
<LI><a href="#[bc]">&gt;&gt;</a>&nbsp;&nbsp;&nbsp;__aeabi_d2f
<LI><a href="#[d0]">&gt;&gt;</a>&nbsp;&nbsp;&nbsp;sqrt
<LI><a href="#[ba]">&gt;&gt;</a>&nbsp;&nbsp;&nbsp;__aeabi_ui2d
<LI><a href="#[db]">&gt;&gt;</a>&nbsp;&nbsp;&nbsp;SpacePointAlgorithm.isra.7
<LI><a href="#[e1]">&gt;&gt;</a>&nbsp;&nbsp;&nbsp;memcpy
</UL>
<BR>[Called By]<UL><LI><a href="#[d6]">&gt;&gt;</a>&nbsp;&nbsp;&nbsp;MotionFX_update
</UL>

<P><STRONG><a name="[d8]"></a>iNemo_update.constprop.35</STRONG> (Thumb, 1312 bytes, Stack size unknown bytes, motion_fx.o(.text.iNemo_update.constprop.35))
<BR><BR>[Stack]<UL><LI>Max Depth = 136 + Unknown Stack Size
<LI>Call Chain = iNemo_update.constprop.35 &rArr; SpacePointAlgorithm.isra.7 &rArr; m_kalman_3gyro.isra.6.constprop.36 &rArr; floor &rArr; __hardfp_floor &rArr; __aeabi_drsub &rArr; __aeabi_dadd &rArr; _double_epilogue &rArr; _double_round
</UL>
<BR>[Calls]<UL><LI><a href="#[cf]">&gt;&gt;</a>&nbsp;&nbsp;&nbsp;__aeabi_f2d
<LI><a href="#[bc]">&gt;&gt;</a>&nbsp;&nbsp;&nbsp;__aeabi_d2f
<LI><a href="#[d0]">&gt;&gt;</a>&nbsp;&nbsp;&nbsp;sqrt
<LI><a href="#[ba]">&gt;&gt;</a>&nbsp;&nbsp;&nbsp;__aeabi_ui2d
<LI><a href="#[db]">&gt;&gt;</a>&nbsp;&nbsp;&nbsp;SpacePointAlgorithm.isra.7
<LI><a href="#[e1]">&gt;&gt;</a>&nbsp;&nbsp;&nbsp;memcpy
</UL>
<BR>[Called By]<UL><LI><a href="#[d6]">&gt;&gt;</a>&nbsp;&nbsp;&nbsp;MotionFX_update
</UL>

<P><STRONG><a name="[1d5]"></a>_printf_core</STRONG> (Thumb, 996 bytes, Stack size 104 bytes, printf8.o(i._printf_core), UNUSED)
<BR><BR>[Calls]<UL><LI><a href="#[1f4]">&gt;&gt;</a>&nbsp;&nbsp;&nbsp;_printf_pre_padding
<LI><a href="#[1f5]">&gt;&gt;</a>&nbsp;&nbsp;&nbsp;_printf_post_padding
<LI><a href="#[ab]">&gt;&gt;</a>&nbsp;&nbsp;&nbsp;__aeabi_uldivmod
</UL>
<BR>[Called By]<UL><LI><a href="#[1d7]">&gt;&gt;</a>&nbsp;&nbsp;&nbsp;__0sprintf$8
<LI><a href="#[1d6]">&gt;&gt;</a>&nbsp;&nbsp;&nbsp;__0snprintf$8
<LI><a href="#[1d4]">&gt;&gt;</a>&nbsp;&nbsp;&nbsp;__0printf$8
</UL>

<P><STRONG><a name="[1f5]"></a>_printf_post_padding</STRONG> (Thumb, 36 bytes, Stack size 24 bytes, printf8.o(i._printf_post_padding), UNUSED)
<BR><BR>[Called By]<UL><LI><a href="#[1d5]">&gt;&gt;</a>&nbsp;&nbsp;&nbsp;_printf_core
</UL>

<P><STRONG><a name="[1f4]"></a>_printf_pre_padding</STRONG> (Thumb, 46 bytes, Stack size 24 bytes, printf8.o(i._printf_pre_padding), UNUSED)
<BR><BR>[Called By]<UL><LI><a href="#[1d5]">&gt;&gt;</a>&nbsp;&nbsp;&nbsp;_printf_core
</UL>

<P><STRONG><a name="[a6]"></a>_snputc</STRONG> (Thumb, 22 bytes, Stack size 0 bytes, printf8.o(i._snputc))
<BR>[Address Reference Count : 1]<UL><LI> printf8.o(i.__0snprintf$8)
</UL>
<P><STRONG><a name="[a7]"></a>_sputc</STRONG> (Thumb, 10 bytes, Stack size 0 bytes, printf8.o(i._sputc))
<BR><BR>[Called By]<UL><LI><a href="#[1d7]">&gt;&gt;</a>&nbsp;&nbsp;&nbsp;__0sprintf$8
</UL>
<BR>[Address Reference Count : 1]<UL><LI> printf8.o(i.__0sprintf$8)
</UL><P>
<H3>
Undefined Global Symbols
</H3><HR></body></html>
